09-25 10:26:40.304  9964  9964 I EuiccGoogle: [2] PhenotypeUpdatedReceiver.setPsimConversionSupportedCarriers: setPsimConversionSupportedCarriers:[1, 3, 16, 576, 1404, 2020, 2021, 2122, 850, 27, 32, 1413, 959, 1187, 1480, 1670, 1690, 2119, 2018, 2536, 1581, 2110, 14, 1344, 580, 1403, 1962, 1895, 2, 2102, 2419]
09-25 10:26:40.305  3142  3413 D EuiccConnector: handleMessage: E msg.what=4
09-25 10:26:40.305  3142  3413 D EuiccConnector: processMsg: DisconnectedState
09-25 10:26:40.305  3142  3413 D EuiccConnector: transitionTo: destState=ConnectedState
09-25 10:26:40.306  3142  3413 D EuiccConnector: handleMessage: new destination call exit/enter
09-25 10:26:40.306  3142  3413 D EuiccConnector: setupTempStateStackWithStatesToEnter: X mTempStateStackCount=1,curStateInfo: state=DisconnectedState,active=true,parent=null
09-25 10:26:40.300  1857  1857 W binder:1857_10: type=1400 audit(0.0:11744): avc:  denied  { getopt } for  scontext=u:r:system_server:s0 tcontext=u:r:shell:s0 tclass=unix_stream_socket permissive=0
09-25 10:26:40.300  1857  1857 W binder:1857_10: type=1400 audit(0.0:11745): avc:  denied  { getopt } for  scontext=u:r:system_server:s0 tcontext=u:r:shell:s0 tclass=unix_stream_socket permissive=0
09-25 10:26:40.300  1857  1857 W binder:1857_10: type=1400 audit(0.0:11746): avc:  denied  { getopt } for  scontext=u:r:system_server:s0 tcontext=u:r:shell:s0 tclass=unix_stream_socket permissive=0
09-25 10:26:40.306  3142  3413 D EuiccConnector: moveTempStackToStateStack: i=0,j=1
09-25 10:26:40.306  3142  3413 D EuiccConnector: moveTempStackToStateStack: X mStateStackTop=1,startingIndex=1,Top=ConnectedState
09-25 10:26:40.306  3142  3413 D EuiccConnector: invokeEnterMethods: ConnectedState
09-25 10:26:40.306  3142  3413 D EuiccConnector: moveDeferredMessageAtFrontOfQueue; what=103
09-25 10:26:40.306  3142  3413 D EuiccConnector: handleMessage: X
09-25 10:26:40.306  3142  3413 D EuiccConnector: handleMessage: E msg.what=103
09-25 10:26:40.306  3142  3413 D EuiccConnector: processMsg: ConnectedState
09-25 10:26:40.308  3142  3413 D EuiccConnector: handleMessage: X
09-25 10:26:40.312  9964 29206 I EuiccGoogle: [365] EuiccServiceImpl.onGetEuiccProfileInfoList: onGetEuiccProfileInfoList: slotId = 0
09-25 10:26:40.320 20361 20361 I abb     : StartCommandInProcess(7061636b61676500696e7374616c6c00 package.install. [truncated])
09-25 10:26:40.324  9964 29206 I EuiccGoogle: [365] EuiccServiceImpl.onGetEuiccProfileInfoList: slotId = 0, isRemovable = false
09-25 10:26:40.324  9964 29206 I EuiccGoogle: [365] EuiccServiceImpl.onGetEuiccProfileInfoList: onGetEuiccProfileInfoList: isRemovable = false.
09-25 10:26:40.324  9964 29206 I EuiccGoogle: [365] EuiccServiceImpl.onGetEuiccProfileInfoList: getSimCardState for slotId: 0
09-25 10:26:40.330  9964 29206 I EuiccGoogle: [365] EuiccServiceImpl.onGetEuiccProfileInfoList: GetEuiccProfileInfoListResult: simCardState :11and simCardStateAtTelephony:11 for slot:0
09-25 10:26:40.331  9964 29206 I EuiccGoogle: [365] EuiccServiceImpl.getProfileInfoList: getProfileInfoList: slotId = 0, includeTestProfiles = false
09-25 10:26:40.331  9964 29206 I EuiccGoogle: [365] EuiccServiceImpl.getProfileInfoList: getProfileInfoList: slotId = 0, includeTestProfiles = false.
09-25 10:26:40.331  9964 29206 I EuiccGoogle: [365] EuiccServiceImpl.getEidFromSlotId: getEidFromSlotId: slotId = 0.
09-25 10:26:40.331  9964 29206 I EuiccGoogle: [365] NetworkFetcher.getEidForSlot: getEidForSlot: 0
09-25 10:26:40.337  9964 29206 I EuiccGoogle: [365] BlockingEuiccCardManager.requestAllProfiles: requestAllProfiles: cardId = [7jNj1yohwgSmFs9aHM1RfHB0H_w]
09-25 10:26:40.487  9964 29206 I EuiccGoogle: [365] EuiccServiceImpl.onGetEuiccProfileInfoList: onGetEuiccProfileInfoList: Profile nickname = Skylo.
09-25 10:26:40.488  9964 29206 I EuiccGoogle: [365] EuiccServiceImpl.onGetEuiccProfileInfoList: onGetEuiccProfileInfoList: Profile info = EuiccProfileInfo (nickname=Skylo, serviceProviderName=Skylo, profileName=Skylo, profileClass=2, state=0, CarrierIdentifier=null, policyRules=0, accessRules=null, iccid=899019803[****]).
09-25 10:26:40.488  9964 29206 I EuiccGoogle: [365] EuiccServiceImpl.onGetEuiccProfileInfoList: onGetEuiccProfileInfoList: Profile nickname = Vodafone UA.
09-25 10:26:40.488  9964 29206 I EuiccGoogle: [365] EuiccServiceImpl.onGetEuiccProfileInfoList: onGetEuiccProfileInfoList: Profile info = EuiccProfileInfo (nickname=Vodafone UA, serviceProviderName=Vodafone UA, profileName=Vodafone UA, profileClass=2, state=1, CarrierIdentifier=CarrierIdentifier{mcc=255,mnc=01,spn=null,imsi=null,gid1=null,gid2=null,carrierid=-1,specificCarrierId=-1}, policyRules=0, accessRules=[cert: A84AC4566885F93A22B224C0112A43CD321E229C pkg: null access: 1, cert: 99F4A7896774FF57B41B24C6CD2892D4C5D01FD9 pkg: null access: 1], iccid=893800111[****]).
09-25 10:26:40.502  3142  3413 D EuiccConnector: handleMessage: E msg.what=6
09-25 10:26:40.502  3142  3413 D EuiccConnector: processMsg: ConnectedState
09-25 10:26:40.502  3142  3413 D EuiccConnector: handleMessage: X
09-25 10:26:40.856  1326  1355 W doh::connection: Connection driver returns some Err: Closed
09-25 10:26:41.952  1857  1857 W binder:1857_4: type=1400 audit(0.0:11747): avc:  denied  { getopt } for  scontext=u:r:system_server:s0 tcontext=u:r:shell:s0 tclass=unix_stream_socket permissive=0
09-25 10:26:42.102  1857  1939 D FileSystemUtils: Total number of LOAD segments 3
09-25 10:26:42.102  1857  1939 D FileSystemUtils: Size before punching holes st_blocks: 94568, st_blksize: 4096, st_size: 48366891
09-25 10:26:42.102  1857  1939 D FileSystemUtils: Size after punching holes st_blocks: 94568, st_blksize: 4096, st_size: 48366891
09-25 10:26:42.102  1857  1939 D FileSystemUtils: Extra field length: 15360,  Size before punching holes st_blocks: 94568, st_blksize: 4096, st_size: 48366891
09-25 10:26:42.102  1857  1939 D FileSystemUtils: Extra field length: 15360 content near offset: 0000000000000000000000000000000000000000000000000000000000000000000000000000000000000000000000000000000000000000000000000000000000000000000000000000000000000000000000000000000000000000000000000000000000000000000000000000000000000000000000000000000000000000000000000000000000000000000000000000000000000000000000000000000000000000000000000000000000000000000000000000000000000000000000000000000000000000000000000000000000000000000000000000000000000000000000000000000000000000000000000000000000000000000000000000000000000000000000000000000000000000000000000000000000000000000000000000000000000000000000000000000000000000000000000000000000000000000000000000000000000000000000000000000000000000000000000000000000000000000000000000000000000000000000000000000000000000000000000000000000000000000000000000000000000000000000000000000000000000000000000000000000000000000000000000000000000000000000000000000000000000000000000000000000000000000000000000000000000000000000000000000000000000
09-25 10:26:42.102  1857  1939 D FileSystemUtils: Punching hole in file - start: 21745664 len:12288
09-25 10:26:42.102  1857  1939 E FileSystemUtils: fallocate failed to punch hole: Operation not supported on transport endpoint
09-25 10:26:42.102  1857  1939 W NativeLibraryHelper: Failed to punch apk : /data/app/vmdl359951331.tmp/base.apk at extra field
09-25 10:26:42.103  1857  1939 D FileSystemUtils: Total number of LOAD segments 3
09-25 10:26:42.103  1857  1939 D FileSystemUtils: Size before punching holes st_blocks: 94568, st_blksize: 4096, st_size: 48366891
09-25 10:26:42.103  1857  1939 D FileSystemUtils: Size after punching holes st_blocks: 94568, st_blksize: 4096, st_size: 48366891
09-25 10:26:42.104  1410  1495 I WifiHAL : Creating message to get link statistics; iface = 47
09-25 10:26:42.105  1857  1939 D FileSystemUtils: Extra field length: 8078,  Size before punching holes st_blocks: 94568, st_blksize: 4096, st_size: 48366891
09-25 10:26:42.106  1857  1939 D FileSystemUtils: Extra field length: 8078 content near offset: 00000000000000000000000000000000000000000000000000000000000000000000000000000000000000000000000000000000000000000000000000000000000000000000000000000000000000000000000000000000000000000000000000000000000000000000000000000000000000000000000000000000000000000000000000000000000000000000000000000000000000000000000000000000000000000000000000000000000000000000000000000000000000000000000000000000000000000000000000000000000000000000000000000000000000000000000000000000000000000000000000000000000000000000000000000000000000000000000000000000000000000000000000000000000000000000000000000000000000000000000000000000000000000000000000000000000000000000000000000000000000000000000000000000000000000000000000000000000000000000000000000000000000000000000000000000000000000000000000000000000000000000000000000000000000000000000000000000000000000000000000000000000000000000000000000000000000000000000000000000000000000000000000000000000000000000000000000000000000000000000000000000000000000
09-25 10:26:42.106  1857  1939 D FileSystemUtils: Punching hole in file - start: 22622208 len:4096
09-25 10:26:42.106  1857  1939 E FileSystemUtils: fallocate failed to punch hole: Operation not supported on transport endpoint
09-25 10:26:42.106  1857  1939 W NativeLibraryHelper: Failed to punch apk : /data/app/vmdl359951331.tmp/base.apk at extra field
09-25 10:26:42.106  1857  1939 D FileSystemUtils: Total number of LOAD segments 2
09-25 10:26:42.106  1857  1939 D FileSystemUtils: Size before punching holes st_blocks: 94568, st_blksize: 4096, st_size: 48366891
09-25 10:26:42.106  1857  1939 D FileSystemUtils: Size after punching holes st_blocks: 94568, st_blksize: 4096, st_size: 48366891
09-25 10:26:42.106  1857  1939 D FileSystemUtils: Extra field length: 5750,  Size before punching holes st_blocks: 94568, st_blksize: 4096, st_size: 48366891
09-25 10:26:42.107  1857  1939 D FileSystemUtils: Extra field length: 5750 content near offset: 00000000000000000000000000000000000000000000000000000000000000000000000000000000000000000000000000000000000000000000000000000000000000000000000000000000000000000000000000000000000000000000000000000000000000000000000000000000000000000000000000000000000000000000000000000000000000000000000000000000000000000000000000000000000000000000000000000000000000000000000000000000000000000000000000000000000000000000000000000000000000000000000000000000000000000000000000000000000000000000000000000000000000000000000000000000000000000000000000000000000000000000000000000000000000000000000000000000000000000000000000000000000000000000000000000000000000000000000000000000000000000000000000000000000000000000000000000000000000000000000000000000000000000000000000000000000000000000000000000000000000000000000000000000000000000000000000000000000000000000000000000000000000000000000000000000000000000000000000000000000000000000000000000000000000000000000000000000000000000000000000000000000000000
09-25 10:26:42.107  1857  1939 D FileSystemUtils: Punching hole in file - start: 33681408 len:4096
09-25 10:26:42.107  1857  1939 E FileSystemUtils: fallocate failed to punch hole: Operation not supported on transport endpoint
09-25 10:26:42.107  1857  1939 W NativeLibraryHelper: Failed to punch apk : /data/app/vmdl359951331.tmp/base.apk at extra field
09-25 10:26:42.107  1857  1939 D FileSystemUtils: Total number of LOAD segments 4
09-25 10:26:42.107  1857  1939 D FileSystemUtils: Size before punching holes st_blocks: 94568, st_blksize: 4096, st_size: 48366891
09-25 10:26:42.107  1857  1939 D FileSystemUtils: Size after punching holes st_blocks: 94568, st_blksize: 4096, st_size: 48366891
09-25 10:26:42.107  1857  1939 D FileSystemUtils: Extra field length: 9215,  Size before punching holes st_blocks: 94568, st_blksize: 4096, st_size: 48366891
09-25 10:26:42.108  1857  1939 D FileSystemUtils: Extra field length: 9215 content near offset: 00000000000000000000000000000000000000000000000000000000000000000000000000000000000000000000000000000000000000000000000000000000000000000000000000000000000000000000000000000000000000000000000000000000000000000000000000000000000000000000000000000000000000000000000000000000000000000000000000000000000000000000000000000000000000000000000000000000000000000000000000000000000000000000000000000000000000000000000000000000000000000000000000000000000000000000000000000000000000000000000000000000000000000000000000000000000000000000000000000000000000000000000000000000000000000000000000000000000000000000000000000000000000000000000000000000000000000000000000000000000000000000000000000000000000000000000000000000000000000000000000000000000000000000000000000000000000000000000000000000000000000000000000000000000000000000000000000000000000000000000000000000000000000000000000000000000000000000000000000000000000000000000000000000000000000000000000000000000000000000000000000000000000000
09-25 10:26:42.108  1857  1939 D FileSystemUtils: Punching hole in file - start: 22634496 len:8192
09-25 10:26:42.108  1857  1939 E FileSystemUtils: fallocate failed to punch hole: Operation not supported on transport endpoint
09-25 10:26:42.108  1857  1939 W NativeLibraryHelper: Failed to punch apk : /data/app/vmdl359951331.tmp/base.apk at extra field
09-25 10:26:42.108  1857  1939 D FileSystemUtils: Total number of LOAD segments 3
09-25 10:26:42.108  1857  1939 D FileSystemUtils: Size before punching holes st_blocks: 94568, st_blksize: 4096, st_size: 48366891
09-25 10:26:42.108  1857  1939 D FileSystemUtils: Punching holes for length:7358 content which should be zero: 00000000000000000000000000000000000000000000000000000000000000000000000000000000000000000000000000000000000000000000000000000000000000000000000000000000000000000000000000000000000000000000000000000000000000000000000000000000000000000000000000000000000000000000000000000000000000000000000000000000000000000000000000000000000000000000000000000000000000000000000000000000000000000000000000000000000000000000000000000000000000000000000000000000000000000000000000000000000000000000000000000000000000000000000000000000000000000000000000000000000000000000000000000000000000000000000000000000000000000000000000000000000000000000000000000000000000000000000000000000000000000000000000000000000000000000000000000000000000000000000000000000000000000000000000000000000000000000000000000000000000000000000000000000000000000000000000000000000000000000000000000000000000000000000000000000000000000000000000000000000000000000000000000000000000000000000000000000000000000000000000
09-25 10:26:42.108  1857  1939 D FileSystemUtils: Punching hole in file - start: 16035840 len:4096
09-25 10:26:42.108  1857  1939 E FileSystemUtils: fallocate failed to punch hole: Operation not supported on transport endpoint
09-25 10:26:42.108  1857  1939 W NativeLibraryHelper: Failed to punch uncompressed elf file :libapp.so inside apk : /data/app/vmdl359951331.tmp/base.apk at offset: 12042240
09-25 10:26:42.108  1857  1939 D FileSystemUtils: Extra field length: 15103,  Size before punching holes st_blocks: 94568, st_blksize: 4096, st_size: 48366891
09-25 10:26:42.109  1857  1939 D FileSystemUtils: Extra field length: 15103 content near offset: 0000000000000000000000000000000000000000000000000000000000000000000000000000000000000000000000000000000000000000000000000000000000000000000000000000000000000000000000000000000000000000000000000000000000000000000000000000000000000000000000000000000000000000000000000000000000000000000000000000000000000000000000000000000000000000000000000000000000000000000000000000000000000000000000000000000000000000000000000000000000000000000000000000000000000000000000000000000000000000000000000000000000000000000000000000000000000000000000000000000000000000000000000000000000000000000000000000000000000000000000000000000000000000000000000000000000000000000000000000000000000000000000000000000000000000000000000000000000000000000000000000000000000000000000000000000000000000000000000000000000000000000000000000000000000000000000000000000000000000000000000000000000000000000000000000000000000000000000000000000000000000000000000000000000000000000000000000000000000000000000000000000000000000
09-25 10:26:42.109  1857  1939 D FileSystemUtils: Punching hole in file - start: 12029952 len:12288
09-25 10:26:42.109  1857  1939 E FileSystemUtils: fallocate failed to punch hole: Operation not supported on transport endpoint
09-25 10:26:42.109  1857  1939 W NativeLibraryHelper: Failed to punch apk : /data/app/vmdl359951331.tmp/base.apk at extra field
09-25 10:26:42.124  1857  1990 D ActivityManager: sync unfroze 21530 com.android.vending for 10
09-25 10:26:42.126  1857  1990 D ActivityManager: sync unfroze 13499 com.android.vending:quick_launch for 10
09-25 10:26:42.129  1857  1990 D ActivityManager: sync unfroze 7239 com.android.vending:background for 10
09-25 10:26:42.130  1857  1990 D ActivityManager: sync unfroze 8179 com.android.vending:instant_app_installer for 10
09-25 10:26:42.133 13499 13499 I Finsky:quick_launch: [2] Memory trim requested to level 40
09-25 10:26:42.135  7239  7239 I Finsky:background: [2] Memory trim requested to level 40
09-25 10:26:42.153  1857  2805 D BackgroundInstallControlService: Package event received: 0
09-25 10:26:42.212 21530 21530 I Finsky  : [2] VerifyApps: Install-time verification requested for package com.playcus.hydracoach, PackageManager id = 194, Verifier id = fbacd4f2-3fa5-43db-9c39-a589062bf91a
09-25 10:26:42.221 21530 21552 I Finsky  : [99] RECEIVER_PACKAGE_VERIFICATION#logWorkEndAndFinishGoAsync: SUCCESS
09-25 10:26:42.222 21530 21530 I Finsky  : [2] Memory trim requested to level 40
09-25 10:26:42.223 21530 21530 I Finsky  : [2] Flushing in-memory image cache
09-25 10:26:42.224  1410  1495 I WifiHAL : index: 0 per_rate_size 32, data_rem_len 896
09-25 10:26:42.225  1410  1495 I WifiHAL : index: 1 per_rate_size 32, data_rem_len 864
09-25 10:26:42.225  1410  1495 I WifiHAL : index: 2 per_rate_size 32, data_rem_len 832
09-25 10:26:42.225  1410  1495 I WifiHAL : index: 3 per_rate_size 32, data_rem_len 800
09-25 10:26:42.225  1410  1495 I WifiHAL : index: 4 per_rate_size 32, data_rem_len 768
09-25 10:26:42.225  1410  1495 I WifiHAL : index: 5 per_rate_size 32, data_rem_len 736
09-25 10:26:42.225  1410  1495 I WifiHAL : index: 6 per_rate_size 32, data_rem_len 704
09-25 10:26:42.225  1410  1495 I WifiHAL : index: 7 per_rate_size 32, data_rem_len 672
09-25 10:26:42.225  1410  1495 I WifiHAL : index: 8 per_rate_size 32, data_rem_len 640
09-25 10:26:42.225  1410  1495 I WifiHAL : index: 9 per_rate_size 32, data_rem_len 608
09-25 10:26:42.225  1410  1495 I WifiHAL : index: 10 per_rate_size 32, data_rem_len 576
09-25 10:26:42.225  1410  1495 I WifiHAL : index: 11 per_rate_size 32, data_rem_len 544
09-25 10:26:42.225  1410  1495 I WifiHAL : index: 12 per_rate_size 32, data_rem_len 512
09-25 10:26:42.225  1410  1495 I WifiHAL : index: 13 per_rate_size 32, data_rem_len 480
09-25 10:26:42.225  1410  1495 I WifiHAL : index: 14 per_rate_size 32, data_rem_len 448
09-25 10:26:42.225  1410  1495 I WifiHAL : index: 15 per_rate_size 32, data_rem_len 416
09-25 10:26:42.225  1410  1495 I WifiHAL : index: 16 per_rate_size 32, data_rem_len 384
09-25 10:26:42.225  1410  1495 I WifiHAL : index: 17 per_rate_size 32, data_rem_len 352
09-25 10:26:42.225  1410  1495 I WifiHAL : index: 18 per_rate_size 32, data_rem_len 320
09-25 10:26:42.225  1410  1495 I WifiHAL : index: 19 per_rate_size 32, data_rem_len 288
09-25 10:26:42.225  1410  1495 I WifiHAL : index: 20 per_rate_size 32, data_rem_len 256
09-25 10:26:42.225  1410  1495 I WifiHAL : index: 21 per_rate_size 32, data_rem_len 224
09-25 10:26:42.225  1410  1495 I WifiHAL : index: 22 per_rate_size 32, data_rem_len 192
09-25 10:26:42.225  1410  1495 I WifiHAL : index: 23 per_rate_size 32, data_rem_len 160
09-25 10:26:42.225  1410  1495 I WifiHAL : index: 24 per_rate_size 32, data_rem_len 128
09-25 10:26:42.225  1410  1495 I WifiHAL : index: 25 per_rate_size 32, data_rem_len 96
09-25 10:26:42.225  1410  1495 I WifiHAL : index: 26 per_rate_size 32, data_rem_len 64
09-25 10:26:42.225  1410  1495 I WifiHAL : index: 27 per_rate_size 32, data_rem_len 32
09-25 10:26:42.227  1410  4296 I WifiHAL : Getting cached scan results, iface handle = 0xb4000078a680b3d0
09-25 10:26:42.227  1410  4296 E WifiHAL : Creating message to get cached scan results
09-25 10:26:42.237  1410  4296 I WifiHAL : In GetCachedScanResultsCommand::handleResponse
09-25 10:26:42.238  1410  4296 E libbinder.IPCThreadState: binder thread pool (1 threads) starved for 133 ms
09-25 10:26:42.272 21530 29211 V Configuration: Updating configuration, locales updated from [] to [en_US,ru_UA]
09-25 10:26:42.290  1857  2755 D ConnectivityService: NetReassign [no changes] [c 0] [a 1] [i 4]
09-25 10:26:42.449 21530 29211 I Finsky  : [443] VerifyApps: Anti-malware verification task started for package=com.playcus.hydracoach
09-25 10:26:42.465 21530 29211 E AbstractLogEventBuilder: The provided ProductIdOrigin 3 is not one of the process-level expected values: 1 or 2
09-25 10:26:42.470 21530 29211 I Finsky  : [443] Single user settings service is not running, bind it now
09-25 10:26:42.481 21530 21530 I Finsky  : [2] Single user settings service is connected
09-25 10:26:42.498 21530 29211 W Settings: Setting install_non_market_apps has moved from android.provider.Settings.Global to android.provider.Settings.Secure, returning read-only value.
09-25 10:26:42.700 21530 29211 I Finsky  : [443] VerifyApps: Installer app: com.android.shell
09-25 10:26:42.708 15443 15445 I pixel-thermal: Power data LPM_ACTIVE_RAILS_TRANS is under collecting
09-25 10:26:42.708 15443 15445 I pixel-thermal: ShutdownModePowerTrans data is under collecting
09-25 10:26:42.708 15443 15445 I pixel-thermal: Thermal sensor ShutdownModePowerTrans is under collecting
09-25 10:26:42.708 15443 15445 I pixel-thermal: thermalWatcherCallbackFunc: data under collecting for sensor: ShutdownModePowerTrans
09-25 10:26:42.710 15443 15445 I pixel-thermal: VIRTUAL-SKIN-LSTM-MODEL: model_input: [30770.00 31839.00 32818.00 29324.00 30437.00 30103.00 31349.00 29235.00 ]
09-25 10:26:42.710 15443 15445 I native  : I0000 00:00:1758788802.710550   15445 thermal_tflite_wrapper.cc:261] ThermalTfliteInvoke
09-25 10:26:42.711 15443 15445 I pixel-thermal: VIRTUAL-SKIN-LSTM-MODEL: model_output: [31514.8 31599.3 31684.5 31765.3 31845 31917.6 ]
09-25 10:26:42.711 15443 15445 I pixel-thermal: VIRTUAL-SKIN-LSTM-MODEL: predicted_value: [31514.8 31599.3 31684.5 31765.3 31845 31917.6 ]
09-25 10:26:42.711 15443 15445 I pixel-thermal: sensor_name: LSTM-VT-PREDICTION-7SEC-BACK no valid prediction samples found
09-25 10:26:42.711 15443 15445 I pixel-thermal: LSTM-VT-PREDICTION-ERROR-7SEC data is under collecting
09-25 10:26:42.711 15443 15445 I pixel-thermal: STATS-UPDATOR-LSTM data is under collecting
09-25 10:26:42.711 15443 15445 I pixel-thermal: Thermal sensor STATS-UPDATOR-LSTM is under collecting
09-25 10:26:42.711 15443 15445 I pixel-thermal: thermalWatcherCallbackFunc: data under collecting for sensor: STATS-UPDATOR-LSTM
09-25 10:26:42.713 15443 15445 I pixel-thermal: battery:29.3 raw data: battery:29300 
09-25 10:26:42.718 21530 21563 E AbstractLogEventBuilder: The provided ProductIdOrigin 3 is not one of the process-level expected values: 1 or 2
09-25 10:26:42.724 15443 15445 I pixel-thermal: Power data LPM_ACTIVE_RAILS_STEADY is under collecting
09-25 10:26:42.724 15443 15445 I pixel-thermal: ShutdownModePowerSteady data is under collecting
09-25 10:26:42.724 15443 15445 I pixel-thermal: Thermal sensor ShutdownModePowerSteady is under collecting
09-25 10:26:42.724 15443 15445 I pixel-thermal: thermalWatcherCallbackFunc: data under collecting for sensor: ShutdownModePowerSteady
09-25 10:26:42.724 15443 15445 I pixel-thermal: Power rails total power: 588.98 mW for 60072 ms
09-25 10:26:42.724 15443 15445 I pixel-thermal: Power rails [S6M_LLDO1: 43.36 mW] [S4M_VDD_CPUCL0: 63.27 mW] [S3M_VDD_CPUCL2: 4.17 mW] [S1M_VDD_MIF: 22.35 mW] [S5M_VDD_INT: 21.81 mW] [S9M_VDD_CPUCL1_M: 11.59 mW] 
09-25 10:26:42.724 15443 15445 I pixel-thermal: Power rails [S2M_VDD_CPUCL1: 32.75 mW] [VSYS_PWR_CAMERA: 0.00 mW] [VSYS_PWR_DISPLAY: 131.26 mW] [L21S_VDD2L_MEM: 7.07 mW] [S8M_LLDO2: 48.07 mW] [S3S_LLDO1: 33.17 mW] 
09-25 10:26:42.724 15443 15445 I pixel-thermal: Power rails [VSYS_PWR_RFFE: 0.00 mW] [VSYS_PWR_WLAN_BT: 50.43 mW] [VSYS_PWR_MODEM: 55.11 mW] [L2S_PLL_MIPI_UFS: 12.91 mW] [S4S_VDD2H_MEM: 20.59 mW] [S9S_VDD_AOC: 10.25 mW] 
09-25 10:26:42.724 15443 15445 I pixel-thermal: Power rails [S2S_VDD_G3D: 0.82 mW] [S1S_VDD_CAM: 6.78 mW] [S7M_VDD_TPU: 0.00 mW] [L22S_UDFPS: 0.84 mW] [S12S_VDD_AUR: 9.00 mW] [S5S_VDDQ_MEM: 3.40 mW] 
09-25 10:26:42.724 15443 15445 I pixel-thermal: CDEV log thermal-cpufreq-2 state:0 thermal-cpufreq-0 state:0 gxp-cooling state:0 tpu_cooling state:0 usbc-port state:0 chg_mdis state:0 thermal-cpufreq-1 state:0 thermal-gpufreq-0 state:0 thermal-uclamp-7 state:0 thermal-uclamp-4 state:0 thermal-uclamp-0 state:0 
09-25 10:26:42.734 21530 29211 I Finsky  : [443] Task 7 requested foreground
09-25 10:26:42.735 21530 29211 I Finsky  : [443] Not entering foreground
09-25 10:26:42.741 21530 21577 I Finsky  : [120] VerifyApps: Starting APK Analysis scan for com.playcus.hydracoach.
09-25 10:26:42.744 21530 21577 I Finsky  : [120] Scanning package com.playcus.hydracoach contents with client side protections. File: [YbX8w8MDcth6dkV_D9ZulgAa13BXZp1APhzlnnG8Ipo]
--------- beginning of kernel
09-25 10:26:42.867     0     0 I trusty  : WARN: system/keymint/ta/src/lib.rs:1279 failing DeviceBegin request with error Hal(KeyRequiresUpgrade, "system/keymint/ta/src/lib.rs:438: keyblob with old OS patchlevel 202508 needs upgrade to current 202509")
09-25 10:26:42.868   672   672 W keymint-hal-trusty: kmr_hal: HAL: command DeviceBegin failed: -62
09-25 10:26:42.960     0     0 I trusty  : INFO: system/keymint/ta/src/lib.rs:1000 add 64 bytes of entropy
09-25 10:26:42.960   676   676 D libnos_datagram: Calling App 0x02 with params 0x0000
09-25 10:26:42.997   676   676 D libnos_datagram: App 0x02 returning 0x0
09-25 10:26:43.123 21530 29228 I PlayCore: UID: [10184]  PID: [21530] avhn : Initiate binding to the service.
09-25 10:26:43.130  1857  5972 V GrammaticalInflectionUtils: AttributionSource: android.content.AttributionSource@e8f18689 does not have READ_SYSTEM_GRAMMATICAL_GENDER permission.
09-25 10:26:43.155 21530 29230 I Finsky  : [450] VerifyApps: Verification package=com.playcus.hydracoach, id=194, response=0, upload_requested=false, enable_ecm=false
09-25 10:26:43.160 21530 29230 I Finsky  : [450] VerifyApps: PAM result saving to datastore delayed for package: com.playcus.hydracoach
09-25 10:26:43.175  1329  1329 D Zygote  : Forked child process 29231
09-25 10:26:43.175  1857  1952 I ActivityManager: Start proc 29231:com.android.vending:com.google.android.finsky.verifier.apkanalysis.service.ApkContentsScanService/u0i93 for service {com.android.vending/com.google.android.finsky.verifier.apkanalysis.service.ApkContentsScanService}
09-25 10:26:43.182 29231 29231 W zygote64: Activation of cgroup controller +memory failed in path /sys/fs/cgroup/apps/uid_99093: Invalid argument
09-25 10:26:43.195 29231 29231 I Zygote  : Process 29231 crated for com.android.vending:com.google.android.finsky.verifier.apkanalysis.service.ApkContentsScanService
09-25 10:26:43.195 29231 29231 I entsScanService: Using CollectorTypeCMC GC.
09-25 10:26:43.201 29231 29231 E entsScanService: Not starting debugger since process cannot load the jdwp agent.
09-25 10:26:43.208 29231 29231 D nativeloader: Load libframework-connectivity-tiramisu-jni.so using APEX ns com_android_tethering for caller /apex/com.android.tethering/javalib/framework-connectivity-t.jar: ok
09-25 10:26:43.243 29231 29231 D ApplicationLoaders: Returning zygote-cached class loader: /system/framework/org.apache.http.legacy.jar
09-25 10:26:43.243 29231 29231 D ApplicationLoaders: Returning zygote-cached class loader: /system_ext/framework/androidx.window.extensions.jar
09-25 10:26:43.243 29231 29231 D ApplicationLoaders: Returning zygote-cached class loader: /system_ext/framework/androidx.window.sidecar.jar
09-25 10:26:43.257 29231 29231 W entsScanService: Failed to find entry 'classes.dex': Entry not found
09-25 10:26:43.259 29231 29231 W entsScanService: Failed to find entry 'classes.dex': Entry not found
09-25 10:26:43.259 29231 29231 W entsScanService: Failed to find entry 'classes.dex': Entry not found
09-25 10:26:43.260 29231 29231 W entsScanService: Failed to find entry 'classes.dex': Entry not found
09-25 10:26:43.261 29231 29231 W entsScanService: Failed to find entry 'classes.dex': Entry not found
09-25 10:26:43.262 29231 29231 D nativeloader: Configuring clns-9 for other apk /data/app/~~DGHrmiudyoDEu6GTqcnf_Q==/com.android.vending-U1bxHTXVQ1CsuuYjGVIyCw==/base.apk:/data/app/~~DGHrmiudyoDEu6GTqcnf_Q==/com.android.vending-U1bxHTXVQ1CsuuYjGVIyCw==/split_config.arm64_v8a.apk:/data/app/~~DGHrmiudyoDEu6GTqcnf_Q==/com.android.vending-U1bxHTXVQ1CsuuYjGVIyCw==/split_config.en.apk:/data/app/~~DGHrmiudyoDEu6GTqcnf_Q==/com.android.vending-U1bxHTXVQ1CsuuYjGVIyCw==/split_config.ru.apk:/data/app/~~DGHrmiudyoDEu6GTqcnf_Q==/com.android.vending-U1bxHTXVQ1CsuuYjGVIyCw==/split_phonesky_data_loader.apk:/data/app/~~DGHrmiudyoDEu6GTqcnf_Q==/com.android.vending-U1bxHTXVQ1CsuuYjGVIyCw==/split_phonesky_data_loader.config.arm64_v8a.apk. target_sdk_version=35, uses_libraries=, library_path=/data/app/~~DGHrmiudyoDEu6GTqcnf_Q==/com.android.vending-U1bxHTXVQ1CsuuYjGVIyCw==/lib/arm64:/data/app/~~DGHrmiudyoDEu6GTqcnf_Q==/com.android.vending-U1bxHTXVQ1CsuuYjGVIyCw==/base.apk!/lib/arm64-v8a:/data/app/~~DGHrmiudyoDEu6GTqcnf_Q==/com.android.vending-U1bxHTXVQ1CsuuYjGVIyCw==/split_con
09-25 10:26:43.266 29231 29231 D CompatChangeReporter: Compat change id reported: 202956589; UID 99093; state: ENABLED
09-25 10:26:43.276 29231 29231 E FeatureFlagsImplExport: android.os.flagging.AconfigStorageReadException: ERROR_PACKAGE_NOT_FOUND: package com.android.org.conscrypt.net.flags cannot be found on the device
09-25 10:26:43.321 21530 21530 I PlayCore: UID: [10184]  PID: [21530] avhn : ServiceConnectionImpl.onServiceConnected(ComponentInfo{com.android.vending/com.google.android.finsky.verifier.apkanalysis.service.ApkContentsScanService})
09-25 10:26:43.322 21530 29228 I PlayCore: UID: [10184]  PID: [21530] avhn : linkToDeath
09-25 10:26:43.330 21530 21577 V Configuration: Updating configuration, locales updated from [] to [en_US,ru_UA]
09-25 10:26:43.357     0     0 I trusty  : WARN: system/keymint/ta/src/lib.rs:1279 failing DeviceBegin request with error Hal(KeyRequiresUpgrade, "system/keymint/ta/src/lib.rs:438: keyblob with old OS patchlevel 202508 needs upgrade to current 202509")
09-25 10:26:43.357   672   672 W keymint-hal-trusty: kmr_hal: HAL: command DeviceBegin failed: -62
09-25 10:26:43.498   676   707 D libnos_datagram: Calling App 0x00 with params 0x0200
09-25 10:26:43.522 29231 29246 D nativeloader: Load /data/app/~~DGHrmiudyoDEu6GTqcnf_Q==/com.android.vending-U1bxHTXVQ1CsuuYjGVIyCw==/split_config.arm64_v8a.apk!/lib/arm64-v8a/libapkanalysis.so using class loader ns clns-9 (caller=/data/app/~~DGHrmiudyoDEu6GTqcnf_Q==/com.android.vending-U1bxHTXVQ1CsuuYjGVIyCw==/base.apk!classes5.dex): ok
09-25 10:26:43.529   676   707 D libnos_datagram: App 0x00 returning 0x0
09-25 10:26:43.533 29231 29246 I native  : I0000 00:00:1758788803.531256   29246 zip_archive.cpp:490] +++ Found EOCD at buf+65535
09-25 10:26:43.533 29231 29246 I native  : I0000 00:00:1758788803.533089   29246 zip_archive.cpp:534] +++ num_entries=1298dir_size=85741 dir_offset=48281128
09-25 10:26:43.533 29231 29246 I native  : I0000 00:00:1758788803.533269   29246 file_map.cpp:112] MAP: base 0x77b68ba000/87317 data 0x77b68ba628/85741
09-25 10:26:43.533 29231 29246 I native  : I0000 00:00:1758788803.533749   29246 zip_archive.cpp:686] +++ zip good scan 1298 entries
09-25 10:26:43.553  1857  1951 D ActivityManager: sync unfroze 14598 com.google.android.apps.turbo:ssb for 3
09-25 10:26:43.579 14598 14598 D ActivityThread: Package [com.playcus.hydracoach] reported as REPLACED, but missing application info. Assuming REMOVED.
09-25 10:26:43.580 14598 14598 D ActivityThread: Package [com.playcus.hydracoach] reported as REPLACED, but missing application info. Assuming REMOVED.
09-25 10:26:43.582 14598 14598 D ActivityThread: Package [com.playcus.hydracoach] reported as REPLACED, but missing application info. Assuming REMOVED.
09-25 10:26:43.583 14598 14598 D ActivityThread: Package [com.playcus.hydracoach] reported as REPLACED, but missing application info. Assuming REMOVED.
09-25 10:26:43.585 14598 14598 D ActivityThread: Package [com.playcus.hydracoach] reported as REPLACED, but missing application info. Assuming REMOVED.
09-25 10:26:43.586 14598 14598 D ActivityThread: Package [com.playcus.hydracoach] reported as REPLACED, but missing application info. Assuming REMOVED.
09-25 10:26:43.587 14598 14598 D ActivityThread: Package [com.playcus.hydracoach] reported as REPLACED, but missing application info. Assuming REMOVED.
09-25 10:26:43.590 14598 14598 D ActivityThread: Package [com.playcus.hydracoach] reported as REPLACED, but missing application info. Assuming REMOVED.
09-25 10:26:43.591 14598 14598 D ActivityThread: Package [com.playcus.hydracoach] reported as REPLACED, but missing application info. Assuming REMOVED.
09-25 10:26:43.591 14598 14598 D ActivityThread: Package [com.playcus.hydracoach] reported as REPLACED, but missing application info. Assuming REMOVED.
09-25 10:26:43.591 14598 14598 D ActivityThread: Package [com.playcus.hydracoach] reported as REPLACED, but missing application info. Assuming REMOVED.
09-25 10:26:43.592 14598 14598 D ActivityThread: Package [com.playcus.hydracoach] reported as REPLACED, but missing application info. Assuming REMOVED.
09-25 10:26:43.592 14598 14598 D ActivityThread: Package [com.playcus.hydracoach] reported as REPLACED, but missing application info. Assuming REMOVED.
09-25 10:26:43.593 14598 14598 D ActivityThread: Package [com.playcus.hydracoach] reported as REPLACED, but missing application info. Assuming REMOVED.
09-25 10:26:43.593 14598 14598 D ActivityThread: Package [com.playcus.hydracoach] reported as REPLACED, but missing application info. Assuming REMOVED.
09-25 10:26:43.593 14598 14598 D ActivityThread: Package [com.playcus.hydracoach] reported as REPLACED, but missing application info. Assuming REMOVED.
09-25 10:26:43.594 14598 14598 D ActivityThread: Package [com.playcus.hydracoach] reported as REPLACED, but missing application info. Assuming REMOVED.
09-25 10:26:43.594 14598 14598 D ActivityThread: Package [com.playcus.hydracoach] reported as REPLACED, but missing application info. Assuming REMOVED.
09-25 10:26:43.594 14598 14598 D ActivityThread: Package [com.playcus.hydracoach] reported as REPLACED, but missing application info. Assuming REMOVED.
09-25 10:26:43.595 14598 14598 D ActivityThread: Package [com.playcus.hydracoach] reported as REPLACED, but missing application info. Assuming REMOVED.
09-25 10:26:43.598 14598 14598 D ActivityThread: Package [com.playcus.hydracoach] reported as REPLACED, but missing application info. Assuming REMOVED.
09-25 10:26:43.599 14598 14598 D ActivityThread: Package [com.playcus.hydracoach] reported as REPLACED, but missing application info. Assuming REMOVED.
09-25 10:26:43.600 14598 14598 D ActivityThread: Package [com.google.android.apps.work.clouddpc] reported as REPLACED, but missing application info. Assuming REMOVED.
09-25 10:26:43.600 14598 14598 D ActivityThread: Package [com.google.android.apps.work.clouddpc] reported as REPLACED, but missing application info. Assuming REMOVED.
09-25 10:26:43.601 14598 14598 D ActivityThread: Package [com.fitbit.FitbitMobile] reported as REPLACED, but missing application info. Assuming REMOVED.
09-25 10:26:43.601 14598 14598 D ActivityThread: Package [com.fitbit.FitbitMobile] reported as REPLACED, but missing application info. Assuming REMOVED.
09-25 10:26:43.601 14598 14598 D ActivityThread: Package [com.google.android.apps.aiwallpapers] reported as REPLACED, but missing application info. Assuming REMOVED.
09-25 10:26:43.602 14598 14598 D ActivityThread: Package [com.google.android.apps.aiwallpapers] reported as REPLACED, but missing application info. Assuming REMOVED.
09-25 10:26:43.602 14598 14598 D ActivityThread: Package [com.google.android.apps.chromecast.app] reported as REPLACED, but missing application info. Assuming REMOVED.
09-25 10:26:43.603 14598 14598 D ActivityThread: Package [com.google.android.apps.chromecast.app] reported as REPLACED, but missing application info. Assuming REMOVED.
09-25 10:26:43.603 14598 14598 D ActivityThread: Package [com.google.android.youtube] reported as REPLACED, but missing application info. Assuming REMOVED.
09-25 10:26:43.603 14598 14598 D ActivityThread: Package [com.google.android.youtube] reported as REPLACED, but missing application info. Assuming REMOVED.
09-25 10:26:43.603 14598 14598 D ActivityThread: Package [com.google.android.calendar] reported as REPLACED, but missing application info. Assuming REMOVED.
09-25 10:26:43.604 14598 14598 D ActivityThread: Package [com.google.android.calendar] reported as REPLACED, but missing application info. Assuming REMOVED.
09-25 10:26:44.465  3035  3136 D ImpulseConnection: timeout didn't happen: com.google.android.apps.turbo
09-25 10:26:44.482  3035  3185 D TemperatureStateSource: sequence=10671 actualDelay=10001
09-25 10:26:44.483  3035  3185 D TemperatureStateSource: Reading temperature: sequence=10672
09-25 10:26:44.486 15443 15443 I pixel-thermal: VIRTUAL-SKIN-MODEL: model_input: [29235.00 32818.00 29324.00 30770.00 30437.00 31349.00 31839.00 30103.00 ]
09-25 10:26:44.487 15443 15443 I native  : I0000 00:00:1758788804.486972   15443 thermal_tflite_wrapper.cc:261] ThermalTfliteInvoke
09-25 10:26:44.487 15443 15443 I pixel-thermal: VIRTUAL-SKIN-MODEL: model_output: [30736 ]
09-25 10:26:44.487 15443 15443 I pixel-thermal: VIRTUAL-SKIN-MODEL: predicted_value: [30736 ]
09-25 10:26:44.487 15443 15443 I pixel-thermal: Power data LPM_ACTIVE_RAILS_TRANS is under collecting
09-25 10:26:44.487 15443 15443 I pixel-thermal: ShutdownModePowerTrans data is under collecting
09-25 10:26:44.487 15443 15443 I pixel-thermal: Thermal sensor ShutdownModePowerTrans is under collecting
09-25 10:26:44.487 15443 15443 I pixel-thermal: Power data LPM_ACTIVE_RAILS_STEADY is under collecting
09-25 10:26:44.487 15443 15443 I pixel-thermal: ShutdownModePowerSteady data is under collecting
09-25 10:26:44.487 15443 15443 I pixel-thermal: Thermal sensor ShutdownModePowerSteady is under collecting
09-25 10:26:44.487 15443 15443 I pixel-thermal: VIRTUAL-SKIN:30.7053 raw data: VIRTUAL-SKIN:30705.3 VIRTUAL-SKIN-LEGACY:30020.5 VIRTUAL-SKIN-LEGACY-MODEL-DIFF:-715.457 VIRTUAL-SKIN-LEGACY-SHUTDOWN:0 VIRTUAL-SKIN-MODEL:30736 VIRTUAL-SKIN-MODEL-CLAMPED:30736 VIRTUAL-SKIN-MODEL-LEGACY-DIFF:715.457 VIRTUAL-SKIN-MODEL-UPDATED:30705.3 VIRTUAL-SKIN-MODEL-UPPER-CLAMPED:30736 VIRTUAL-SKIN-SUB-0:29885.6 VIRTUAL-SKIN-SUB-1:29504.7 VIRTUAL-SKIN-SUB-2:28126.4 VIRTUAL-SKIN-SUB-3:29918.2 VIRTUAL-SKIN-SUB-4:30020.5 VIRTUAL-SKIN-SUB-5:29076.6 VIRTUAL-SKIN-SUB-6:29901.2 VT_LEGACY_WEIGHT:0 VT_MODEL_WEIGHT:1 btmspkr_therm:29235 charging_therm:32818 disp_therm:29324 north_therm:30770 quiet_therm:30437 rfpa_therm:31349 soc_therm:31839 usb_pwr_therm:30103 
09-25 10:26:44.488  3035  3185 D TemperatureStateSource: getDeviceTemperatures: sequence=10672 deviceTemperatureType=3 temperatureSource=0 temperatures=[30.705343]
09-25 10:26:44.488  3035  3185 D BusinessScope: Enqueuing the block
09-25 10:26:44.489  3035  3185 D TemperatureStateSource: sequence=10672 waitTime=10000
09-25 10:26:44.489  3035  3325 D BusinessScope: Start running the #22478 block
09-25 10:26:44.489  3035  3325 D BusinessScope: Enqueuing the block
09-25 10:26:44.489  3035  3325 D ImpulseStateSource: Notify clients: 11234
09-25 10:26:44.489  3035  3325 D BusinessScope: Finish running the #22478 block
09-25 10:26:44.489  3035  3325 D BusinessScope: Start running the #22479 block
09-25 10:26:44.489  3035  3325 D BusinessScope: Finish running the #22479 block
09-25 10:26:45.198  1857  2755 D InetDiagMessage: Destroyed 0 sockets, proto=IPPROTO_TCP, family=AF_INET, states=14
09-25 10:26:45.201  1857  2755 D InetDiagMessage: Destroyed 0 sockets, proto=IPPROTO_TCP, family=AF_INET6, states=14
09-25 10:26:45.201  1857  2755 D InetDiagMessage: Destroyed live tcp sockets for uids={10187} in 6ms
09-25 10:26:45.203  1857  2755 D InetDiagMessage: Destroyed 0 sockets, proto=IPPROTO_TCP, family=AF_INET, states=14
09-25 10:26:45.209  1857  2755 D InetDiagMessage: Destroyed 0 sockets, proto=IPPROTO_TCP, family=AF_INET6, states=14
09-25 10:26:45.209  1857  2755 D InetDiagMessage: Destroyed live tcp sockets for uids={20187} in 8ms
09-25 10:26:45.254 21530 21577 D nativeloader: Load /data/app/~~DGHrmiudyoDEu6GTqcnf_Q==/com.android.vending-U1bxHTXVQ1CsuuYjGVIyCw==/split_config.arm64_v8a.apk!/lib/arm64-v8a/libtensorflowlite_jni.so using class loader ns clns-9 (caller=/data/app/~~DGHrmiudyoDEu6GTqcnf_Q==/com.android.vending-U1bxHTXVQ1CsuuYjGVIyCw==/base.apk!classes6.dex): ok
09-25 10:26:45.254 21530 21577 I TensorFlowLite: Loaded native library: tensorflowlite_jni
09-25 10:26:45.267 21530 21577 D nativeloader: Load libtensorflowlite_jni_gms_client.so using class loader ns clns-9 (caller=/data/app/~~DGHrmiudyoDEu6GTqcnf_Q==/com.android.vending-U1bxHTXVQ1CsuuYjGVIyCw==/base.apk!classes6.dex): dlopen failed: library "libtensorflowlite_jni_gms_client.so" not found
09-25 10:26:45.268 21530 21577 I TensorFlowLite: Didn't load native library: tensorflowlite_jni_gms_client
09-25 10:26:45.269 21530 21577 I TensorFlowLite: Found application TF Lite runtime client in org.tensorflow.lite
09-25 10:26:45.269 21530 21577 I TensorFlowLite: TfLiteRuntime.FROM_APPLICATION_ONLY: Using application TF Lite runtime client from org.tensorflow.lite
09-25 10:26:45.284 21530 21577 I tflite  : Initialized TensorFlow Lite runtime.
09-25 10:26:45.285  1410  4296 I WifiHAL : Creating message to get link statistics; iface = 47
09-25 10:26:45.286 21530 21577 W libc    : Access denied finding property "ro.mediatek.platform"
09-25 10:26:45.286 21530 21577 W libc    : Access denied finding property "ro.chipname"
09-25 10:26:45.286 21530 21577 W libc    : Access denied finding property "ro.hardware.chipname"
09-25 10:26:45.426  1410  4296 I WifiHAL : index: 0 per_rate_size 32, data_rem_len 896
09-25 10:26:45.426  1410  4296 I WifiHAL : index: 1 per_rate_size 32, data_rem_len 864
09-25 10:26:45.426  1410  4296 I WifiHAL : index: 2 per_rate_size 32, data_rem_len 832
09-25 10:26:45.426  1410  4296 I WifiHAL : index: 3 per_rate_size 32, data_rem_len 800
09-25 10:26:45.427  1410  4296 I WifiHAL : index: 4 per_rate_size 32, data_rem_len 768
09-25 10:26:45.427  1410  4296 I WifiHAL : index: 5 per_rate_size 32, data_rem_len 736
09-25 10:26:45.427  1410  4296 I WifiHAL : index: 6 per_rate_size 32, data_rem_len 704
09-25 10:26:45.427  1410  4296 I WifiHAL : index: 7 per_rate_size 32, data_rem_len 672
09-25 10:26:45.427  1410  4296 I WifiHAL : index: 8 per_rate_size 32, data_rem_len 640
09-25 10:26:45.427  1410  4296 I WifiHAL : index: 9 per_rate_size 32, data_rem_len 608
09-25 10:26:45.427  1410  4296 I WifiHAL : index: 10 per_rate_size 32, data_rem_len 576
09-25 10:26:45.427  1410  4296 I WifiHAL : index: 11 per_rate_size 32, data_rem_len 544
09-25 10:26:45.427  1410  4296 I WifiHAL : index: 12 per_rate_size 32, data_rem_len 512
09-25 10:26:45.427  1410  4296 I WifiHAL : index: 13 per_rate_size 32, data_rem_len 480
09-25 10:26:45.427  1410  4296 I WifiHAL : index: 14 per_rate_size 32, data_rem_len 448
09-25 10:26:45.427  1410  4296 I WifiHAL : index: 15 per_rate_size 32, data_rem_len 416
09-25 10:26:45.427  1410  4296 I WifiHAL : index: 16 per_rate_size 32, data_rem_len 384
09-25 10:26:45.427  1410  4296 I WifiHAL : index: 17 per_rate_size 32, data_rem_len 352
09-25 10:26:45.427  1410  4296 I WifiHAL : index: 18 per_rate_size 32, data_rem_len 320
09-25 10:26:45.427  1410  4296 I WifiHAL : index: 19 per_rate_size 32, data_rem_len 288
09-25 10:26:45.427  1410  4296 I WifiHAL : index: 20 per_rate_size 32, data_rem_len 256
09-25 10:26:45.427  1410  4296 I WifiHAL : index: 21 per_rate_size 32, data_rem_len 224
09-25 10:26:45.427  1410  4296 I WifiHAL : index: 22 per_rate_size 32, data_rem_len 192
09-25 10:26:45.427  1410  4296 I WifiHAL : index: 23 per_rate_size 32, data_rem_len 160
09-25 10:26:45.427  1410  4296 I WifiHAL : index: 24 per_rate_size 32, data_rem_len 128
09-25 10:26:45.427  1410  4296 I WifiHAL : index: 25 per_rate_size 32, data_rem_len 96
09-25 10:26:45.427  1410  4296 I WifiHAL : index: 26 per_rate_size 32, data_rem_len 64
09-25 10:26:45.427  1410  4296 I WifiHAL : index: 27 per_rate_size 32, data_rem_len 32
09-25 10:26:45.433  1410  1495 I WifiHAL : Getting cached scan results, iface handle = 0xb4000078a680b3d0
09-25 10:26:45.433  1410  1495 E WifiHAL : Creating message to get cached scan results
09-25 10:26:45.446  1410  1495 I WifiHAL : In GetCachedScanResultsCommand::handleResponse
09-25 10:26:45.447  1410  1495 E libbinder.IPCThreadState: binder thread pool (1 threads) starved for 161 ms
09-25 10:26:45.507  1857  2755 D ConnectivityService: NetReassign [no changes] [c 1] [a 1] [i 6]
09-25 10:26:46.164  1370  1370 W TracingMuxer: type=1400 audit(0.0:11748): avc:  denied  { write } for  name="traced_producer" dev="tmpfs" ino=1358 scontext=u:r:hal_neuralnetworks_darwinn:s0 tcontext=u:object_r:traced_producer_socket:s0 tclass=sock_file permissive=0
09-25 10:26:46.352  1857  2492 D ActivityManager: freezing 10466 com.google.android.turboadapter
09-25 10:26:46.360  1857  2755 D InetDiagMessage: Destroyed 0 sockets, proto=IPPROTO_TCP, family=AF_INET, states=14
09-25 10:26:46.365  1857  2755 D InetDiagMessage: Destroyed 0 sockets, proto=IPPROTO_TCP, family=AF_INET6, states=14
09-25 10:26:46.365  1857  2755 D InetDiagMessage: Destroyed live tcp sockets for uids={10244} in 8ms
09-25 10:26:46.643 29231 29246 I native  : I0000 00:00:1758788806.643340   29246 zip_archive.cpp:774] Closing archive 0xb4000076b8a0d7f0
09-25 10:26:46.654 21530 29228 I PlayCore: UID: [10184]  PID: [21530] avhn : Unbind from service.
09-25 10:26:46.657  1857  4548 I ActivityManager: Killing 29231:com.android.vending:com.google.android.finsky.verifier.apkanalysis.service.ApkContentsScanService/u0a184i93 (adj 0): isolated not needed
09-25 10:26:46.702 21530 29209 I PlayCore: UID: [10184]  PID: [21530] avhn : reportBinderDeath
09-25 10:26:46.702 21530 29209 I PlayCore: UID: [10184]  PID: [21530] avhn : ApkContentsScanService : Binder has died.
09-25 10:26:46.703  1329  1329 I Zygote  : Process 29231 exited due to signal 9 (Killed)
09-25 10:26:46.703  1857  1953 I libprocessgroup: Removed cgroup /sys/fs/cgroup/apps/uid_99093/pid_29231
09-25 10:26:47.194 21530 22069 I libbinder.IPCThreadState: oneway function results for code 2 on binder at 0xb400007558afeb20 will be dropped but finished with status UNKNOWN_TRANSACTION
09-25 10:26:47.209 21530 22069 I libbinder.IPCThreadState: oneway function results for code 2 on binder at 0xb400007558aa3590 will be dropped but finished with status UNKNOWN_TRANSACTION
09-25 10:26:48.504  1410  1495 I WifiHAL : Creating message to get link statistics; iface = 47
09-25 10:26:48.598  1410  1495 I WifiHAL : index: 0 per_rate_size 32, data_rem_len 896
09-25 10:26:48.598  1410  1495 I WifiHAL : index: 1 per_rate_size 32, data_rem_len 864
09-25 10:26:48.598  1410  1495 I WifiHAL : index: 2 per_rate_size 32, data_rem_len 832
09-25 10:26:48.598  1410  1495 I WifiHAL : index: 3 per_rate_size 32, data_rem_len 800
09-25 10:26:48.598  1410  1495 I WifiHAL : index: 4 per_rate_size 32, data_rem_len 768
09-25 10:26:48.598  1410  1495 I WifiHAL : index: 5 per_rate_size 32, data_rem_len 736
09-25 10:26:48.598  1410  1495 I WifiHAL : index: 6 per_rate_size 32, data_rem_len 704
09-25 10:26:48.598  1410  1495 I WifiHAL : index: 7 per_rate_size 32, data_rem_len 672
09-25 10:26:48.598  1410  1495 I WifiHAL : index: 8 per_rate_size 32, data_rem_len 640
09-25 10:26:48.598  1410  1495 I WifiHAL : index: 9 per_rate_size 32, data_rem_len 608
09-25 10:26:48.598  1410  1495 I WifiHAL : index: 10 per_rate_size 32, data_rem_len 576
09-25 10:26:48.598  1410  1495 I WifiHAL : index: 11 per_rate_size 32, data_rem_len 544
09-25 10:26:48.598  1410  1495 I WifiHAL : index: 12 per_rate_size 32, data_rem_len 512
09-25 10:26:48.598  1410  1495 I WifiHAL : index: 13 per_rate_size 32, data_rem_len 480
09-25 10:26:48.598  1410  1495 I WifiHAL : index: 14 per_rate_size 32, data_rem_len 448
09-25 10:26:48.598  1410  1495 I WifiHAL : index: 15 per_rate_size 32, data_rem_len 416
09-25 10:26:48.598  1410  1495 I WifiHAL : index: 16 per_rate_size 32, data_rem_len 384
09-25 10:26:48.598  1410  1495 I WifiHAL : index: 17 per_rate_size 32, data_rem_len 352
09-25 10:26:48.598  1410  1495 I WifiHAL : index: 18 per_rate_size 32, data_rem_len 320
09-25 10:26:48.598  1410  1495 I WifiHAL : index: 19 per_rate_size 32, data_rem_len 288
09-25 10:26:48.598  1410  1495 I WifiHAL : index: 20 per_rate_size 32, data_rem_len 256
09-25 10:26:48.598  1410  1495 I WifiHAL : index: 21 per_rate_size 32, data_rem_len 224
09-25 10:26:48.598  1410  1495 I WifiHAL : index: 22 per_rate_size 32, data_rem_len 192
09-25 10:26:48.598  1410  1495 I WifiHAL : index: 23 per_rate_size 32, data_rem_len 160
09-25 10:26:48.598  1410  1495 I WifiHAL : index: 24 per_rate_size 32, data_rem_len 128
09-25 10:26:48.598  1410  1495 I WifiHAL : index: 25 per_rate_size 32, data_rem_len 96
09-25 10:26:48.598  1410  1495 I WifiHAL : index: 26 per_rate_size 32, data_rem_len 64
09-25 10:26:48.598  1410  1495 I WifiHAL : index: 27 per_rate_size 32, data_rem_len 32
09-25 10:26:48.601  1410  4296 I WifiHAL : Getting cached scan results, iface handle = 0xb4000078a680b3d0
09-25 10:26:48.601  1410  4296 E WifiHAL : Creating message to get cached scan results
