--------- beginning of main
09-25 10:25:34.484  1671  1671 W TracingMuxer: type=1400 audit(0.0:11739): avc:  denied  { write } for  name="traced_producer" dev="tmpfs" ino=1358 scontext=u:r:gxp_logging:s0 tcontext=u:object_r:traced_producer_socket:s0 tclass=sock_file permissive=0
09-25 10:25:34.995 15185 11666 I NullBinder: NullBinder for com.google.android.gms.lockbox.service.START triggering remote TransactionTooLargeException due to Service without Chimera impl, calling uid: 10151, calling pid: 14831
09-25 10:25:34.996 15185 11666 W .gms.persistent: Large reply transaction of 1056768 bytes, interface descriptor , code 46
09-25 10:25:34.997 14831 14890 E libbinder.IPCThreadState: Binder transaction failure. id: 33681509, BR_*: 29201, error: -28 (No space left on device)
09-25 10:25:34.997 14831 14890 E JavaBinder: !!! FAILED BINDER TRANSACTION !!!  (parcel size = 408)
--------- beginning of system
09-25 10:25:34.997  1857  4548 W ActivityManager: pid 14831 com.google.android.gms sent binder code 46 with flags 0 and got error -2147483646
09-25 10:25:34.998 14831 14890 W GmsClient: IGmsServiceBroker.getService failed
09-25 10:25:34.998 14831 14890 W GmsClient: android.os.DeadObjectException: Transaction failed on small parcel; remote process probably died, but this could also be caused by running out of binder buffer space
09-25 10:25:34.998 14831 14890 W GmsClient: 	at android.os.BinderProxy.transactNative(Native Method)
09-25 10:25:34.998 14831 14890 W GmsClient: 	at android.os.BinderProxy.transact(BinderProxy.java:592)
09-25 10:25:34.998 14831 14890 W GmsClient: 	at barl.a(:com.google.android.gms@253562035@25.35.62 (260400-804666989):33)
09-25 10:25:34.998 14831 14890 W GmsClient: 	at baps.z(:com.google.android.gms@253562035@25.35.62 (260400-804666989):160)
09-25 10:25:34.998 14831 14890 W GmsClient: 	at azwp.run(:com.google.android.gms@253562035@25.35.62 (260400-804666989):42)
09-25 10:25:34.998 14831 14890 W GmsClient: 	at android.os.Handler.handleCallback(Handler.java:1041)
09-25 10:25:34.998 14831 14890 W GmsClient: 	at android.os.Handler.dispatchMessage(Handler.java:103)
09-25 10:25:34.998 14831 14890 W GmsClient: 	at cljj.mF(:com.google.android.gms@253562035@25.35.62 (260400-804666989):1)
09-25 10:25:34.998 14831 14890 W GmsClient: 	at cljj.dispatchMessage(:com.google.android.gms@253562035@25.35.62 (260400-804666989):144)
09-25 10:25:34.998 14831 14890 W GmsClient: 	at android.os.Looper.dispatchMessage(Looper.java:315)
09-25 10:25:34.998 14831 14890 W GmsClient: 	at android.os.Looper.loopOnce(Looper.java:251)
09-25 10:25:34.998 14831 14890 W GmsClient: 	at android.os.Looper.loop(Looper.java:349)
09-25 10:25:34.998 14831 14890 W GmsClient: 	at android.os.HandlerThread.run(HandlerThread.java:100)
09-25 10:25:35.157  1410  1495 I WifiHAL : Creating message to get link statistics; iface = 47
09-25 10:25:35.299  1410  1495 I WifiHAL : index: 0 per_rate_size 32, data_rem_len 896
09-25 10:25:35.299  1410  1495 I WifiHAL : index: 1 per_rate_size 32, data_rem_len 864
09-25 10:25:35.299  1410  1495 I WifiHAL : index: 2 per_rate_size 32, data_rem_len 832
09-25 10:25:35.299  1410  1495 I WifiHAL : index: 3 per_rate_size 32, data_rem_len 800
09-25 10:25:35.299  1410  1495 I WifiHAL : index: 4 per_rate_size 32, data_rem_len 768
09-25 10:25:35.299  1410  1495 I WifiHAL : index: 5 per_rate_size 32, data_rem_len 736
09-25 10:25:35.299  1410  1495 I WifiHAL : index: 6 per_rate_size 32, data_rem_len 704
09-25 10:25:35.299  1410  1495 I WifiHAL : index: 7 per_rate_size 32, data_rem_len 672
09-25 10:25:35.299  1410  1495 I WifiHAL : index: 8 per_rate_size 32, data_rem_len 640
09-25 10:25:35.299  1410  1495 I WifiHAL : index: 9 per_rate_size 32, data_rem_len 608
09-25 10:25:35.299  1410  1495 I WifiHAL : index: 10 per_rate_size 32, data_rem_len 576
09-25 10:25:35.299  1410  1495 I WifiHAL : index: 11 per_rate_size 32, data_rem_len 544
09-25 10:25:35.299  1410  1495 I WifiHAL : index: 12 per_rate_size 32, data_rem_len 512
09-25 10:25:35.299  1410  1495 I WifiHAL : index: 13 per_rate_size 32, data_rem_len 480
09-25 10:25:35.299  1410  1495 I WifiHAL : index: 14 per_rate_size 32, data_rem_len 448
09-25 10:25:35.299  1410  1495 I WifiHAL : index: 15 per_rate_size 32, data_rem_len 416
09-25 10:25:35.299  1410  1495 I WifiHAL : index: 16 per_rate_size 32, data_rem_len 384
09-25 10:25:35.299  1410  1495 I WifiHAL : index: 17 per_rate_size 32, data_rem_len 352
09-25 10:25:35.299  1410  1495 I WifiHAL : index: 18 per_rate_size 32, data_rem_len 320
09-25 10:25:35.299  1410  1495 I WifiHAL : index: 19 per_rate_size 32, data_rem_len 288
09-25 10:25:35.299  1410  1495 I WifiHAL : index: 20 per_rate_size 32, data_rem_len 256
09-25 10:25:35.299  1410  1495 I WifiHAL : index: 21 per_rate_size 32, data_rem_len 224
09-25 10:25:35.299  1410  1495 I WifiHAL : index: 22 per_rate_size 32, data_rem_len 192
09-25 10:25:35.299  1410  1495 I WifiHAL : index: 23 per_rate_size 32, data_rem_len 160
09-25 10:25:35.299  1410  1495 I WifiHAL : index: 24 per_rate_size 32, data_rem_len 128
09-25 10:25:35.299  1410  1495 I WifiHAL : index: 25 per_rate_size 32, data_rem_len 96
09-25 10:25:35.299  1410  1495 I WifiHAL : index: 26 per_rate_size 32, data_rem_len 64
09-25 10:25:35.300  1410  1495 I WifiHAL : index: 27 per_rate_size 32, data_rem_len 32
09-25 10:25:35.300  1410  1495 E libbinder.IPCThreadState: binder thread pool (1 threads) starved for 143 ms
09-25 10:25:35.302  1410  1495 I WifiHAL : Getting cached scan results, iface handle = 0xb4000078a680b3d0
09-25 10:25:35.302  1410  1495 E WifiHAL : Creating message to get cached scan results
09-25 10:25:35.315  1410  1495 I WifiHAL : In GetCachedScanResultsCommand::handleResponse
09-25 10:25:35.380  1857  2755 D ConnectivityService: NetReassign [no changes] [c 1] [a 1] [i 5]
09-25 10:25:36.252 10770 10770 D BatteryUsageBroadcastReceiver: onReceive:android.intent.action.BATTERY_LEVEL_CHANGED
09-25 10:25:36.253  6285  6285 W JobInfo : Job 'com.google.android.apps.turbo/.deadline.library.BatteryFlagService#201' has a deadline with no functional constraints. The deadline won't improve job execution latency. Consider removing the deadline.
09-25 10:25:36.254  1857  4548 W JobInfo : Job 'com.google.android.apps.turbo/.deadline.library.BatteryFlagService#201' has a deadline with no functional constraints. The deadline won't improve job execution latency. Consider removing the deadline.
09-25 10:25:36.266  1857  4548 W JobInfo : Job 'com.google.android.apps.turbo/.deadline.library.DeadlineUpdateJobService#200' has a deadline with no functional constraints. The deadline won't improve job execution latency. Consider removing the deadline.
09-25 10:25:36.284  6285  6285 W JobInfo : Job 'com.google.android.apps.turbo/.nudges.broadcasts.BatteryHistoryLoggerJobService#2' has a deadline with no functional constraints. The deadline won't improve job execution latency. Consider removing the deadline.
09-25 10:25:36.285  1857  5747 W JobInfo : Job 'com.google.android.apps.turbo/.nudges.broadcasts.BatteryHistoryLoggerJobService#2' has a deadline with no functional constraints. The deadline won't improve job execution latency. Consider removing the deadline.
09-25 10:25:36.288  1857  2805 D BackgroundInstallControlService: Package event received: 0
09-25 10:25:36.290  1857  4548 D ActivityManager: sync unfroze 10466 com.google.android.turboadapter for 6
09-25 10:25:36.291  1857  2805 D BackgroundInstallControlService: Package event received: 0
09-25 10:25:36.313  6285  6461 E SQLiteDatabase: Error inserting timezone=Europe/Madrid timestamp_millis=1758788676000 battery_level=71 battery_saver=2 charge_type=2 place_key=null
09-25 10:25:36.313  6285  6461 E SQLiteDatabase: android.database.sqlite.SQLiteConstraintException: UNIQUE constraint failed: battery_event.timestamp_millis (code 1555 SQLITE_CONSTRAINT_PRIMARYKEY)
09-25 10:25:36.313  6285  6461 E SQLiteDatabase: 	at android.database.sqlite.SQLiteConnection.nativeExecuteForLastInsertedRowId(Native Method)
09-25 10:25:36.313  6285  6461 E SQLiteDatabase: 	at android.database.sqlite.SQLiteConnection.executeForLastInsertedRowId(SQLiteConnection.java:985)
09-25 10:25:36.313  6285  6461 E SQLiteDatabase: 	at android.database.sqlite.SQLiteSession.executeForLastInsertedRowId(SQLiteSession.java:825)
09-25 10:25:36.313  6285  6461 E SQLiteDatabase: 	at android.database.sqlite.SQLiteStatement.executeInsert(SQLiteStatement.java:89)
09-25 10:25:36.313  6285  6461 E SQLiteDatabase: 	at android.database.sqlite.SQLiteDatabase.insertWithOnConflict(SQLiteDatabase.java:2007)
09-25 10:25:36.313  6285  6461 E SQLiteDatabase: 	at android.database.sqlite.SQLiteDatabase.insert(SQLiteDatabase.java:1875)
09-25 10:25:36.313  6285  6461 E SQLiteDatabase: 	at com.google.android.apps.turbo.nudges.broadcasts.BatteryHistoryLoggerJobService.h(PG:339)
09-25 10:25:36.313  6285  6461 E SQLiteDatabase: 	at dbk.accept(PG:15)
09-25 10:25:36.313  6285  6461 E SQLiteDatabase: 	at j$.lang.Iterable$-EL.forEach(r8-map-id-b23e25c000cfafb8528e32216eecf2fc6ea72782a1bfcff17b06e0eb8cd0d988:34)
09-25 10:25:36.313  6285  6461 E SQLiteDatabase: 	at com.google.android.apps.turbo.nudges.broadcasts.BatteryHistoryLoggerJobService.f(PG:287)
09-25 10:25:36.313  6285  6461 E SQLiteDatabase: 	at gq.run(PG:55)
09-25 10:25:36.313  6285  6461 E SQLiteDatabase: 	at java.util.concurrent.Executors$RunnableAdapter.call(Executors.java:524)
09-25 10:25:36.313  6285  6461 E SQLiteDatabase: 	at egp.a(PG:3)
09-25 10:25:36.313  6285  6461 E SQLiteDatabase: 	at efv.run(PG:19)
09-25 10:25:36.313  6285  6461 E SQLiteDatabase: 	at egq.run(PG:5)
09-25 10:25:36.313  6285  6461 E SQLiteDatabase: 	at ebp.run(PG:44)
09-25 10:25:36.313  6285  6461 E SQLiteDatabase: 	at blp.run(PG:244)
09-25 10:25:36.313  6285  6461 E SQLiteDatabase: 	at java.lang.Thread.run(Thread.java:1119)
09-25 10:25:36.313  6285  6461 E SQLiteDatabase: 	at cap.run(PG:58)
09-25 10:25:36.318  6285  6461 W Turbo.OnDeviceBatteryHistory: addEvents: loaded 1 battery events.
09-25 10:25:36.319  6285  6461 W Turbo.OnDeviceBatteryHistory: addEvents: loaded battery events completed.
09-25 10:25:36.321  6285  6461 W Turbo.EstimatedTimeRemainingProvider: queryTimeToDischarge: 22422458
09-25 10:25:36.434  1410  1495 I WifiHAL : Creating message to get link statistics; iface = 47
09-25 10:25:36.570  1410  1495 I WifiHAL : index: 0 per_rate_size 32, data_rem_len 896
09-25 10:25:36.570  1410  1495 I WifiHAL : index: 1 per_rate_size 32, data_rem_len 864
09-25 10:25:36.570  1410  1495 I WifiHAL : index: 2 per_rate_size 32, data_rem_len 832
09-25 10:25:36.570  1410  1495 I WifiHAL : index: 3 per_rate_size 32, data_rem_len 800
09-25 10:25:36.570  1410  1495 I WifiHAL : index: 4 per_rate_size 32, data_rem_len 768
09-25 10:25:36.570  1410  1495 I WifiHAL : index: 5 per_rate_size 32, data_rem_len 736
09-25 10:25:36.570  1410  1495 I WifiHAL : index: 6 per_rate_size 32, data_rem_len 704
09-25 10:25:36.570  1410  1495 I WifiHAL : index: 7 per_rate_size 32, data_rem_len 672
09-25 10:25:36.570  1410  1495 I WifiHAL : index: 8 per_rate_size 32, data_rem_len 640
09-25 10:25:36.570  1410  1495 I WifiHAL : index: 9 per_rate_size 32, data_rem_len 608
09-25 10:25:36.570  1410  1495 I WifiHAL : index: 10 per_rate_size 32, data_rem_len 576
09-25 10:25:36.571  1410  1495 I WifiHAL : index: 11 per_rate_size 32, data_rem_len 544
09-25 10:25:36.571  1410  1495 I WifiHAL : index: 12 per_rate_size 32, data_rem_len 512
09-25 10:25:36.571  1410  1495 I WifiHAL : index: 13 per_rate_size 32, data_rem_len 480
09-25 10:25:36.571  1410  1495 I WifiHAL : index: 14 per_rate_size 32, data_rem_len 448
09-25 10:25:36.571  1410  1495 I WifiHAL : index: 15 per_rate_size 32, data_rem_len 416
09-25 10:25:36.571  1410  1495 I WifiHAL : index: 16 per_rate_size 32, data_rem_len 384
09-25 10:25:36.571  1410  1495 I WifiHAL : index: 17 per_rate_size 32, data_rem_len 352
09-25 10:25:36.571  1410  1495 I WifiHAL : index: 18 per_rate_size 32, data_rem_len 320
09-25 10:25:36.571  1410  1495 I WifiHAL : index: 19 per_rate_size 32, data_rem_len 288
09-25 10:25:36.571  1410  1495 I WifiHAL : index: 20 per_rate_size 32, data_rem_len 256
09-25 10:25:36.571  1410  1495 I WifiHAL : index: 21 per_rate_size 32, data_rem_len 224
09-25 10:25:36.571  1410  1495 I WifiHAL : index: 22 per_rate_size 32, data_rem_len 192
09-25 10:25:36.571  1410  1495 I WifiHAL : index: 23 per_rate_size 32, data_rem_len 160
09-25 10:25:36.571  1410  1495 I WifiHAL : index: 24 per_rate_size 32, data_rem_len 128
09-25 10:25:36.571  1410  1495 I WifiHAL : index: 25 per_rate_size 32, data_rem_len 96
09-25 10:25:36.571  1410  1495 I WifiHAL : index: 26 per_rate_size 32, data_rem_len 64
09-25 10:25:36.571  1410  1495 I WifiHAL : index: 27 per_rate_size 32, data_rem_len 32
09-25 10:25:36.572  1410  1495 E libbinder.IPCThreadState: binder thread pool (1 threads) starved for 137 ms
09-25 10:25:36.573  1410  1495 I WifiHAL : Getting cached scan results, iface handle = 0xb4000078a680b3d0
09-25 10:25:36.573  1410  1495 E WifiHAL : Creating message to get cached scan results
09-25 10:25:36.580  1410  1495 I WifiHAL : In GetCachedScanResultsCommand::handleResponse
09-25 10:25:36.693 15185 11666 I NullBinder: NullBinder for com.google.android.gms.lockbox.service.START triggering remote TransactionTooLargeException due to Service without Chimera impl, calling uid: 10151, calling pid: 14831
09-25 10:25:36.693 15185 11666 W .gms.persistent: Large reply transaction of 1056768 bytes, interface descriptor , code 46
09-25 10:25:36.694 14831 14890 E libbinder.IPCThreadState: Binder transaction failure. id: 33681824, BR_*: 29201, error: -28 (No space left on device)
09-25 10:25:36.694 14831 14890 D ActivityThread: Too many transaction errors, throttling freezer binder callback.
09-25 10:25:36.694 14831 14890 E JavaBinder: !!! FAILED BINDER TRANSACTION !!!  (parcel size = 408)
09-25 10:25:36.695 14831 14890 W GmsClient: IGmsServiceBroker.getService failed
09-25 10:25:36.695 14831 14890 W GmsClient: android.os.DeadObjectException: Transaction failed on small parcel; remote process probably died, but this could also be caused by running out of binder buffer space
09-25 10:25:36.695 14831 14890 W GmsClient: 	at android.os.BinderProxy.transactNative(Native Method)
09-25 10:25:36.695 14831 14890 W GmsClient: 	at android.os.BinderProxy.transact(BinderProxy.java:592)
09-25 10:25:36.695 14831 14890 W GmsClient: 	at barl.a(:com.google.android.gms@253562035@25.35.62 (260400-804666989):33)
09-25 10:25:36.695 14831 14890 W GmsClient: 	at baps.z(:com.google.android.gms@253562035@25.35.62 (260400-804666989):160)
09-25 10:25:36.695 14831 14890 W GmsClient: 	at azwp.run(:com.google.android.gms@253562035@25.35.62 (260400-804666989):42)
09-25 10:25:36.695 14831 14890 W GmsClient: 	at android.os.Handler.handleCallback(Handler.java:1041)
09-25 10:25:36.695 14831 14890 W GmsClient: 	at android.os.Handler.dispatchMessage(Handler.java:103)
09-25 10:25:36.695 14831 14890 W GmsClient: 	at cljj.mF(:com.google.android.gms@253562035@25.35.62 (260400-804666989):1)
09-25 10:25:36.695 14831 14890 W GmsClient: 	at cljj.dispatchMessage(:com.google.android.gms@253562035@25.35.62 (260400-804666989):144)
09-25 10:25:36.695 14831 14890 W GmsClient: 	at android.os.Looper.dispatchMessage(Looper.java:315)
09-25 10:25:36.695 14831 14890 W GmsClient: 	at android.os.Looper.loopOnce(Looper.java:251)
09-25 10:25:36.695 14831 14890 W GmsClient: 	at android.os.Looper.loop(Looper.java:349)
09-25 10:25:36.695 14831 14890 W GmsClient: 	at android.os.HandlerThread.run(HandlerThread.java:100)
09-25 10:25:37.559  1857  2755 D InetDiagMessage: Destroyed 0 sockets, proto=IPPROTO_TCP, family=AF_INET, states=14
09-25 10:25:37.563  1857  2755 D InetDiagMessage: Destroyed 0 sockets, proto=IPPROTO_TCP, family=AF_INET6, states=14
09-25 10:25:37.564  1857  2755 D InetDiagMessage: Destroyed live tcp sockets for uids={10181} in 10ms
09-25 10:25:37.567  1857  2755 D InetDiagMessage: Destroyed 0 sockets, proto=IPPROTO_TCP, family=AF_INET, states=14
09-25 10:25:37.571  1857  2755 D InetDiagMessage: Destroyed 0 sockets, proto=IPPROTO_TCP, family=AF_INET6, states=14
09-25 10:25:37.571  1857  2755 D InetDiagMessage: Destroyed live tcp sockets for uids={20181} in 7ms
09-25 10:25:38.372  1410  1495 I WifiHAL : Creating message to get link statistics; iface = 47
09-25 10:25:38.379  1857  2484 D ActivityManager: sync unfroze 21530 com.android.vending for 6
09-25 10:25:38.412  1857  2484 D ActivityManager: sync unfroze 7239 com.android.vending:background for 6
09-25 10:25:38.459 21530 21530 I Finsky  : [2] SCH: job service start with id 9463.
09-25 10:25:38.494 21530 29106 I Finsky  : [426] SCH: Satisfied jobs for 9463 are: 16-16161616
09-25 10:25:38.502 21530 29105 I Finsky  : [425] SCH: Job 16-16161616 starting
09-25 10:25:38.506 21530 21530 I Finsky  : [2] WM::SCH: Logging work start for 16-16161616
09-25 10:25:38.518 21530 29108 I Finsky  : [428] Flushing event logs for [qNqiRclvJhwn5s9498EhQO94AFJO8lWyYa--vCCTkZM]
09-25 10:25:38.520 21530 29108 I Finsky  : [428] Flushing event logs for [nqPonO7w6wWowzxGYqHfpBUNh-FEMLA6woKdarnd1JU]
09-25 10:25:38.522 21530 21576 I PlayCommon: [119] Preparing logs for uploading
09-25 10:25:38.525  1410  1495 I WifiHAL : index: 0 per_rate_size 32, data_rem_len 896
09-25 10:25:38.525  1410  1495 I WifiHAL : index: 1 per_rate_size 32, data_rem_len 864
09-25 10:25:38.525  1410  1495 I WifiHAL : index: 2 per_rate_size 32, data_rem_len 832
09-25 10:25:38.525  1410  1495 I WifiHAL : index: 3 per_rate_size 32, data_rem_len 800
09-25 10:25:38.525  1410  1495 I WifiHAL : index: 4 per_rate_size 32, data_rem_len 768
09-25 10:25:38.525  1410  1495 I WifiHAL : index: 5 per_rate_size 32, data_rem_len 736
09-25 10:25:38.525  1410  1495 I WifiHAL : index: 6 per_rate_size 32, data_rem_len 704
09-25 10:25:38.525  1410  1495 I WifiHAL : index: 7 per_rate_size 32, data_rem_len 672
09-25 10:25:38.525  1410  1495 I WifiHAL : index: 8 per_rate_size 32, data_rem_len 640
09-25 10:25:38.525  1410  1495 I WifiHAL : index: 9 per_rate_size 32, data_rem_len 608
09-25 10:25:38.525  1410  1495 I WifiHAL : index: 10 per_rate_size 32, data_rem_len 576
09-25 10:25:38.525  1410  1495 I WifiHAL : index: 11 per_rate_size 32, data_rem_len 544
09-25 10:25:38.525  1410  1495 I WifiHAL : index: 12 per_rate_size 32, data_rem_len 512
09-25 10:25:38.525  1410  1495 I WifiHAL : index: 13 per_rate_size 32, data_rem_len 480
09-25 10:25:38.525  1410  1495 I WifiHAL : index: 14 per_rate_size 32, data_rem_len 448
09-25 10:25:38.525  1410  1495 I WifiHAL : index: 15 per_rate_size 32, data_rem_len 416
09-25 10:25:38.525  1410  1495 I WifiHAL : index: 16 per_rate_size 32, data_rem_len 384
09-25 10:25:38.525  1410  1495 I WifiHAL : index: 17 per_rate_size 32, data_rem_len 352
09-25 10:25:38.525  1410  1495 I WifiHAL : index: 18 per_rate_size 32, data_rem_len 320
09-25 10:25:38.525  1410  1495 I WifiHAL : index: 19 per_rate_size 32, data_rem_len 288
09-25 10:25:38.525  1410  1495 I WifiHAL : index: 20 per_rate_size 32, data_rem_len 256
09-25 10:25:38.525  1410  1495 I WifiHAL : index: 21 per_rate_size 32, data_rem_len 224
09-25 10:25:38.526  1410  1495 I WifiHAL : index: 22 per_rate_size 32, data_rem_len 192
09-25 10:25:38.526  1410  1495 I WifiHAL : index: 23 per_rate_size 32, data_rem_len 160
09-25 10:25:38.526  1410  1495 I WifiHAL : index: 24 per_rate_size 32, data_rem_len 128
09-25 10:25:38.526  1410  1495 I WifiHAL : index: 25 per_rate_size 32, data_rem_len 96
09-25 10:25:38.526  1410  1495 I WifiHAL : index: 26 per_rate_size 32, data_rem_len 64
09-25 10:25:38.526  1410  1495 I WifiHAL : index: 27 per_rate_size 32, data_rem_len 32
09-25 10:25:38.526  1410  1495 E libbinder.IPCThreadState: binder thread pool (1 threads) starved for 154 ms
09-25 10:25:38.529  1410  1495 I WifiHAL : Getting cached scan results, iface handle = 0xb4000078a680b3d0
09-25 10:25:38.529  1410  1495 E WifiHAL : Creating message to get cached scan results
09-25 10:25:38.532 21530 21576 I PlayCommon: [119] Connecting to server: https://play.googleapis.com/play/log?format=raw&proto_v2=true
09-25 10:25:38.540  1410  1495 I WifiHAL : In GetCachedScanResultsCommand::handleResponse
09-25 10:25:38.592  1857  2755 D ConnectivityService: NetReassign [no changes] [c 2] [a 0] [i 6]
09-25 10:25:38.821 21530 21576 I PlayCommon: [119] Successfully uploaded logs.
09-25 10:25:38.874  7239  7239 W ProxyAndroidLoggerBackend: Too many Flogger logs received before configuration. Dropping old logs.
09-25 10:25:38.959  1857  1949 D ActivityManager: sync unfroze 13499 com.android.vending:quick_launch for 6
09-25 10:25:39.067 21530 29108 I Finsky  : [428] SCH: jobFinished: 16-16161616. TimeElapsed: 563ms.
09-25 10:25:39.067 21530 29108 I Finsky  : [428] WM::SCH: Logging work end for 16-16161616
09-25 10:25:39.087 21530 21563 I Finsky  : [109] SCH: Scheduling phonesky job Id: 26-1414141414, CT: 1758777485626, Constraints: [{ L: 43200000, D: 44100000, C: CHARGING_NONE, I: IDLE_NONE, N: NET_NONE, B: BATTERY_ANY }]
09-25 10:25:39.097 21530 21577 I Finsky  : [120] SCH: Scheduling 1 system job(s)
09-25 10:25:39.098 21530 21577 W JobInfo : Job 'com.android.vending/com.google.android.finsky.scheduler.process.mainimpl.PhoneskyJobServiceMain#9488' has a deadline with no functional constraints. The deadline won't improve job execution latency. Consider removing the deadline.
09-25 10:25:39.098 21530 21577 I Finsky  : [120] SCH: Scheduling system job Id: 9488, L: 31946528, D: 32846528, C: false, I: false, N: 0
09-25 10:25:39.100  1857  1949 W JobInfo : Job 'com.android.vending/com.google.android.finsky.scheduler.process.mainimpl.PhoneskyJobServiceMain#9488' has a deadline with no functional constraints. The deadline won't improve job execution latency. Consider removing the deadline.
09-25 10:25:39.108 21530 29105 I Finsky  : [425] SCH: job service finished with id 9463.
09-25 10:25:39.127  7239  7239 I Finsky:background: [2] Memory trim requested to level 40
09-25 10:25:39.132 21530 21530 I Finsky  : [2] Memory trim requested to level 40
09-25 10:25:39.132 21530 21530 I Finsky  : [2] Flushing in-memory image cache
09-25 10:25:39.136 13499 13499 I Finsky:quick_launch: [2] Memory trim requested to level 40
09-25 10:25:39.323 15185 15195 I NullBinder: NullBinder for com.google.android.gms.lockbox.service.START triggering remote TransactionTooLargeException due to Service without Chimera impl, calling uid: 10151, calling pid: 14831
09-25 10:25:39.323 15185 15195 W .gms.persistent: Large reply transaction of 1056768 bytes, interface descriptor , code 46
09-25 10:25:39.324 14831 14890 E libbinder.IPCThreadState: Binder transaction failure. id: 33682132, BR_*: 29201, error: -28 (No space left on device)
09-25 10:25:39.324 14831 14890 D ActivityThread: Too many transaction errors, throttling freezer binder callback.
09-25 10:25:39.324 14831 14890 E JavaBinder: !!! FAILED BINDER TRANSACTION !!!  (parcel size = 408)
09-25 10:25:39.325 14831 14890 W GmsClient: IGmsServiceBroker.getService failed
09-25 10:25:39.325 14831 14890 W GmsClient: android.os.DeadObjectException: Transaction failed on small parcel; remote process probably died, but this could also be caused by running out of binder buffer space
09-25 10:25:39.325 14831 14890 W GmsClient: 	at android.os.BinderProxy.transactNative(Native Method)
09-25 10:25:39.325 14831 14890 W GmsClient: 	at android.os.BinderProxy.transact(BinderProxy.java:592)
09-25 10:25:39.325 14831 14890 W GmsClient: 	at barl.a(:com.google.android.gms@253562035@25.35.62 (260400-804666989):33)
09-25 10:25:39.325 14831 14890 W GmsClient: 	at baps.z(:com.google.android.gms@253562035@25.35.62 (260400-804666989):160)
09-25 10:25:39.325 14831 14890 W GmsClient: 	at azwp.run(:com.google.android.gms@253562035@25.35.62 (260400-804666989):42)
09-25 10:25:39.325 14831 14890 W GmsClient: 	at android.os.Handler.handleCallback(Handler.java:1041)
09-25 10:25:39.325 14831 14890 W GmsClient: 	at android.os.Handler.dispatchMessage(Handler.java:103)
09-25 10:25:39.325 14831 14890 W GmsClient: 	at cljj.mF(:com.google.android.gms@253562035@25.35.62 (260400-804666989):1)
09-25 10:25:39.325 14831 14890 W GmsClient: 	at cljj.dispatchMessage(:com.google.android.gms@253562035@25.35.62 (260400-804666989):144)
09-25 10:25:39.325 14831 14890 W GmsClient: 	at android.os.Looper.dispatchMessage(Looper.java:315)
09-25 10:25:39.325 14831 14890 W GmsClient: 	at android.os.Looper.loopOnce(Looper.java:251)
09-25 10:25:39.325 14831 14890 W GmsClient: 	at android.os.Looper.loop(Looper.java:349)
09-25 10:25:39.325 14831 14890 W GmsClient: 	at android.os.HandlerThread.run(HandlerThread.java:100)
09-25 10:25:40.006 15185 15195 I NullBinder: NullBinder for com.google.android.gms.lockbox.service.START triggering remote TransactionTooLargeException due to Service without Chimera impl, calling uid: 10151, calling pid: 14831
09-25 10:25:40.006 15185 15195 W .gms.persistent: Large reply transaction of 1056768 bytes, interface descriptor , code 46
09-25 10:25:40.007 14831 14890 E libbinder.IPCThreadState: Binder transaction failure. id: 33682205, BR_*: 29201, error: -28 (No space left on device)
09-25 10:25:40.007 14831 14890 D ActivityThread: Too many transaction errors, throttling freezer binder callback.
09-25 10:25:40.007 14831 14890 E JavaBinder: !!! FAILED BINDER TRANSACTION !!!  (parcel size = 408)
09-25 10:25:40.008 14831 14890 W GmsClient: IGmsServiceBroker.getService failed
09-25 10:25:40.008 14831 14890 W GmsClient: android.os.DeadObjectException: Transaction failed on small parcel; remote process probably died, but this could also be caused by running out of binder buffer space
09-25 10:25:40.008 14831 14890 W GmsClient: 	at android.os.BinderProxy.transactNative(Native Method)
09-25 10:25:40.008 14831 14890 W GmsClient: 	at android.os.BinderProxy.transact(BinderProxy.java:592)
09-25 10:25:40.008 14831 14890 W GmsClient: 	at barl.a(:com.google.android.gms@253562035@25.35.62 (260400-804666989):33)
09-25 10:25:40.008 14831 14890 W GmsClient: 	at baps.z(:com.google.android.gms@253562035@25.35.62 (260400-804666989):160)
09-25 10:25:40.008 14831 14890 W GmsClient: 	at azwp.run(:com.google.android.gms@253562035@25.35.62 (260400-804666989):42)
09-25 10:25:40.008 14831 14890 W GmsClient: 	at android.os.Handler.handleCallback(Handler.java:1041)
09-25 10:25:40.008 14831 14890 W GmsClient: 	at android.os.Handler.dispatchMessage(Handler.java:103)
09-25 10:25:40.008 14831 14890 W GmsClient: 	at cljj.mF(:com.google.android.gms@253562035@25.35.62 (260400-804666989):1)
09-25 10:25:40.008 14831 14890 W GmsClient: 	at cljj.dispatchMessage(:com.google.android.gms@253562035@25.35.62 (260400-804666989):144)
09-25 10:25:40.008 14831 14890 W GmsClient: 	at android.os.Looper.dispatchMessage(Looper.java:315)
09-25 10:25:40.008 14831 14890 W GmsClient: 	at android.os.Looper.loopOnce(Looper.java:251)
09-25 10:25:40.008 14831 14890 W GmsClient: 	at android.os.Looper.loop(Looper.java:349)
09-25 10:25:40.008 14831 14890 W GmsClient: 	at android.os.HandlerThread.run(HandlerThread.java:100)
09-25 10:25:40.731 15185 28680 I AlarmManager: setExactAndAllowWhileIdle [name: GCM_HB_ALARM type: 2 triggerAtMillis: 407718801]
09-25 10:25:40.748 15185 29115 I AlarmManager: setExactAndAllowWhileIdle [name: FcmRetry type: 2 triggerAtMillis: 407538817]
09-25 10:25:40.757 13499 13499 I Finsky:quick_launch: [2] Memory trim requested to level 40
09-25 10:25:40.757  7239  7239 I Finsky:background: [2] Memory trim requested to level 40
09-25 10:25:40.762 13499 13499 I Finsky:quick_launch: [2] Memory trim requested to level 40
09-25 10:25:40.762  7239  7239 I Finsky:background: [2] Memory trim requested to level 40
09-25 10:25:40.764 21530 21530 I Finsky  : [2] Memory trim requested to level 40
09-25 10:25:40.764 21530 21530 I Finsky  : [2] Flushing in-memory image cache
09-25 10:25:40.765 21530 21530 I Finsky  : [2] Memory trim requested to level 40
09-25 10:25:40.765 21530 21530 I Finsky  : [2] Flushing in-memory image cache
09-25 10:25:40.765 21530 21530 I Finsky  : [2] Memory trim requested to level 40
09-25 10:25:40.765 21530 21530 I Finsky  : [2] Flushing in-memory image cache
09-25 10:25:40.778 21530 29124 I FirebaseMessaging: FirebaseApp has not being initialized. Device might be in direct boot mode. Skip exporting delivery metrics to Big Query
09-25 10:25:40.781 21530 29124 I Finsky  : [434] FCM Handling notificationId=[EAMaEmQ4ZjQ3MWQ4ZDI5Y2Q3N2U6MyCRvun_lzMoBg]
09-25 10:25:40.783 21530 21530 I Finsky  : [2] Notification [id=EAMaEmQ4ZjQ3MWQ4ZDI5Y2Q3N2U6MyCRvun_lzMoBg, type=6, account=[qNqiRclvJhwn5s9498EhQO94AFJO8lWyYa--vCCTkZM]] handling as pnw
09-25 10:25:40.784  1857  2805 D BackgroundInstallControlService: Package event received: 0
09-25 10:25:40.808 21530 29126 W Finsky  : [436] Client provided delay (1967 ms) is overridden by work metrics delay (22 ms)
09-25 10:25:40.813 21530 21530 I Finsky  : [2] [FinskyLibrary] Trying to replicate library.
09-25 10:25:40.829 21530 29128 I Finsky  : [437] [FinskyLibrary] Sending replicate library request.
09-25 10:25:40.835  7239  7239 I Finsky:background: [2] Memory trim requested to level 40
09-25 10:25:40.835 13499 13499 I Finsky:quick_launch: [2] Memory trim requested to level 40
09-25 10:25:40.847 21530 21530 I Finsky  : [2] Memory trim requested to level 40
09-25 10:25:40.847 21530 21530 I Finsky  : [2] Flushing in-memory image cache
09-25 10:25:41.193 21530 21530 I Finsky  : [2] Notifications [[EAMaEmQ4ZjQ3MWQ4ZDI5Y2Q3N2U6MyCRvun_lzMoBg]] successfully ack'd.
09-25 10:25:41.331 21530 29128 I Finsky  : [437] [FinskyLibrary] Received library replication response.
09-25 10:25:41.478 21530 21530 I Finsky  : [2] [ContentSync] App library has changed, requesting content sync.
09-25 10:25:41.484 21530 21530 I Finsky  : [2] SCH: Received scheduling request: Id: 12-1, Constraints: [{ L: 15000, D: 86400000, C: CHARGING_NONE, I: IDLE_NONE, N: NET_ANY, B: BATTERY_ANY }]
09-25 10:25:41.583  1410  1495 I WifiHAL : Creating message to get link statistics; iface = 47
09-25 10:25:41.650  1410  1495 I WifiHAL : index: 0 per_rate_size 32, data_rem_len 896
09-25 10:25:41.650  1410  1495 I WifiHAL : index: 1 per_rate_size 32, data_rem_len 864
09-25 10:25:41.650  1410  1495 I WifiHAL : index: 2 per_rate_size 32, data_rem_len 832
09-25 10:25:41.650  1410  1495 I WifiHAL : index: 3 per_rate_size 32, data_rem_len 800
09-25 10:25:41.650  1410  1495 I WifiHAL : index: 4 per_rate_size 32, data_rem_len 768
09-25 10:25:41.650  1410  1495 I WifiHAL : index: 5 per_rate_size 32, data_rem_len 736
09-25 10:25:41.650  1410  1495 I WifiHAL : index: 6 per_rate_size 32, data_rem_len 704
09-25 10:25:41.650  1410  1495 I WifiHAL : index: 7 per_rate_size 32, data_rem_len 672
09-25 10:25:41.650  1410  1495 I WifiHAL : index: 8 per_rate_size 32, data_rem_len 640
09-25 10:25:41.650  1410  1495 I WifiHAL : index: 9 per_rate_size 32, data_rem_len 608
09-25 10:25:41.650  1410  1495 I WifiHAL : index: 10 per_rate_size 32, data_rem_len 576
09-25 10:25:41.650  1410  1495 I WifiHAL : index: 11 per_rate_size 32, data_rem_len 544
09-25 10:25:41.650  1410  1495 I WifiHAL : index: 12 per_rate_size 32, data_rem_len 512
09-25 10:25:41.650  1410  1495 I WifiHAL : index: 13 per_rate_size 32, data_rem_len 480
09-25 10:25:41.650  1410  1495 I WifiHAL : index: 14 per_rate_size 32, data_rem_len 448
09-25 10:25:41.650  1410  1495 I WifiHAL : index: 15 per_rate_size 32, data_rem_len 416
09-25 10:25:41.650  1410  1495 I WifiHAL : index: 16 per_rate_size 32, data_rem_len 384
09-25 10:25:41.650  1410  1495 I WifiHAL : index: 17 per_rate_size 32, data_rem_len 352
09-25 10:25:41.650  1410  1495 I WifiHAL : index: 18 per_rate_size 32, data_rem_len 320
09-25 10:25:41.650  1410  1495 I WifiHAL : index: 19 per_rate_size 32, data_rem_len 288
09-25 10:25:41.650  1410  1495 I WifiHAL : index: 20 per_rate_size 32, data_rem_len 256
09-25 10:25:41.650  1410  1495 I WifiHAL : index: 21 per_rate_size 32, data_rem_len 224
09-25 10:25:41.650  1410  1495 I WifiHAL : index: 22 per_rate_size 32, data_rem_len 192
09-25 10:25:41.650  1410  1495 I WifiHAL : index: 23 per_rate_size 32, data_rem_len 160
09-25 10:25:41.650  1410  1495 I WifiHAL : index: 24 per_rate_size 32, data_rem_len 128
09-25 10:25:41.650  1410  1495 I WifiHAL : index: 25 per_rate_size 32, data_rem_len 96
09-25 10:25:41.650  1410  1495 I WifiHAL : index: 26 per_rate_size 32, data_rem_len 64
09-25 10:25:41.650  1410  1495 I WifiHAL : index: 27 per_rate_size 32, data_rem_len 32
09-25 10:25:41.653  1410  1495 I WifiHAL : Getting cached scan results, iface handle = 0xb4000078a680b3d0
09-25 10:25:41.653  1410  1495 E WifiHAL : Creating message to get cached scan results
09-25 10:25:41.660  1410  1495 I WifiHAL : In GetCachedScanResultsCommand::handleResponse
09-25 10:25:41.682 21530 21560 I Finsky  : [106] WM::SCH: Logging work initialize for 12-1
09-25 10:25:41.687 21530 21563 I Finsky  : [109] SCH: Scheduling phonesky job Id: 12-1, CT: 1758788741484, Constraints: [{ L: 15000, D: 86400000, C: CHARGING_NONE, I: IDLE_NONE, N: NET_ANY, B: BATTERY_ANY }]
09-25 10:25:41.693 21530 21577 I Finsky  : [120] SCH: Scheduling 1 system job(s)
09-25 10:25:41.705  1857  2755 D ConnectivityService: NetReassign [no changes] [c 1] [a 1] [i 5]
09-25 10:25:41.708 21530 21577 I Finsky  : [120] SCH: Scheduling system job Id: 9481, L: 14791, D: 83424139, C: false, I: false, N: 1
09-25 10:25:41.714 15185 11666 I NullBinder: NullBinder for com.google.android.gms.lockbox.service.START triggering remote TransactionTooLargeException due to Service without Chimera impl, calling uid: 10151, calling pid: 14831
09-25 10:25:41.714 15185 11666 W .gms.persistent: Large reply transaction of 1056768 bytes, interface descriptor , code 46
09-25 10:25:41.715 14831 14890 E libbinder.IPCThreadState: Binder transaction failure. id: 33682489, BR_*: 29201, error: -28 (No space left on device)
09-25 10:25:41.715 14831 14890 D ActivityThread: Too many transaction errors, throttling freezer binder callback.
09-25 10:25:41.715 14831 14890 E JavaBinder: !!! FAILED BINDER TRANSACTION !!!  (parcel size = 408)
09-25 10:25:41.716 14831 14890 W GmsClient: IGmsServiceBroker.getService failed
09-25 10:25:41.716 14831 14890 W GmsClient: android.os.DeadObjectException: Transaction failed on small parcel; remote process probably died, but this could also be caused by running out of binder buffer space
09-25 10:25:41.716 14831 14890 W GmsClient: 	at android.os.BinderProxy.transactNative(Native Method)
09-25 10:25:41.716 14831 14890 W GmsClient: 	at android.os.BinderProxy.transact(BinderProxy.java:592)
09-25 10:25:41.716 14831 14890 W GmsClient: 	at barl.a(:com.google.android.gms@253562035@25.35.62 (260400-804666989):33)
09-25 10:25:41.716 14831 14890 W GmsClient: 	at baps.z(:com.google.android.gms@253562035@25.35.62 (260400-804666989):160)
09-25 10:25:41.716 14831 14890 W GmsClient: 	at azwp.run(:com.google.android.gms@253562035@25.35.62 (260400-804666989):42)
09-25 10:25:41.716 14831 14890 W GmsClient: 	at android.os.Handler.handleCallback(Handler.java:1041)
09-25 10:25:41.716 14831 14890 W GmsClient: 	at android.os.Handler.dispatchMessage(Handler.java:103)
09-25 10:25:41.716 14831 14890 W GmsClient: 	at cljj.mF(:com.google.android.gms@253562035@25.35.62 (260400-804666989):1)
09-25 10:25:41.716 14831 14890 W GmsClient: 	at cljj.dispatchMessage(:com.google.android.gms@253562035@25.35.62 (260400-804666989):144)
09-25 10:25:41.716 14831 14890 W GmsClient: 	at android.os.Looper.dispatchMessage(Looper.java:315)
09-25 10:25:41.716 14831 14890 W GmsClient: 	at android.os.Looper.loopOnce(Looper.java:251)
09-25 10:25:41.716 14831 14890 W GmsClient: 	at android.os.Looper.loop(Looper.java:349)
09-25 10:25:41.716 14831 14890 W GmsClient: 	at android.os.HandlerThread.run(HandlerThread.java:100)
09-25 10:25:41.726 21530 21558 I Finsky  : [104] [ContentSync] finished, scheduled=true
09-25 10:25:42.483 21530 29128 I Finsky  : [437] [FinskyLibrary] Sending replicate library request.
09-25 10:25:42.561  1857  2492 D ActivityManager: freezing 9964 com.google.android.euicc
09-25 10:25:42.569  1857  2755 D InetDiagMessage: Destroyed 0 sockets, proto=IPPROTO_TCP, family=AF_INET, states=14
09-25 10:25:42.575  1857  2755 D InetDiagMessage: Destroyed 0 sockets, proto=IPPROTO_TCP, family=AF_INET6, states=14
09-25 10:25:42.575  1857  2755 D InetDiagMessage: Destroyed live tcp sockets for uids={10181} in 10ms
09-25 10:25:42.636 15443 15445 I pixel-thermal: Power data LPM_ACTIVE_RAILS_TRANS is under collecting
09-25 10:25:42.636 15443 15445 I pixel-thermal: ShutdownModePowerTrans data is under collecting
09-25 10:25:42.636 15443 15445 I pixel-thermal: Thermal sensor ShutdownModePowerTrans is under collecting
09-25 10:25:42.636 15443 15445 I pixel-thermal: thermalWatcherCallbackFunc: data under collecting for sensor: ShutdownModePowerTrans
09-25 10:25:42.638 15443 15445 I pixel-thermal: VIRTUAL-SKIN-LSTM-MODEL: model_input: [30392.00 31661.00 32217.00 28967.00 30125.00 29680.00 30859.00 28856.00 ]
09-25 10:25:42.638 15443 15445 I native  : I0000 00:00:1758788742.638666   15445 thermal_tflite_wrapper.cc:261] ThermalTfliteInvoke
09-25 10:25:42.640 15443 15445 I pixel-thermal: VIRTUAL-SKIN-LSTM-MODEL: model_output: [31048.4 31136.2 31225.1 31308.5 31391 31464.7 ]
09-25 10:25:42.640 15443 15445 I pixel-thermal: VIRTUAL-SKIN-LSTM-MODEL: predicted_value: [31048.4 31136.2 31225.1 31308.5 31391 31464.7 ]
09-25 10:25:42.640 15443 15445 I pixel-thermal: sensor_name: LSTM-VT-PREDICTION-7SEC-BACK no valid prediction samples found
09-25 10:25:42.640 15443 15445 I pixel-thermal: LSTM-VT-PREDICTION-ERROR-7SEC data is under collecting
09-25 10:25:42.640 15443 15445 I pixel-thermal: STATS-UPDATOR-LSTM data is under collecting
09-25 10:25:42.640 15443 15445 I pixel-thermal: Thermal sensor STATS-UPDATOR-LSTM is under collecting
09-25 10:25:42.640 15443 15445 I pixel-thermal: thermalWatcherCallbackFunc: data under collecting for sensor: STATS-UPDATOR-LSTM
09-25 10:25:42.641 15443 15445 I pixel-thermal: battery:29.1 raw data: battery:29100 
09-25 10:25:42.648 15443 15445 I pixel-thermal: Power data LPM_ACTIVE_RAILS_STEADY is under collecting
09-25 10:25:42.648 15443 15445 I pixel-thermal: ShutdownModePowerSteady data is under collecting
09-25 10:25:42.648 15443 15445 I pixel-thermal: Thermal sensor ShutdownModePowerSteady is under collecting
09-25 10:25:42.648 15443 15445 I pixel-thermal: thermalWatcherCallbackFunc: data under collecting for sensor: ShutdownModePowerSteady
09-25 10:25:42.648 15443 15445 I pixel-thermal: Power rails total power: 656.58 mW for 60075 ms
09-25 10:25:42.648 15443 15445 I pixel-thermal: Power rails [S6M_LLDO1: 45.09 mW] [S4M_VDD_CPUCL0: 91.36 mW] [S3M_VDD_CPUCL2: 13.30 mW] [S1M_VDD_MIF: 26.30 mW] [S5M_VDD_INT: 22.49 mW] [S9M_VDD_CPUCL1_M: 11.42 mW] 
09-25 10:25:42.648 15443 15445 I pixel-thermal: Power rails [S2M_VDD_CPUCL1: 59.51 mW] [VSYS_PWR_CAMERA: 0.01 mW] [VSYS_PWR_DISPLAY: 132.62 mW] [L21S_VDD2L_MEM: 6.85 mW] [S8M_LLDO2: 48.56 mW] [S3S_LLDO1: 35.19 mW] 
09-25 10:25:42.648 15443 15445 I pixel-thermal: Power rails [VSYS_PWR_RFFE: 0.06 mW] [VSYS_PWR_WLAN_BT: 59.14 mW] [VSYS_PWR_MODEM: 33.00 mW] [L2S_PLL_MIPI_UFS: 15.08 mW] [S4S_VDD2H_MEM: 25.21 mW] [S9S_VDD_AOC: 10.52 mW] 
09-25 10:25:42.648 15443 15445 I pixel-thermal: Power rails [S2S_VDD_G3D: 0.88 mW] [S1S_VDD_CAM: 6.36 mW] [S7M_VDD_TPU: 0.00 mW] [L22S_UDFPS: 0.83 mW] [S12S_VDD_AUR: 8.87 mW] [S5S_VDDQ_MEM: 3.93 mW] 
09-25 10:25:42.649 15443 15445 I pixel-thermal: CDEV log thermal-cpufreq-2 state:0 thermal-cpufreq-0 state:0 gxp-cooling state:0 tpu_cooling state:0 usbc-port state:0 chg_mdis state:0 thermal-cpufreq-1 state:0 thermal-gpufreq-0 state:0 thermal-uclamp-7 state:0 thermal-uclamp-4 state:0 thermal-uclamp-0 state:0 
09-25 10:25:42.881  1420  1485 D shamp   : [TEA] [Domain: LTE DM] [Token: 9c07e879] [Timestamp: 1758788729439]: | 1_S |CC0 Mx0 Sc0| PCell SFN [ 21,9761 ], DL EARFCN [ 7, 3050], PCell ID [394], DL Bandwidth [ 5]
09-25 10:25:42.881  1420  1485 D shamp   : [TEA] [Domain: LTE_DM] [Token: b4155ea3] [Timestamp: 1758788729439]: |CC0 Mx0 Sc0| PCell SINR Avg: -0.89 RX Count: 2]
09-25 10:25:42.881  1420  1485 D shamp   : [TEA] [Domain: LTE_RRM] [Token: 48fb20ca] [Timestamp: 1758788729465]: Srxlev(22.61dB) S_NonIntraSearchP_Ind(1) S_NonIntraSearchP(14dB) LTERRM_S_NONINTRASEARCH_OFFSET(0dB)
09-25 10:25:42.881  1420  1485 D shamp   : [TEA] [Domain: LTE DM] [Token: 9c07e879] [Timestamp: 1758788730079]: | 1_S |CC0 Mx0 Sc0| PCell SFN [ 21,161 ], DL EARFCN [ 7, 3050], PCell ID [394], DL Bandwidth [ 5]
09-25 10:25:42.881  1420  1485 D shamp   : [TEA] [Domain: LTE_DM] [Token: b4155ea3] [Timestamp: 1758788730079]: |CC0 Mx0 Sc0| PCell SINR Avg: -2.55 RX Count: 2]
09-25 10:25:42.881  1420  1485 D shamp   : [TEA] [Domain: LTE_RRM] [Token: 48fb20ca] [Timestamp: 1758788730080]: Srxlev(22.61dB) S_NonIntraSearchP_Ind(1) S_NonIntraSearchP(14dB) LTERRM_S_NONINTRASEARCH_OFFSET(0dB)
09-25 10:25:42.881  1420  1485 D shamp   : [TEA] [Domain: LTE DM] [Token: 9c07e879] [Timestamp: 1758788730718]: | 1_S |CC0 Mx0 Sc0| PCell SFN [ 21,800 ], DL EARFCN [ 7, 3050], PCell ID [394], DL Bandwidth [ 5]
09-25 10:25:42.882  1420  1485 D shamp   : [TEA] [Domain: LTE_DM] [Token: b4155ea3] [Timestamp: 1758788730719]: |CC0 Mx0 Sc0| PCell SINR Avg: -0.86 RX Count: 2]
09-25 10:25:42.882  1420  1485 D shamp   : [TEA] [Domain: LTE_RRM] [Token: 48fb20ca] [Timestamp: 1758788730766]: Srxlev(22.60dB) S_NonIntraSearchP_Ind(1) S_NonIntraSearchP(14dB) LTERRM_S_NONINTRASEARCH_OFFSET(0dB)
09-25 10:25:42.882  1420  1485 D shamp   : [TEA] [Domain: LTE DM] [Token: 9c07e879] [Timestamp: 1758788731359]: | 1_S |CC0 Mx0 Sc0| PCell SFN [ 21,1441 ], DL EARFCN [ 7, 3050], PCell ID [394], DL Bandwidth [ 5]
09-25 10:25:42.882  1420  1485 D shamp   : [TEA] [Domain: LTE_DM] [Token: b4155ea3] [Timestamp: 1758788731359]: |CC0 Mx0 Sc0| PCell SINR Avg: -2.23 RX Count: 2]
09-25 10:25:42.882  1420  1485 D shamp   : [TEA] [Domain: LTE_RRM] [Token: 48fb20ca] [Timestamp: 1758788731360]: Srxlev(22.60dB) S_NonIntraSearchP_Ind(1) S_NonIntraSearchP(14dB) LTERRM_S_NONINTRASEARCH_OFFSET(0dB)
09-25 10:25:42.882  1420  1485 D shamp   : [TEA] [Domain: LTE DM] [Token: 9c07e879] [Timestamp: 1758788731999]: | 1_S |CC0 Mx0 Sc0| PCell SFN [ 21,2081 ], DL EARFCN [ 7, 3050], PCell ID [394], DL Bandwidth [ 5]
09-25 10:25:42.882  1420  1485 D shamp   : [TEA] [Domain: LTE_DM] [Token: b4155ea3] [Timestamp: 1758788731999]: |CC0 Mx0 Sc0| PCell SINR Avg: -1.69 RX Count: 2]
09-25 10:25:42.882  1420  1485 D shamp   : [TEA] [Domain: LTE_RRM] [Token: 48fb20ca] [Timestamp: 1758788732025]: Srxlev(22.61dB) S_NonIntraSearchP_Ind(1) S_NonIntraSearchP(14dB) LTERRM_S_NONINTRASEARCH_OFFSET(0dB)
09-25 10:25:42.882  1420  1485 D shamp   : [TEA] [Domain: LTE DM] [Token: 9c07e879] [Timestamp: 1758788732639]: | 1_S |CC0 Mx0 Sc0| PCell SFN [ 21,2721 ], DL EARFCN [ 7, 3050], PCell ID [394], DL Bandwidth [ 5]
09-25 10:25:42.882  1420  1485 D shamp   : [TEA] [Domain: LTE_DM] [Token: b4155ea3] [Timestamp: 1758788732639]: |CC0 Mx0 Sc0| PCell SINR Avg: -1.22 RX Count: 2]
09-25 10:25:42.882  1420  1485 D shamp   : [TEA] [Domain: LTE_RRM] [Token: 48fb20ca] [Timestamp: 1758788732680]: Srxlev(22.61dB) S_NonIntraSearchP_Ind(1) S_NonIntraSearchP(14dB) LTERRM_S_NONINTRASEARCH_OFFSET(0dB)
09-25 10:25:42.882  1420  1485 D shamp   : [TEA] [Domain: LTE DM] [Token: 9c07e879] [Timestamp: 1758788733279]: | 1_S |CC0 Mx0 Sc0| PCell SFN [ 21,3361 ], DL EARFCN [ 7, 3050], PCell ID [394], DL Bandwidth [ 5]
09-25 10:25:42.882  1420  1485 D shamp   : [TEA] [Domain: LTE_DM] [Token: b4155ea3] [Timestamp: 1758788733279]: |CC0 Mx0 Sc0| PCell SINR Avg: -2.01 RX Count: 2]
09-25 10:25:42.882  1420  1485 D shamp   : [TEA] [Domain: LTE DM] [Token: 9c07e879] [Timestamp: 1758788733918]: | 1_S |CC0 Mx0 Sc0| PCell SFN [ 21,4000 ], DL EARFCN [ 7, 3050], PCell ID [394], DL Bandwidth [ 5]
09-25 10:25:42.882  1420  1485 D shamp   : [TEA] [Domain: LTE_DM] [Token: b4155ea3] [Timestamp: 1758788733919]: |CC0 Mx0 Sc0| PCell SINR Avg: -0.18 RX Count: 2]
09-25 10:25:42.882  1420  1485 D shamp   : [TEA] [Domain: LTE_RRM] [Token: 48fb20ca] [Timestamp: 1758788733961]: Srxlev(22.72dB) S_NonIntraSearchP_Ind(1) S_NonIntraSearchP(14dB) LTERRM_S_NONINTRASEARCH_OFFSET(0dB)
09-25 10:25:42.882  1420  1485 D shamp   : [TEA] [Domain: LTE DM] [Token: 9c07e879] [Timestamp: 1758788734559]: | 1_S |CC0 Mx0 Sc0| PCell SFN [ 21,4641 ], DL EARFCN [ 7, 3050], PCell ID [394], DL Bandwidth [ 5]
09-25 10:25:42.882  1420  1485 D shamp   : [TEA] [Domain: LTE_DM] [Token: b4155ea3] [Timestamp: 1758788734559]: |CC0 Mx0 Sc0| PCell SINR Avg: -1.87 RX Count: 2]
09-25 10:25:42.882  1420  1485 D shamp   : [TEA] [Domain: LTE DM] [Token: 9c07e879] [Timestamp: 1758788735198]: | 1_S |CC0 Mx0 Sc0| PCell SFN [ 21,5280 ], DL EARFCN [ 7, 3050], PCell ID [394], DL Bandwidth [ 5]
09-25 10:25:42.882  1420  1485 D shamp   : [TEA] [Domain: LTE_DM] [Token: b4155ea3] [Timestamp: 1758788735199]: |CC0 Mx0 Sc0| PCell SINR Avg: -0.13 RX Count: 2]
09-25 10:25:42.882  1420  1485 D shamp   : [TEA] [Domain: LTE_RRM] [Token: 48fb20ca] [Timestamp: 1758788735239]: Srxlev(22.81dB) S_NonIntraSearchP_Ind(1) S_NonIntraSearchP(14dB) LTERRM_S_NONINTRASEARCH_OFFSET(0dB)
09-25 10:25:42.882  1420  1485 D shamp   : [TEA] [Domain: LTE DM] [Token: 9c07e879] [Timestamp: 1758788735839]: | 1_S |CC0 Mx0 Sc0| PCell SFN [ 21,5921 ], DL EARFCN [ 7, 3050], PCell ID [394], DL Bandwidth [ 5]
09-25 10:25:42.882  1420  1485 D shamp   : [TEA] [Domain: LTE_DM] [Token: b4155ea3] [Timestamp: 1758788735839]: |CC0 Mx0 Sc0| PCell SINR Avg: -3.54 RX Count: 2]
09-25 10:25:42.882  1420  1485 D shamp   : [TEA] [Domain: LTE_RRM] [Token: 48fb20ca] [Timestamp: 1758788735841]: Srxlev(22.73dB) S_NonIntraSearchP_Ind(1) S_NonIntraSearchP(14dB) LTERRM_S_NONINTRASEARCH_OFFSET(0dB)
09-25 10:25:42.882  1420  1485 D shamp   : [TEA] [Domain: LTE DM] [Token: 9c07e879] [Timestamp: 1758788736479]: | 1_S |CC0 Mx0 Sc0| PCell SFN [ 21,6561 ], DL EARFCN [ 7, 3050], PCell ID [394], DL Bandwidth [ 5]
09-25 10:25:42.883  1420  1485 D shamp   : [TEA] [Domain: LTE_DM] [Token: b4155ea3] [Timestamp: 1758788736479]: |CC0 Mx0 Sc0| PCell SINR Avg: -1.83 RX Count: 2]
09-25 10:25:42.883  1420  1485 D shamp   : [TEA] [Domain: LTE_RRM] [Token: 48fb20ca] [Timestamp: 1758788736520]: Srxlev(22.73dB) S_NonIntraSearchP_Ind(1) S_NonIntraSearchP(14dB) LTERRM_S_NONINTRASEARCH_OFFSET(0dB)
09-25 10:25:42.883  1420  1485 D shamp   : [TEA] [Domain: LTE DM] [Token: 9c07e879] [Timestamp: 1758788737119]: | 1_S |CC0 Mx0 Sc0| PCell SFN [ 21,7200 ], DL EARFCN [ 7, 3050], PCell ID [394], DL Bandwidth [ 5]
09-25 10:25:42.883  1420  1485 D shamp   : [TEA] [Domain: LTE_DM] [Token: b4155ea3] [Timestamp: 1758788737119]: |CC0 Mx0 Sc0| PCell SINR Avg: -1.70 RX Count: 2]
09-25 10:25:42.883  1420  1485 D shamp   : [TEA] [Domain: LTE_RRM] [Token: 48fb20ca] [Timestamp: 1758788737121]: Srxlev(22.72dB) S_NonIntraSearchP_Ind(1) S_NonIntraSearchP(14dB) LTERRM_S_NONINTRASEARCH_OFFSET(0dB)
09-25 10:25:42.883  1420  1485 D shamp   : [TEA] [Domain: LTE DM] [Token: 9c07e879] [Timestamp: 1758788737759]: | 1_S |CC0 Mx0 Sc0| PCell SFN [ 21,7841 ], DL EARFCN [ 7, 3050], PCell ID [394], DL Bandwidth [ 5]
09-25 10:25:42.883  1420  1485 D shamp   : [TEA] [Domain: LTE_DM] [Token: b4155ea3] [Timestamp: 1758788737759]: |CC0 Mx0 Sc0| PCell SINR Avg: -1.53 RX Count: 2]
09-25 10:25:42.883  1420  1485 D shamp   : [TEA] [Domain: LTE_RRM] [Token: 48fb20ca] [Timestamp: 1758788737800]: Srxlev(22.72dB) S_NonIntraSearchP_Ind(1) S_NonIntraSearchP(14dB) LTERRM_S_NONINTRASEARCH_OFFSET(0dB)
09-25 10:25:42.883  1420  1485 D shamp   : [TEA] [Domain: LTE DM] [Token: 9c07e879] [Timestamp: 1758788738399]: | 1_S |CC0 Mx0 Sc0| PCell SFN [ 21,8481 ], DL EARFCN [ 7, 3050], PCell ID [394], DL Bandwidth [ 5]
09-25 10:25:42.883  1420  1485 D shamp   : [TEA] [Domain: LTE_DM] [Token: b4155ea3] [Timestamp: 1758788738399]: |CC0 Mx0 Sc0| PCell SINR Avg: -3.39 RX Count: 2]
09-25 10:25:42.883  1420  1485 D shamp   : [TEA] [Domain: LTE_RRM] [Token: 48fb20ca] [Timestamp: 1758788738450]: Srxlev(22.33dB) S_NonIntraSearchP_Ind(1) S_NonIntraSearchP(14dB) LTERRM_S_NONINTRASEARCH_OFFSET(0dB)
09-25 10:25:42.883  1420  1485 D shamp   : [TEA] [Domain: LTE DM] [Token: 9c07e879] [Timestamp: 1758788739039]: | 1_S |CC0 Mx0 Sc0| PCell SFN [ 21,9121 ], DL EARFCN [ 7, 3050], PCell ID [394], DL Bandwidth [ 5]
09-25 10:25:42.883  1420  1485 D shamp   : [TEA] [Domain: LTE_DM] [Token: b4155ea3] [Timestamp: 1758788739039]: |CC0 Mx0 Sc0| PCell SINR Avg: -6.43 RX Count: 2]
09-25 10:25:42.883  1420  1485 D shamp   : [TEA] [Domain: LTE_RRM] [Token: 48fb20ca] [Timestamp: 1758788739080]: Srxlev(22.33dB) S_NonIntraSearchP_Ind(1) S_NonIntraSearchP(14dB) LTERRM_S_NONINTRASEARCH_OFFSET(0dB)
09-25 10:25:42.883  1420  1485 D shamp   : [TEA] [Domain: LTE DM] [Token: 9c07e879] [Timestamp: 1758788739679]: | 1_S |CC0 Mx0 Sc0| PCell SFN [ 21,9761 ], DL EARFCN [ 7, 3050], PCell ID [394], DL Bandwidth [ 5]
09-25 10:25:42.883  1420  1485 D shamp   : [TEA] [Domain: LTE_DM] [Token: b4155ea3] [Timestamp: 1758788739679]: |CC0 Mx0 Sc0| PCell SINR Avg: -2.91 RX Count: 2]
09-25 10:25:42.883  1420  1485 D shamp   : [TEA] [Domain: LTE_RRM] [Token: 48fb20ca] [Timestamp: 1758788739725]: Srxlev(21.96dB) S_NonIntraSearchP_Ind(1) S_NonIntraSearchP(14dB) LTERRM_S_NONINTRASEARCH_OFFSET(0dB)
09-25 10:25:42.883  1420  1485 D shamp   : [TEA] [Domain: LTE DM] [Token: 9c07e879] [Timestamp: 1758788740319]: | 1_S |CC0 Mx0 Sc0| PCell SFN [ 21,161 ], DL EARFCN [ 7, 3050], PCell ID [394], DL Bandwidth [ 5]
09-25 10:25:42.883  1420  1485 D shamp   : [TEA] [Domain: LTE_DM] [Token: b4155ea3] [Timestamp: 1758788740319]: |CC0 Mx0 Sc0| PCell SINR Avg: -5.04 RX Count: 2]
09-25 10:25:42.883  1420  1485 D shamp   : [TEA] [Domain: LTE_RRM] [Token: 48fb20ca] [Timestamp: 1758788740320]: Srxlev(21.96dB) S_NonIntraSearchP_Ind(1) S_NonIntraSearchP(14dB) LTERRM_S_NONINTRASEARCH_OFFSET(0dB)
