09-25 10:25:42.883  1420  1485 D shamp   : [TEA] [Domain: LTE DM] [Token: 9c07e879] [Timestamp: 1758788740958]: | 1_S |CC0 Mx0 Sc0| PCell SFN [ 21,800 ], DL EARFCN [ 7, 3050], PCell ID [394], DL Bandwidth [ 5]
09-25 10:25:42.883  1420  1485 D shamp   : [TEA] [Domain: LTE_DM] [Token: b4155ea3] [Timestamp: 1758788740959]: |CC0 Mx0 Sc0| PCell SINR Avg: -3.20 RX Count: 2]
09-25 10:25:42.883  1420  1485 D shamp   : [TEA] [Domain: LTE_RRM] [Token: 48fb20ca] [Timestamp: 1758788741005]: Srxlev(21.94dB) S_NonIntraSearchP_Ind(1) S_NonIntraSearchP(14dB) LTERRM_S_NONINTRASEARCH_OFFSET(0dB)
09-25 10:25:42.883  1420  1485 D shamp   : [TEA] [Domain: LTE DM] [Token: 9c07e879] [Timestamp: 1758788741599]: | 1_S |CC0 Mx0 Sc0| PCell SFN [ 21,1441 ], DL EARFCN [ 7, 3050], PCell ID [394], DL Bandwidth [ 5]
09-25 10:25:42.883  1420  1485 D shamp   : [TEA] [Domain: LTE_DM] [Token: b4155ea3] [Timestamp: 1758788741599]: |CC0 Mx0 Sc0| PCell SINR Avg: -4.34 RX Count: 2]
09-25 10:25:42.883  1420  1485 D shamp   : [TEA] [Domain: LTE_RRM] [Token: 48fb20ca] [Timestamp: 1758788741639]: Srxlev(21.94dB) S_NonIntraSearchP_Ind(1) S_NonIntraSearchP(14dB) LTERRM_S_NONINTRASEARCH_OFFSET(0dB)
09-25 10:25:42.884  1420  1485 D shamp   : [TEA] [Domain: LTE DM] [Token: 9c07e879] [Timestamp: 1758788742239]: | 1_S |CC0 Mx0 Sc0| PCell SFN [ 21,2081 ], DL EARFCN [ 7, 3050], PCell ID [394], DL Bandwidth [ 5]
09-25 10:25:42.884  1420  1485 D shamp   : [TEA] [Domain: LTE_DM] [Token: b4155ea3] [Timestamp: 1758788742239]: |CC0 Mx0 Sc0| PCell SINR Avg: -4.88 RX Count: 2]
09-25 10:25:42.884  1420  1485 D shamp   : [TEA] [Domain: LTE_RRM] [Token: 48fb20ca] [Timestamp: 1758788742283]: Srxlev(21.83dB) S_NonIntraSearchP_Ind(1) S_NonIntraSearchP(14dB) LTERRM_S_NONINTRASEARCH_OFFSET(0dB)
09-25 10:25:42.884  1420  1485 D shamp   : [TEA] [Domain: LTE DM] [Token: 9c07e879] [Timestamp: 1758788742878]: | 1_S |CC0 Mx0 Sc0| PCell SFN [ 21,2720 ], DL EARFCN [ 7, 3050], PCell ID [394], DL Bandwidth [ 5]
09-25 10:25:42.884  1420  1485 D shamp   : [TEA] [Domain: LTE_DM] [Token: b4155ea3] [Timestamp: 1758788742879]: |CC0 Mx0 Sc0| PCell SINR Avg: -1.70 RX Count: 2]
09-25 10:25:43.362 21530 29128 I Finsky  : [437] [FinskyLibrary] Received library replication response.
09-25 10:25:43.420 21530 21530 I Finsky  : [2] [ContentSync] App library has changed, requesting content sync.
09-25 10:25:43.422 21530 29106 I Finsky  : [426] [ContentSync] finished, scheduled=false
09-25 10:25:43.947 27236 27236 W TimedProcessReaper: Current importance is: 200
09-25 10:25:43.947 27236 27236 D TimedProcessReaper: Attempted to reap process, but was too important
09-25 10:25:44.344 15185 15195 I NullBinder: NullBinder for com.google.android.gms.lockbox.service.START triggering remote TransactionTooLargeException due to Service without Chimera impl, calling uid: 10151, calling pid: 14831
09-25 10:25:44.345 15185 15195 W .gms.persistent: Large reply transaction of 1056768 bytes, interface descriptor , code 46
09-25 10:25:44.346 14831 14890 E libbinder.IPCThreadState: Binder transaction failure. id: 33682722, BR_*: 29201, error: -28 (No space left on device)
09-25 10:25:44.346 14831 14890 D ActivityThread: Too many transaction errors, throttling freezer binder callback.
09-25 10:25:44.346 14831 14890 E JavaBinder: !!! FAILED BINDER TRANSACTION !!!  (parcel size = 408)
09-25 10:25:44.347 14831 14890 W GmsClient: IGmsServiceBroker.getService failed
09-25 10:25:44.347 14831 14890 W GmsClient: android.os.DeadObjectException: Transaction failed on small parcel; remote process probably died, but this could also be caused by running out of binder buffer space
09-25 10:25:44.347 14831 14890 W GmsClient: 	at android.os.BinderProxy.transactNative(Native Method)
09-25 10:25:44.347 14831 14890 W GmsClient: 	at android.os.BinderProxy.transact(BinderProxy.java:592)
09-25 10:25:44.347 14831 14890 W GmsClient: 	at barl.a(:com.google.android.gms@253562035@25.35.62 (260400-804666989):33)
09-25 10:25:44.347 14831 14890 W GmsClient: 	at baps.z(:com.google.android.gms@253562035@25.35.62 (260400-804666989):160)
09-25 10:25:44.347 14831 14890 W GmsClient: 	at azwp.run(:com.google.android.gms@253562035@25.35.62 (260400-804666989):42)
09-25 10:25:44.347 14831 14890 W GmsClient: 	at android.os.Handler.handleCallback(Handler.java:1041)
09-25 10:25:44.347 14831 14890 W GmsClient: 	at android.os.Handler.dispatchMessage(Handler.java:103)
09-25 10:25:44.347 14831 14890 W GmsClient: 	at cljj.mF(:com.google.android.gms@253562035@25.35.62 (260400-804666989):1)
09-25 10:25:44.347 14831 14890 W GmsClient: 	at cljj.dispatchMessage(:com.google.android.gms@253562035@25.35.62 (260400-804666989):144)
09-25 10:25:44.347 14831 14890 W GmsClient: 	at android.os.Looper.dispatchMessage(Looper.java:315)
09-25 10:25:44.347 14831 14890 W GmsClient: 	at android.os.Looper.loopOnce(Looper.java:251)
09-25 10:25:44.347 14831 14890 W GmsClient: 	at android.os.Looper.loop(Looper.java:349)
09-25 10:25:44.347 14831 14890 W GmsClient: 	at android.os.HandlerThread.run(HandlerThread.java:100)
09-25 10:25:44.408  3035  4220 D ImpulseConnection: timeout didn't happen: com.google.android.apps.turbo
09-25 10:25:44.419  3035  3185 D TemperatureStateSource: sequence=10665 actualDelay=10002
09-25 10:25:44.420  3035  3185 D TemperatureStateSource: Reading temperature: sequence=10666
09-25 10:25:44.424 15443 15443 I pixel-thermal: VIRTUAL-SKIN-MODEL: model_input: [28856.00 32217.00 28967.00 30392.00 30125.00 30859.00 31661.00 29680.00 ]
09-25 10:25:44.424 15443 15443 I native  : I0000 00:00:1758788744.424432   15443 thermal_tflite_wrapper.cc:261] ThermalTfliteInvoke
09-25 10:25:44.424 15443 15443 I pixel-thermal: VIRTUAL-SKIN-MODEL: model_output: [30392.9 ]
09-25 10:25:44.424 15443 15443 I pixel-thermal: VIRTUAL-SKIN-MODEL: predicted_value: [30392.9 ]
09-25 10:25:44.425 15443 15443 I pixel-thermal: Power data LPM_ACTIVE_RAILS_TRANS is under collecting
09-25 10:25:44.425 15443 15443 I pixel-thermal: ShutdownModePowerTrans data is under collecting
09-25 10:25:44.425 15443 15443 I pixel-thermal: Thermal sensor ShutdownModePowerTrans is under collecting
09-25 10:25:44.425 15443 15443 I pixel-thermal: Power data LPM_ACTIVE_RAILS_STEADY is under collecting
09-25 10:25:44.425 15443 15443 I pixel-thermal: ShutdownModePowerSteady data is under collecting
09-25 10:25:44.425 15443 15443 I pixel-thermal: Thermal sensor ShutdownModePowerSteady is under collecting
09-25 10:25:44.425 15443 15443 I pixel-thermal: VIRTUAL-SKIN:30.2341 raw data: VIRTUAL-SKIN:30234.1 VIRTUAL-SKIN-LEGACY:29617.6 VIRTUAL-SKIN-LEGACY-MODEL-DIFF:-775.238 VIRTUAL-SKIN-LEGACY-SHUTDOWN:0 VIRTUAL-SKIN-MODEL:30392.9 VIRTUAL-SKIN-MODEL-CLAMPED:30392.9 VIRTUAL-SKIN-MODEL-LEGACY-DIFF:775.238 VIRTUAL-SKIN-MODEL-UPDATED:30234.1 VIRTUAL-SKIN-MODEL-UPPER-CLAMPED:30392.9 VIRTUAL-SKIN-SUB-0:29548.6 VIRTUAL-SKIN-SUB-1:29087.2 VIRTUAL-SKIN-SUB-2:27764.4 VIRTUAL-SKIN-SUB-3:29544.1 VIRTUAL-SKIN-SUB-4:29617.6 VIRTUAL-SKIN-SUB-5:28650.1 VIRTUAL-SKIN-SUB-6:29548.7 VT_LEGACY_WEIGHT:0 VT_MODEL_WEIGHT:1 btmspkr_therm:28856 charging_therm:32217 disp_therm:28967 north_therm:30392 quiet_therm:30125 rfpa_therm:30859 soc_therm:31661 usb_pwr_therm:29680 
09-25 10:25:44.426  3035  3185 D TemperatureStateSource: getDeviceTemperatures: sequence=10666 deviceTemperatureType=3 temperatureSource=0 temperatures=[30.234125]
09-25 10:25:44.426  3035  3185 D BusinessScope: Enqueuing the block
09-25 10:25:44.426  3035  3185 D TemperatureStateSource: sequence=10666 waitTime=10000
09-25 10:25:44.427  3035  3325 D BusinessScope: Start running the #22466 block
09-25 10:25:44.428 15443 15443 I pixel-thermal: Power data LPM_ACTIVE_RAILS_TRANS is under collecting
09-25 10:25:44.428 15443 15443 I pixel-thermal: ShutdownModePowerTrans data is under collecting
09-25 10:25:44.428 15443 15443 I pixel-thermal: Thermal sensor ShutdownModePowerTrans is under collecting
09-25 10:25:44.428 15443 15443 I pixel-thermal: Power data LPM_ACTIVE_RAILS_STEADY is under collecting
09-25 10:25:44.428 15443 15443 I pixel-thermal: ShutdownModePowerSteady data is under collecting
09-25 10:25:44.428 15443 15443 I pixel-thermal: Thermal sensor ShutdownModePowerSteady is under collecting
09-25 10:25:44.428 15443 15443 I pixel-thermal: VIRTUAL-SKIN:30.2341 raw data: VIRTUAL-SKIN:30234.1 
09-25 10:25:44.429  3035  3325 I TemperatureStateSource: temperature was set
09-25 10:25:44.429  3035  3325 D BusinessScope: Enqueuing the block
09-25 10:25:44.430  3035  3325 D ImpulseStateSource: Notify clients: 11228
09-25 10:25:44.430  3035  3325 D BusinessScope: Finish running the #22466 block
09-25 10:25:44.430  3035  3325 D BusinessScope: Start running the #22467 block
09-25 10:25:44.431  3035  3325 D BusinessScope: Finish running the #22467 block
09-25 10:25:44.698  1410  1495 I WifiHAL : Creating message to get link statistics; iface = 47
09-25 10:25:44.839  1410  1495 I WifiHAL : index: 0 per_rate_size 32, data_rem_len 896
09-25 10:25:44.840  1410  1495 I WifiHAL : index: 1 per_rate_size 32, data_rem_len 864
09-25 10:25:44.840  1410  1495 I WifiHAL : index: 2 per_rate_size 32, data_rem_len 832
09-25 10:25:44.840  1410  1495 I WifiHAL : index: 3 per_rate_size 32, data_rem_len 800
09-25 10:25:44.840  1410  1495 I WifiHAL : index: 4 per_rate_size 32, data_rem_len 768
09-25 10:25:44.840  1410  1495 I WifiHAL : index: 5 per_rate_size 32, data_rem_len 736
09-25 10:25:44.840  1410  1495 I WifiHAL : index: 6 per_rate_size 32, data_rem_len 704
09-25 10:25:44.840  1410  1495 I WifiHAL : index: 7 per_rate_size 32, data_rem_len 672
09-25 10:25:44.840  1410  1495 I WifiHAL : index: 8 per_rate_size 32, data_rem_len 640
09-25 10:25:44.840  1410  1495 I WifiHAL : index: 9 per_rate_size 32, data_rem_len 608
09-25 10:25:44.840  1410  1495 I WifiHAL : index: 10 per_rate_size 32, data_rem_len 576
09-25 10:25:44.840  1410  1495 I WifiHAL : index: 11 per_rate_size 32, data_rem_len 544
09-25 10:25:44.840  1410  1495 I WifiHAL : index: 12 per_rate_size 32, data_rem_len 512
09-25 10:25:44.840  1410  1495 I WifiHAL : index: 13 per_rate_size 32, data_rem_len 480
09-25 10:25:44.840  1410  1495 I WifiHAL : index: 14 per_rate_size 32, data_rem_len 448
09-25 10:25:44.840  1410  1495 I WifiHAL : index: 15 per_rate_size 32, data_rem_len 416
09-25 10:25:44.840  1410  1495 I WifiHAL : index: 16 per_rate_size 32, data_rem_len 384
09-25 10:25:44.840  1410  1495 I WifiHAL : index: 17 per_rate_size 32, data_rem_len 352
09-25 10:25:44.840  1410  1495 I WifiHAL : index: 18 per_rate_size 32, data_rem_len 320
09-25 10:25:44.840  1410  1495 I WifiHAL : index: 19 per_rate_size 32, data_rem_len 288
09-25 10:25:44.840  1410  1495 I WifiHAL : index: 20 per_rate_size 32, data_rem_len 256
09-25 10:25:44.840  1410  1495 I WifiHAL : index: 21 per_rate_size 32, data_rem_len 224
09-25 10:25:44.840  1410  1495 I WifiHAL : index: 22 per_rate_size 32, data_rem_len 192
09-25 10:25:44.840  1410  1495 I WifiHAL : index: 23 per_rate_size 32, data_rem_len 160
09-25 10:25:44.840  1410  1495 I WifiHAL : index: 24 per_rate_size 32, data_rem_len 128
09-25 10:25:44.840  1410  1495 I WifiHAL : index: 25 per_rate_size 32, data_rem_len 96
09-25 10:25:44.840  1410  1495 I WifiHAL : index: 26 per_rate_size 32, data_rem_len 64
09-25 10:25:44.840  1410  1495 I WifiHAL : index: 27 per_rate_size 32, data_rem_len 32
09-25 10:25:44.841  1410  1495 E libbinder.IPCThreadState: binder thread pool (1 threads) starved for 143 ms
09-25 10:25:44.843  1410  1495 I WifiHAL : Getting cached scan results, iface handle = 0xb4000078a680b3d0
09-25 10:25:44.843  1410  1495 E WifiHAL : Creating message to get cached scan results
09-25 10:25:44.854  1410  1495 I WifiHAL : In GetCachedScanResultsCommand::handleResponse
09-25 10:25:44.919  1857  2755 D ConnectivityService: NetReassign [no changes] [c 1] [a 1] [i 4]
09-25 10:25:45.022 15185 15195 I NullBinder: NullBinder for com.google.android.gms.lockbox.service.START triggering remote TransactionTooLargeException due to Service without Chimera impl, calling uid: 10151, calling pid: 14831
09-25 10:25:45.023 15185 15195 W .gms.persistent: Large reply transaction of 1056768 bytes, interface descriptor , code 46
09-25 10:25:45.023 14831 14890 E libbinder.IPCThreadState: Binder transaction failure. id: 33682779, BR_*: 29201, error: -28 (No space left on device)
09-25 10:25:45.023 14831 14890 D ActivityThread: Too many transaction errors, throttling freezer binder callback.
09-25 10:25:45.023 14831 14890 E JavaBinder: !!! FAILED BINDER TRANSACTION !!!  (parcel size = 408)
09-25 10:25:45.024 14831 14890 W GmsClient: IGmsServiceBroker.getService failed
09-25 10:25:45.024 14831 14890 W GmsClient: android.os.DeadObjectException: Transaction failed on small parcel; remote process probably died, but this could also be caused by running out of binder buffer space
09-25 10:25:45.024 14831 14890 W GmsClient: 	at android.os.BinderProxy.transactNative(Native Method)
09-25 10:25:45.024 14831 14890 W GmsClient: 	at android.os.BinderProxy.transact(BinderProxy.java:592)
09-25 10:25:45.024 14831 14890 W GmsClient: 	at barl.a(:com.google.android.gms@253562035@25.35.62 (260400-804666989):33)
09-25 10:25:45.024 14831 14890 W GmsClient: 	at baps.z(:com.google.android.gms@253562035@25.35.62 (260400-804666989):160)
09-25 10:25:45.024 14831 14890 W GmsClient: 	at azwp.run(:com.google.android.gms@253562035@25.35.62 (260400-804666989):42)
09-25 10:25:45.024 14831 14890 W GmsClient: 	at android.os.Handler.handleCallback(Handler.java:1041)
09-25 10:25:45.024 14831 14890 W GmsClient: 	at android.os.Handler.dispatchMessage(Handler.java:103)
09-25 10:25:45.024 14831 14890 W GmsClient: 	at cljj.mF(:com.google.android.gms@253562035@25.35.62 (260400-804666989):1)
09-25 10:25:45.024 14831 14890 W GmsClient: 	at cljj.dispatchMessage(:com.google.android.gms@253562035@25.35.62 (260400-804666989):144)
09-25 10:25:45.024 14831 14890 W GmsClient: 	at android.os.Looper.dispatchMessage(Looper.java:315)
09-25 10:25:45.024 14831 14890 W GmsClient: 	at android.os.Looper.loopOnce(Looper.java:251)
09-25 10:25:45.024 14831 14890 W GmsClient: 	at android.os.Looper.loop(Looper.java:349)
09-25 10:25:45.024 14831 14890 W GmsClient: 	at android.os.HandlerThread.run(HandlerThread.java:100)
09-25 10:25:45.070  1857  2805 D BackgroundInstallControlService: Package event received: 0
09-25 10:25:45.080  1857  1951 D ActivityManager: sync unfroze 28326 com.google.android.googlequicksearchbox:googleapp for 10
09-25 10:25:45.103  1857  1951 D ActivityManager: sync unfroze 28520 com.google.android.webview:sandboxed_process0:org.chromium.content.app.SandboxedProcessService0:0 for 10
09-25 10:25:45.104  1857  1951 W ProcessStats: Tracking association SourceState{6237c0a com.google.android.gms.persistent/10151 BTop #244221} whose proc state 2 is better than process ProcessState{580fb4b com.google.android.apps.photos/10211 pkg=com.google.android.apps.photos} proc state 15 (70 skipped)
09-25 10:25:45.146 28326 28326 W TimedProcessReaper: Scheduling killing of process to refresh configuration
09-25 10:25:45.149  8388  8388 I cnvf    : (REDACTED) #onReceive: %s
09-25 10:25:45.176  8388  8430 I cort    : (REDACTED) #entry Received SD.stop for [%s]
09-25 10:25:45.177  8388  8430 I cort    : (REDACTED) #entry Received SD.refresh for [%s]
09-25 10:25:45.204  8388  8428 I cofk    : #entry Starting PCP background refresh worker...
09-25 10:25:45.214  8388  8429 W bjru    : (REDACTED) Failed to find key '%s' in Settings.secure
09-25 10:25:45.214  8388  8429 W bjru    : android.provider.Settings$SettingNotFoundException: smartspace_pref_alert_key
09-25 10:25:45.214  8388  8429 W bjru    : 	at android.provider.Settings.parseIntSetting(Settings.java:4177)
09-25 10:25:45.214  8388  8429 W bjru    : 	at android.provider.Settings.-$$Nest$smparseIntSetting(Unknown Source:0)
09-25 10:25:45.214  8388  8429 W bjru    : 	at android.provider.Settings$Secure.getIntForUser(Settings.java:7580)
09-25 10:25:45.214  8388  8429 W bjru    : 	at android.provider.Settings$Secure.getInt(Settings.java:7572)
09-25 10:25:45.214  8388  8429 W bjru    : 	at bjru.g(PG:8)
09-25 10:25:45.214  8388  8429 W bjru    : 	at bjru.i(PG:114)
09-25 10:25:45.214  8388  8429 W bjru    : 	at bjro.test(PG:62)
09-25 10:25:45.214  8388  8429 W bjru    : 	at j$.util.stream.q.accept(r8-map-id-38ca5b214528abfa6442231baf92a91c5cc13e19b1ff0b96f9d73c9f17d81db9:74)
09-25 10:25:45.214  8388  8429 W bjru    : 	at j$.util.Iterator$-EL.forEachRemaining(r8-map-id-38ca5b214528abfa6442231baf92a91c5cc13e19b1ff0b96f9d73c9f17d81db9:24)
09-25 10:25:45.214  8388  8429 W bjru    : 	at j$.util.m1.forEachRemaining(r8-map-id-38ca5b214528abfa6442231baf92a91c5cc13e19b1ff0b96f9d73c9f17d81db9:24)
09-25 10:25:45.214  8388  8429 W bjru    : 	at j$.util.stream.a.f(r8-map-id-38ca5b214528abfa6442231baf92a91c5cc13e19b1ff0b96f9d73c9f17d81db9:21)
09-25 10:25:45.214  8388  8429 W bjru    : 	at j$.util.stream.z3.a(r8-map-id-38ca5b214528abfa6442231baf92a91c5cc13e19b1ff0b96f9d73c9f17d81db9:9)
09-25 10:25:45.214  8388  8429 W bjru    : 	at j$.util.stream.a.l(r8-map-id-38ca5b214528abfa6442231baf92a91c5cc13e19b1ff0b96f9d73c9f17d81db9:35)
09-25 10:25:45.214  8388  8429 W bjru    : 	at j$.util.stream.j5.collect(r8-map-id-38ca5b214528abfa6442231baf92a91c5cc13e19b1ff0b96f9d73c9f17d81db9:18)
09-25 10:25:45.214  8388  8429 W bjru    : 	at bksr.b(PG:77)
09-25 10:25:45.214  8388  8429 W bjru    : 	at bkta.b(PG:55)
09-25 10:25:45.214  8388  8429 W bjru    : 	at fnea.u(PG:12)
09-25 10:25:45.214  8388  8429 W bjru    : 	at fnnn.run(PG:110)
09-25 10:25:45.214  8388  8429 W bjru    : 	at elso.run(PG:3)
09-25 10:25:45.214  8388  8429 W bjru    : 	at cquk.run(PG:5)
09-25 10:25:45.214  8388  8429 W bjru    : 	at evdi.run(PG:44)
09-25 10:25:45.214  8388  8429 W bjru    : 	at cqtw.run(PG:83)
09-25 10:25:45.214  8388  8429 W bjru    : 	at java.lang.Thread.run(Thread.java:1119)
09-25 10:25:45.214  8388  8429 W bjru    : 	at cqvm.run(PG:62)
09-25 10:25:45.216  8388  8429 W bjru    : (REDACTED) This card is not supported Settings.Secure and is disabled by default, cardType: %s
09-25 10:25:45.216  8388  8429 W bjru    : (REDACTED) This card is not supported Settings.Secure and is disabled by default, cardType: %s
09-25 10:25:45.216  8388  8429 W bjru    : (REDACTED) This card is not supported Settings.Secure and is disabled by default, cardType: %s
09-25 10:25:45.217  8388  8429 W bjru    : (REDACTED) This card is not supported Settings.Secure and is disabled by default, cardType: %s
09-25 10:25:45.217  8388  8429 W bjru    : (REDACTED) This card is not supported Settings.Secure and is disabled by default, cardType: %s
09-25 10:25:45.217  8388  8429 W bjru    : (REDACTED) This card is not supported Settings.Secure and is disabled by default, cardType: %s
09-25 10:25:45.218  8388  8429 W bjru    : (REDACTED) This card is not supported Settings.Secure and is disabled by default, cardType: %s
09-25 10:25:45.218  8388  8429 W bjru    : (REDACTED) This card is not supported Settings.Secure and is disabled by default, cardType: %s
09-25 10:25:45.218  8388  8429 W bjru    : (REDACTED) This card is not supported Settings.Secure and is disabled by default, cardType: %s
09-25 10:25:45.218  8388  8429 W bjru    : (REDACTED) This card is not supported Settings.Secure and is disabled by default, cardType: %s
09-25 10:25:45.219  8388  8429 W bjru    : (REDACTED) This card is not supported Settings.Secure and is disabled by default, cardType: %s
09-25 10:25:45.219  8388  8429 W bjru    : (REDACTED) This card is not supported Settings.Secure and is disabled by default, cardType: %s
09-25 10:25:45.219  8388  8429 W bjru    : (REDACTED) This card is not supported Settings.Secure and is disabled by default, cardType: %s
09-25 10:25:45.219  8388  8429 W bjru    : (REDACTED) This card is not supported Settings.Secure and is disabled by default, cardType: %s
09-25 10:25:45.230  8388  8428 I cnwa    : (REDACTED) remove request for trigger key: %s, isClientInitiated: %s
09-25 10:25:45.233  8388  8430 I cnxz    : (REDACTED) #remove: subTriggerId=%s
09-25 10:25:45.234  8388  8429 I cpfw    : Generating Pixel weather data element
09-25 10:25:45.245  8388  8421 I cpey    : (REDACTED) getUpcomingEvents(%s, %s)
09-25 10:25:45.254  1857  2805 D BackgroundInstallControlService: Package event received: 0
09-25 10:25:45.292  1857  1949 D ActivityManager: sync unfroze 30513 com.google.android.apps.weather for 7
09-25 10:25:45.294  1857  1949 D ActivityManager: sync unfroze 30641 com.android.providers.calendar for 7
09-25 10:25:45.318  8388 29149 I wqz     : (REDACTED) filterInvalidEvents pre-filter size=%s
09-25 10:25:45.330  8388 29149 I wqz     : (REDACTED) post-filter events size=%s
09-25 10:25:45.388 30513 30513 I Endpoint: Created gRPC endpoint for service class com.google.android.apps.weather.api.server.Service
09-25 10:25:45.484 30513 30628 I ServiceImpl: Fetching weather for proactive assistant
09-25 10:25:45.484  8388  8430 I wqz     : (REDACTED) filterInvalidEvents pre-filter size=%s
09-25 10:25:45.485  8388  8430 I wqz     : (REDACTED) post-filter events size=%s
09-25 10:25:45.496  8388  8418 I bjur    : (REDACTED) Create TNG wrapped click intent for cardType: %s
09-25 10:25:45.496  8388  8418 I bkcp    : #createWrappedClickIntent: Put account
09-25 10:25:45.496  8388  8430 I bjur    : (REDACTED) Create TNG wrapped click intent for cardType: %s
09-25 10:25:45.496  8388  8430 I bkcp    : #createWrappedClickIntent: Put account
09-25 10:25:45.498  8388  8420 I bjur    : (REDACTED) Create TNG wrapped click intent for cardType: %s
09-25 10:25:45.498  8388  8420 I bkcp    : #createWrappedClickIntent: Put account
09-25 10:25:45.501  8388  8421 I bjur    : (REDACTED) Create TNG wrapped click intent for cardType: %s
09-25 10:25:45.501  8388  8421 I bkcp    : #createWrappedClickIntent: Put account
09-25 10:25:45.502  8388  8429 I bjur    : (REDACTED) Create TNG wrapped click intent for cardType: %s
09-25 10:25:45.502  8388  8429 I bkcp    : #createWrappedClickIntent: Put account
09-25 10:25:45.503  8388  8429 I bjur    : Create card explanation intent
09-25 10:25:45.503  8388  8430 I bjur    : Create card explanation intent
09-25 10:25:45.503  8388  8430 I bkcp    : #createWrappedClickIntent: Account is missing
09-25 10:25:45.504  8388  8428 I bjur    : (REDACTED) Create TNG wrapped click intent for cardType: %s
09-25 10:25:45.504  8388  8428 I bkcp    : #createWrappedClickIntent: Put account
09-25 10:25:45.504  8388  8428 I bjur    : Create card explanation intent
09-25 10:25:45.505  8388  8420 I bjur    : Create card explanation intent
09-25 10:25:45.505  8388  8430 I bjur    : (REDACTED) Create TNG wrapped click intent for cardType: %s
09-25 10:25:45.505  8388  8428 I bkcp    : #createWrappedClickIntent: Account is missing
09-25 10:25:45.506  8388  8430 I bkcp    : #createWrappedClickIntent: Put account
09-25 10:25:45.506  8388  8428 I bjur    : (REDACTED) Create TNG wrapped click intent for cardType: %s
09-25 10:25:45.506  8388  8428 I bkcp    : #createWrappedClickIntent: Put account
09-25 10:25:45.506  8388  8430 I bjur    : Create card explanation intent
09-25 10:25:45.506  8388  8430 I bkcp    : #createWrappedClickIntent: Account is missing
09-25 10:25:45.506  8388  8421 I bjur    : Create card explanation intent
09-25 10:25:45.507  8388  8421 I bkcp    : #createWrappedClickIntent: Account is missing
09-25 10:25:45.507  8388  8429 I bkcp    : #createWrappedClickIntent: Account is missing
09-25 10:25:45.507  8388  8430 I bjur    : (REDACTED) Create TNG wrapped click intent for cardType: %s
09-25 10:25:45.507  8388  8430 I bkcp    : #createWrappedClickIntent: Put account
09-25 10:25:45.507  8388  8420 I bkcp    : #createWrappedClickIntent: Account is missing
09-25 10:25:45.508  8388  8430 I bjur    : Create card explanation intent
09-25 10:25:45.508  8388  8430 I bkcp    : #createWrappedClickIntent: Account is missing
09-25 10:25:45.510  8388  8418 I bjur    : Create card explanation intent
09-25 10:25:45.510  8388  8418 I bkcp    : #createWrappedClickIntent: Account is missing
09-25 10:25:45.511  8388  8428 I bjur    : Create card explanation intent
09-25 10:25:45.511  8388  8428 I bkcp    : #createWrappedClickIntent: Account is missing
09-25 10:25:45.527 30513 30628 I LocalWeatherCacheAccess: Loading local weather from cache
09-25 10:25:45.549 30513 30513 I WeatherLoggerImpl: Log dropped - not opted in for usage reporting.
09-25 10:25:45.562  8388 10860 V ClearcutMetricXmitter: Transmission is done.
09-25 10:25:45.566 30513 30628 I LocationProviderImpl: Returning cached location, age=1227804
09-25 10:25:45.572 30513 30628 I EssentialsCurrentCondit: Querying current condition cache for request=-1211457405
09-25 10:25:45.572  8388  8420 I cnwa    : (REDACTED) remove request for trigger key: %s, isClientInitiated: %s
09-25 10:25:45.579  8388  8429 I cnxz    : (REDACTED) #maybeCreateTimeTrigger: time trigger= %s with start time=%d, stop time=%d in seconds.
09-25 10:25:45.600 30513 30532 I EssentialsCurrentCondit: Current condition cache invalid for request=-1211457405
09-25 10:25:45.601 30513 30532 I EssentialsDailyForecast: Querying daily forecast cache for request=-1211457405
09-25 10:25:45.613 30513 30526 I EssentialsDailyForecast: Daily forecast cache invalid for request=-1211457405
09-25 10:25:45.614 30513 30526 I EssentialsHourlyForecas: Querying hourly forecast cache for request=-1211457405
09-25 10:25:45.638 30513 30526 I EssentialsHourlyForecas: Hourly forecast cache invalid for request=-1211457405
09-25 10:25:45.639 30513 30526 I AlertCacheAccessor: Querying weather alert cache for request=-1211457405
09-25 10:25:45.653 30513 30526 I AlertCacheAccessor: Weather alert cache invalid for request=-1211457405
09-25 10:25:45.653 30513 30526 I LocalAddressCacheAccess: Querying local address cache for request=-1367427897
09-25 10:25:45.665 30513 30628 I LocalAddressCacheAccess: Local address cache hit for request=-1367427897
09-25 10:25:45.666 30513 30628 I LocalWeatherCacheAccess: Returning local weather as cache invalid
09-25 10:25:45.666 30513 30676 I LocalWeatherCacheAccess: Fetching fresh local weather data
09-25 10:25:45.670 30513 30676 I LocationProviderImpl: Trying to obtain last location.
09-25 10:25:45.675 15185 28920 I FusedLocation: Population density provider result is null, falling back to default coarsening algorithm [CONTEXT service_id=6 ]
09-25 10:25:45.679 30513 30676 I LocationProviderImpl: Last location obtained successfully
09-25 10:25:45.679 30513 30676 I LocationProviderImpl: Using last known location, age=PT9M51.307S
09-25 10:25:45.681 30513 30748 I LocalAddressCacheAccess: Querying local address cache for request=-1367427897
09-25 10:25:45.682 30513 30676 I EssentialsCurrentCondit: Fetching fresh current condition weather for request=-1697700222
09-25 10:25:45.683 30513 30556 I EssentialsHourlyForecas: Fetching fresh hourly forecast for request=-1697700222
09-25 10:25:45.684 30513 30559 I EssentialsDailyForecast: Fetching fresh daily forecast for request=-1697700222
09-25 10:25:45.685 30513 30665 I AlertCacheAccessor: Fetching weather alert for request=-1697700222
09-25 10:25:45.688 30513 30513 I WeatherLoggerImpl: Log dropped - not opted in for usage reporting.
09-25 10:25:45.696 30513 30748 I LocalAddressCacheAccess: Local address cache hit for request=-1367427897
09-25 10:25:46.013 30513 31212 I cn_CronetUrlRequestContext: destroyNativeStreamLocked org.chromium.net.impl.CronetBidirectionalStream@18b6ff8
09-25 10:25:46.019 30513 31212 I cn_CronetUrlRequestContext: destroyNativeStreamLocked org.chromium.net.impl.CronetBidirectionalStream@20bfad3
09-25 10:25:46.020 30513 31212 I cn_CronetUrlRequestContext: destroyNativeStreamLocked org.chromium.net.impl.CronetBidirectionalStream@7b84610
09-25 10:25:46.029 30513 31212 I cn_CronetUrlRequestContext: destroyNativeStreamLocked org.chromium.net.impl.CronetBidirectionalStream@4193ec3
09-25 10:25:46.041 30513 30559 I EssentialsCurrentCondit: Querying current condition cache for request=-1697700222
09-25 10:25:46.044 30513 30747 I EssentialsCurrentCondit: Old current condition is different from new current condition for request=-1697700222
09-25 10:25:46.051 30513 30559 I EssentialsDailyForecast: Querying daily forecast cache for request=-1697700222
09-25 10:25:46.052 30513 30559 I EssentialsDailyForecast: Old daily forecast is different from new daily forecast for request=-1697700222
09-25 10:25:46.053 30513 30665 I EssentialsCurrentCondit: Current condition cache hit for request=-1697700222
09-25 10:25:46.077 30513 30676 I AlertCacheAccessor: Querying weather alert cache for request=-1697700222
09-25 10:25:46.080 30513 30559 I EssentialsDailyForecast: Daily forecast cache hit for request=-1697700222
09-25 10:25:46.083 30513 30559 I LocationProviderImpl: Trying to obtain last location.
09-25 10:25:46.084 30513 30559 I LocationProviderImpl: Trying to obtain last location.
09-25 10:25:46.087 15185 28920 I FusedLocation: Population density provider result is null, falling back to default coarsening algorithm [CONTEXT service_id=6 ]
09-25 10:25:46.090 30513 30559 I AlertCacheAccessor: Weather alert cache hit for request=-1697700222
09-25 10:25:46.095 30513 30559 I LocationProviderImpl: Last location obtained successfully
09-25 10:25:46.095 15185 28920 I FusedLocation: Population density provider result is null, falling back to default coarsening algorithm [CONTEXT service_id=6 ]
09-25 10:25:46.095 30513 30559 I LocationProviderImpl: Using last known location, age=PT9M51.723S
09-25 10:25:46.097 30513 30513 I WeatherLoggerImpl: Log dropped - not opted in for usage reporting.
09-25 10:25:46.099 30513 30676 I LocationProviderImpl: Last location obtained successfully
09-25 10:25:46.099 30513 30676 I LocationProviderImpl: Using last known location, age=PT9M51.727S
09-25 10:25:46.103 30513 30513 I WeatherLoggerImpl: Log dropped - not opted in for usage reporting.
09-25 10:25:46.107 30513 30559 I WidgetDataListener: EssentialsDailyForecast changed: No widgets installed, not refreshing
09-25 10:25:46.100  1370  1370 W TracingMuxer: type=1400 audit(0.0:11740): avc:  denied  { write } for  name="traced_producer" dev="tmpfs" ino=1358 scontext=u:r:hal_neuralnetworks_darwinn:s0 tcontext=u:object_r:traced_producer_socket:s0 tclass=sock_file permissive=0
09-25 10:25:46.107 30513 30559 I WidgetDataListener: EssentialsCurrentCondition changed: No widgets installed, not refreshing
09-25 10:25:46.116 30513 30559 I EssentialsHourlyForecas: Old hourly forecast is different from new hourly forecast for request=-1697700222
09-25 10:25:46.116 30513 30676 I EssentialsHourlyForecas: Querying hourly forecast cache for request=-1697700222
09-25 10:25:46.120 30513 30665 I WidgetDataListener: EssentialsHourlyForecast changed: No widgets installed, not refreshing
09-25 10:25:46.143 30513 30665 I EssentialsHourlyForecas: Hourly forecast cache hit for request=-1697700222
09-25 10:25:46.144 30513 30530 I LocalWeatherCacheAccess: Loading local weather from cache
09-25 10:25:46.148 30513 30530 I LocationProviderImpl: Returning cached location, age=591772
09-25 10:25:46.149 30513 30530 I EssentialsCurrentCondit: Querying current condition cache for request=-1236502134
09-25 10:25:46.159 30513 30532 I EssentialsCurrentCondit: Current condition cache hit for request=-1236502134
09-25 10:25:46.160 30513 30532 I EssentialsDailyForecast: Querying daily forecast cache for request=-1236502134
09-25 10:25:46.171 30513 30526 I EssentialsDailyForecast: Daily forecast cache hit for request=-1236502134
09-25 10:25:46.172 30513 30526 I EssentialsHourlyForecas: Querying hourly forecast cache for request=-1236502134
09-25 10:25:46.195 30513 30532 I EssentialsHourlyForecas: Hourly forecast cache hit for request=-1236502134
09-25 10:25:46.195 30513 30532 I AlertCacheAccessor: Querying weather alert cache for request=-1236502134
09-25 10:25:46.205 30513 30628 I AlertCacheAccessor: Weather alert cache hit for request=-1236502134
09-25 10:25:46.206 30513 30628 I LocalAddressCacheAccess: Querying local address cache for request=-1367427897
09-25 10:25:46.215 30513 30526 I LocalAddressCacheAccess: Local address cache hit for request=-1367427897
09-25 10:25:46.215 30513 30526 I LocalWeatherCacheAccess: Returning local weather as cache hit
09-25 10:25:46.215 30513 30526 I ServiceImpl: Obtained weather, preparing response
09-25 10:25:46.221 30513 30513 I WeatherLoggerImpl: Log dropped - not opted in for usage reporting.
09-25 10:25:46.249  8388  8418 I cpfw    : (REDACTED) Obtained %s hourly forecasts
09-25 10:25:46.250  8388  8418 I cpfw    : (REDACTED) Obtained %s daily forecasts
09-25 10:25:46.250  8388  8418 I cpfw    : Pixel Weather data obtained successfully
09-25 10:25:46.266  8388  8430 I cnwa    : (REDACTED) remove request for trigger key: %s, isClientInitiated: %s
09-25 10:25:46.267  8388  8430 I cnwa    : (REDACTED) remove request for trigger key: %s, isClientInitiated: %s
09-25 10:25:46.267  8388  8430 I cnwa    : (REDACTED) remove request for trigger key: %s, isClientInitiated: %s
09-25 10:25:46.268  8388  8430 I cnwa    : (REDACTED) remove request for trigger key: %s, isClientInitiated: %s
09-25 10:25:46.274  8388  8418 I cnxz    : (REDACTED) #remove: subTriggerId=%s
09-25 10:25:46.277  8388  8428 I cnxz    : (REDACTED) #remove: subTriggerId=%s
09-25 10:25:46.283  8388  8418 I cnxz    : (REDACTED) #maybeCreateTimeTrigger: time trigger= %s with start time=%d, stop time=%d in seconds.
09-25 10:25:46.288  1857  4548 D CompatChangeReporter: Compat change id reported: 349487600; UID 10183; state: ENABLED
09-25 10:25:46.289  8388  8428 I cnxz    : (REDACTED) #maybeCreateTimeTrigger: time trigger= %s with start time=%d, stop time=%d in seconds.
09-25 10:25:46.297  1857  2755 D ConnectivityService: Sending PendingIntent{8ff18a4: PendingIntentRecord{f7a60d com.google.android.googlequicksearchbox broadcastIntent}}
09-25 10:25:46.308  1857  2755 D ConnectivityService: NetReassign [no changes] [c 0] [a 13] [i 5]
09-25 10:25:46.312  8388  8388 I cnvf    : (REDACTED) #onReceive: %s
09-25 10:25:46.323  8388  8430 I cnwa    : (REDACTED) remove request for trigger key: %s, isClientInitiated: %s
09-25 10:25:46.330  1857  1857 D ConnectivityService: Finished sending PendingIntent{8ff18a4: PendingIntentRecord{f7a60d com.google.android.googlequicksearchbox broadcastIntent}}
09-25 10:25:46.333  8388  8429 W bjru    : (REDACTED) Failed to find key '%s' in Settings.secure
09-25 10:25:46.333  8388  8429 W bjru    : android.provider.Settings$SettingNotFoundException: smartspace_pref_alert_key
09-25 10:25:46.333  8388  8429 W bjru    : 	at android.provider.Settings.parseIntSetting(Settings.java:4177)
09-25 10:25:46.333  8388  8429 W bjru    : 	at android.provider.Settings.-$$Nest$smparseIntSetting(Unknown Source:0)
09-25 10:25:46.333  8388  8429 W bjru    : 	at android.provider.Settings$Secure.getIntForUser(Settings.java:7580)
09-25 10:25:46.333  8388  8429 W bjru    : 	at android.provider.Settings$Secure.getInt(Settings.java:7572)
09-25 10:25:46.333  8388  8429 W bjru    : 	at bjru.g(PG:8)
09-25 10:25:46.333  8388  8429 W bjru    : 	at bjru.i(PG:114)
09-25 10:25:46.333  8388  8429 W bjru    : 	at bjro.test(PG:62)
09-25 10:25:46.333  8388  8429 W bjru    : 	at j$.util.stream.q.accept(r8-map-id-38ca5b214528abfa6442231baf92a91c5cc13e19b1ff0b96f9d73c9f17d81db9:74)
09-25 10:25:46.333  8388  8429 W bjru    : 	at j$.util.Iterator$-EL.forEachRemaining(r8-map-id-38ca5b214528abfa6442231baf92a91c5cc13e19b1ff0b96f9d73c9f17d81db9:24)
09-25 10:25:46.333  8388  8429 W bjru    : 	at j$.util.m1.forEachRemaining(r8-map-id-38ca5b214528abfa6442231baf92a91c5cc13e19b1ff0b96f9d73c9f17d81db9:24)
09-25 10:25:46.333  8388  8429 W bjru    : 	at j$.util.stream.a.f(r8-map-id-38ca5b214528abfa6442231baf92a91c5cc13e19b1ff0b96f9d73c9f17d81db9:21)
09-25 10:25:46.333  8388  8429 W bjru    : 	at j$.util.stream.z3.a(r8-map-id-38ca5b214528abfa6442231baf92a91c5cc13e19b1ff0b96f9d73c9f17d81db9:9)
09-25 10:25:46.333  8388  8429 W bjru    : 	at j$.util.stream.a.l(r8-map-id-38ca5b214528abfa6442231baf92a91c5cc13e19b1ff0b96f9d73c9f17d81db9:35)
09-25 10:25:46.333  8388  8429 W bjru    : 	at j$.util.stream.j5.collect(r8-map-id-38ca5b214528abfa6442231baf92a91c5cc13e19b1ff0b96f9d73c9f17d81db9:18)
09-25 10:25:46.333  8388  8429 W bjru    : 	at bksr.b(PG:77)
09-25 10:25:46.333  8388  8429 W bjru    : 	at bkta.b(PG:55)
09-25 10:25:46.333  8388  8429 W bjru    : 	at fnea.u(PG:12)
09-25 10:25:46.333  8388  8429 W bjru    : 	at fnnn.run(PG:110)
09-25 10:25:46.333  8388  8429 W bjru    : 	at elso.run(PG:3)
09-25 10:25:46.333  8388  8429 W bjru    : 	at ende.run(PG:13)
09-25 10:25:46.333  8388  8429 W bjru    : 	at cquk.run(PG:5)
09-25 10:25:46.333  8388  8429 W bjru    : 	at evdi.run(PG:44)
09-25 10:25:46.333  8388  8429 W bjru    : 	at cqtw.run(PG:83)
09-25 10:25:46.333  8388  8429 W bjru    : 	at java.lang.Thread.run(Thread.java:1119)
09-25 10:25:46.333  8388  8429 W bjru    : 	at cqvm.run(PG:62)
09-25 10:25:46.334  8388  8429 W bjru    : (REDACTED) This card is not supported Settings.Secure and is disabled by default, cardType: %s
09-25 10:25:46.334  8388  8429 W bjru    : (REDACTED) This card is not supported Settings.Secure and is disabled by default, cardType: %s
09-25 10:25:46.334  8388  8429 W bjru    : (REDACTED) This card is not supported Settings.Secure and is disabled by default, cardType: %s
09-25 10:25:46.335  8388  8429 W bjru    : (REDACTED) This card is not supported Settings.Secure and is disabled by default, cardType: %s
09-25 10:25:46.335  8388  8429 W bjru    : (REDACTED) This card is not supported Settings.Secure and is disabled by default, cardType: %s
09-25 10:25:46.335  8388  8429 W bjru    : (REDACTED) This card is not supported Settings.Secure and is disabled by default, cardType: %s
09-25 10:25:46.336  8388  8428 I bksz    : #onDataUpdated
09-25 10:25:46.337  8388  8429 W bjru    : (REDACTED) This card is not supported Settings.Secure and is disabled by default, cardType: %s
09-25 10:25:46.337  8388  8429 W bjru    : (REDACTED) This card is not supported Settings.Secure and is disabled by default, cardType: %s
09-25 10:25:46.338  8388  8429 W bjru    : (REDACTED) This card is not supported Settings.Secure and is disabled by default, cardType: %s
09-25 10:25:46.338  8388  8429 W bjru    : (REDACTED) This card is not supported Settings.Secure and is disabled by default, cardType: %s
09-25 10:25:46.338  8388  8429 W bjru    : (REDACTED) This card is not supported Settings.Secure and is disabled by default, cardType: %s
09-25 10:25:46.338  8388  8429 W bjru    : (REDACTED) This card is not supported Settings.Secure and is disabled by default, cardType: %s
09-25 10:25:46.339  8388  8428 I biys    : (REDACTED) Updating user context. Event: %s
09-25 10:25:46.339  8388  8429 W bjru    : (REDACTED) This card is not supported Settings.Secure and is disabled by default, cardType: %s
09-25 10:25:46.340  8388  8429 W bjru    : (REDACTED) This card is not supported Settings.Secure and is disabled by default, cardType: %s
09-25 10:25:46.344  8388  8428 I cnxz    : (REDACTED) #remove: subTriggerId=%s
09-25 10:25:46.352  1857  2492 D ActivityManager: freezing 10466 com.google.android.turboadapter
09-25 10:25:46.357  8388  8430 I cnxz    : (REDACTED) #maybeCreateTimeTrigger: time trigger= %s with start time=%d, stop time=%d in seconds.
09-25 10:25:46.360  1857  2755 D InetDiagMessage: Destroyed 0 sockets, proto=IPPROTO_TCP, family=AF_INET, states=14
09-25 10:25:46.361  1857  2755 D InetDiagMessage: Destroyed 0 sockets, proto=IPPROTO_TCP, family=AF_INET6, states=14
09-25 10:25:46.362  1857  2755 D InetDiagMessage: Destroyed live tcp sockets for uids={10244} in 4ms
09-25 10:25:46.365  8388  8430 I cnwa    : (REDACTED) remove request for trigger key: %s, isClientInitiated: %s
09-25 10:25:46.366  1857  2805 D BackgroundInstallControlService: Package event received: 0
09-25 10:25:46.368  8388  8418 I cnxz    : (REDACTED) #remove: subTriggerId=%s
09-25 10:25:46.370  8388  8429 I SS3PSurfacesSuggestAggr: Neither TNG Smartspace widget nor OEM is enabled.
09-25 10:25:46.372  8388  8429 I BcSsSuggestionAgg: #handlePcpDataUpdate
09-25 10:25:46.372  8388  8429 I coiu    : (REDACTED) #entry Fetching proactive suggestions for [%s]
09-25 10:25:46.374 14831 14831 D BoundBrokerSvc: onBind: Intent { act=com.google.android.gms.wallet.service.BIND xflg=0x4 pkg=com.google.android.gms }
09-25 10:25:46.374 14831 14831 D BoundBrokerSvc: Loading bound service for intent: Intent { act=com.google.android.gms.wallet.service.BIND xflg=0x4 pkg=com.google.android.gms }
09-25 10:25:46.376  8388  8429 I weh     : (REDACTED) %s getProactiveContent: %s
09-25 10:25:46.376  8388  8421 I cnxz    : (REDACTED) #maybeCreateTimeTrigger: time trigger= %s with start time=%d, stop time=%d in seconds.
09-25 10:25:46.382  8388  8418 I wfo     : (REDACTED) #getLastReturnedProactiveData for client type %s and proactive data type %s
09-25 10:25:46.382  8388  8418 I wgd     : (REDACTED) #getLastReturnedProactiveData for client type %s and proactive data type %s
09-25 10:25:46.384  8388  8418 I wfo     : (REDACTED) #getLastReturnedProactiveData for client type %s and proactive data type %s
09-25 10:25:46.384  8388  8418 I wgd     : (REDACTED) #getLastReturnedProactiveData for client type %s and proactive data type %s
09-25 10:25:46.385  8388  8418 I wfo     : (REDACTED) #getLastReturnedProactiveData for client type %s and proactive data type %s
09-25 10:25:46.385  8388  8418 I wgd     : (REDACTED) #getLastReturnedProactiveData for client type %s and proactive data type %s
09-25 10:25:46.386  8388  8428 W bjru    : (REDACTED) Failed to find key '%s' in Settings.secure
09-25 10:25:46.386  8388  8428 W bjru    : android.provider.Settings$SettingNotFoundException: smartspace_pref_alert_key
09-25 10:25:46.386  8388  8428 W bjru    : 	at android.provider.Settings.parseIntSetting(Settings.java:4177)
09-25 10:25:46.386  8388  8428 W bjru    : 	at android.provider.Settings.-$$Nest$smparseIntSetting(Unknown Source:0)
09-25 10:25:46.386  8388  8428 W bjru    : 	at android.provider.Settings$Secure.getIntForUser(Settings.java:7580)
09-25 10:25:46.386  8388  8428 W bjru    : 	at android.provider.Settings$Secure.getInt(Settings.java:7572)
09-25 10:25:46.386  8388  8428 W bjru    : 	at bjru.g(PG:8)
09-25 10:25:46.386  8388  8428 W bjru    : 	at bjru.i(PG:114)
09-25 10:25:46.386  8388  8428 W bjru    : 	at bjro.test(PG:62)
09-25 10:25:46.386  8388  8428 W bjru    : 	at j$.util.stream.q.accept(r8-map-id-38ca5b214528abfa6442231baf92a91c5cc13e19b1ff0b96f9d73c9f17d81db9:74)
09-25 10:25:46.386  8388  8428 W bjru    : 	at j$.util.Iterator$-EL.forEachRemaining(r8-map-id-38ca5b214528abfa6442231baf92a91c5cc13e19b1ff0b96f9d73c9f17d81db9:24)
09-25 10:25:46.386  8388  8428 W bjru    : 	at j$.util.m1.forEachRemaining(r8-map-id-38ca5b214528abfa6442231baf92a91c5cc13e19b1ff0b96f9d73c9f17d81db9:24)
09-25 10:25:46.386  8388  8428 W bjru    : 	at j$.util.stream.a.f(r8-map-id-38ca5b214528abfa6442231baf92a91c5cc13e19b1ff0b96f9d73c9f17d81db9:21)
09-25 10:25:46.386  8388  8428 W bjru    : 	at j$.util.stream.z3.a(r8-map-id-38ca5b214528abfa6442231baf92a91c5cc13e19b1ff0b96f9d73c9f17d81db9:9)
09-25 10:25:46.386  8388  8428 W bjru    : 	at j$.util.stream.a.l(r8-map-id-38ca5b214528abfa6442231baf92a91c5cc13e19b1ff0b96f9d73c9f17d81db9:35)
09-25 10:25:46.386  8388  8428 W bjru    : 	at j$.util.stream.j5.collect(r8-map-id-38ca5b214528abfa6442231baf92a91c5cc13e19b1ff0b96f9d73c9f17d81db9:18)
09-25 10:25:46.386  8388  8428 W bjru    : 	at bksr.b(PG:77)
09-25 10:25:46.386  8388  8428 W bjru    : 	at bkta.b(PG:55)
09-25 10:25:46.386  8388  8428 W bjru    : 	at fnea.u(PG:12)
09-25 10:25:46.386  8388  8428 W bjru    : 	at fnnn.run(PG:110)
09-25 10:25:46.386  8388  8428 W bjru    : 	at elso.run(PG:3)
09-25 10:25:46.386  8388  8428 W bjru    : 	at ende.run(PG:13)
09-25 10:25:46.386  8388  8428 W bjru    : 	at cquk.run(PG:5)
09-25 10:25:46.386  8388  8428 W bjru    : 	at evdi.run(PG:44)
09-25 10:25:46.386  8388  8428 W bjru    : 	at cqtw.run(PG:83)
09-25 10:25:46.386  8388  8428 W bjru    : 	at java.lang.Thread.run(Thread.java:1119)
09-25 10:25:46.386  8388  8428 W bjru    : 	at cqvm.run(PG:62)
09-25 10:25:46.387  8388  8428 W bjru    : (REDACTED) This card is not supported Settings.Secure and is disabled by default, cardType: %s
09-25 10:25:46.387  8388  8428 W bjru    : (REDACTED) This card is not supported Settings.Secure and is disabled by default, cardType: %s
09-25 10:25:46.387  8388  8418 I wgd     : (REDACTED) #getLastReturnedProactiveData for client type %s and proactive data type %s
09-25 10:25:46.387  8388  8428 W bjru    : (REDACTED) This card is not supported Settings.Secure and is disabled by default, cardType: %s
09-25 10:25:46.390  8388  8428 W bjru    : (REDACTED) This card is not supported Settings.Secure and is disabled by default, cardType: %s
09-25 10:25:46.390  8388  8428 W bjru    : (REDACTED) This card is not supported Settings.Secure and is disabled by default, cardType: %s
09-25 10:25:46.390  8388  8428 W bjru    : (REDACTED) This card is not supported Settings.Secure and is disabled by default, cardType: %s
09-25 10:25:46.392  8388  8428 W bjru    : (REDACTED) This card is not supported Settings.Secure and is disabled by default, cardType: %s
09-25 10:25:46.392  8388  8430 I DebugExecutorService: execute() called with Runnable: cdgp@9a24427
09-25 10:25:46.392  8388  8430 I DebugExecutorService: cdgp@9a24427 finished on thread
09-25 10:25:46.392  8388  8428 W bjru    : (REDACTED) This card is not supported Settings.Secure and is disabled by default, cardType: %s
09-25 10:25:46.393  8388 10848 I DebugExecutorService: execute() called with Runnable: cdgs@7d5fb72
09-25 10:25:46.393  8388 10848 I DebugExecutorService: cdgs@7d5fb72 finished on thread
09-25 10:25:46.393  8388 10848 I CrossProfileSender: tryMakeAsyncCalls
09-25 10:25:46.393  8388 10848 I DebugExecutorService: execute() called with Runnable: cdgq@4e4fbc3
09-25 10:25:46.393  8388 10848 I DebugExecutorService: cdgq@4e4fbc3 finished on thread
09-25 10:25:46.393  8388 10848 I CrossProfileSender: Attempting to bind
09-25 10:25:46.393  8388  8428 W bjru    : (REDACTED) This card is not supported Settings.Secure and is disabled by default, cardType: %s
09-25 10:25:46.393  8388  8429 W bivr    : Triggering event does not contain a headphone connection.
09-25 10:25:46.394  8388 10848 I CrossProfileSender: Binding attempt failed: Permission not granted
09-25 10:25:46.394  8388  8428 W bjru    : (REDACTED) This card is not supported Settings.Secure and is disabled by default, cardType: %s
09-25 10:25:46.394  8388  8428 W bjru    : (REDACTED) This card is not supported Settings.Secure and is disabled by default, cardType: %s
09-25 10:25:46.395  8388 10848 I DebugExecutorService: execute() called with Runnable: cdgt@311911f
09-25 10:25:46.395  8388 10848 I DebugExecutorService: cdgt@311911f finished on thread
09-25 10:25:46.395  8388  8428 W bjru    : (REDACTED) This card is not supported Settings.Secure and is disabled by default, cardType: %s
09-25 10:25:46.395  8388  8428 W bjru    : (REDACTED) This card is not supported Settings.Secure and is disabled by default, cardType: %s
09-25 10:25:46.396  8388  8428 W bjru    : (REDACTED) This card is not supported Settings.Secure and is disabled by default, cardType: %s
09-25 10:25:46.400  8388  8420 I cpey    : (REDACTED) getUpcomingEvents(%s, %s)
09-25 10:25:46.410  8388 29149 I wqz     : (REDACTED) filterInvalidEvents pre-filter size=%s
09-25 10:25:46.410  8388 29149 I wqz     : (REDACTED) post-filter events size=%s
09-25 10:25:46.430  8388  8413 I wry     : #updateLastReturnedDatabase
09-25 10:25:46.431  8388  8412 I wfo     : #putNewReturnedDataQuery
09-25 10:25:46.432  8388  8412 I wgd     : #putNewReturnedDataQuery
09-25 10:25:46.432  8388  8429 I bkmo    : OEM Device doesn't enable Smartspace Integration.
09-25 10:25:46.432  8388  8429 I A       : Air Quality is disabled in TNG.
09-25 10:25:46.433  8388  8429 I bkjw    : Hotel feature is disabled.
09-25 10:25:46.433  8388  8429 I bkkd    : Hotel feature is disabled.
09-25 10:25:46.434  8388  8429 I bkpq    : Time to leave feature is disabled via ProactiveDataList producer.
09-25 10:25:46.434  8388  8429 I A       : Weather Alert is disabled in TNG via ProactiveDataList producer.
09-25 10:25:46.434  8388  8429 I A       : Weather is disabled in TNG via ProactiveDataList producer.
09-25 10:25:46.435  8388  8403 I wfo     : #putNewReturnedDataQuery
09-25 10:25:46.435  8388  8403 I wgd     : #putNewReturnedDataQuery
09-25 10:25:46.436  8388  8422 I wgg     : #putNewReturnedDataQuery
09-25 10:25:46.436  8388  8422 I wgd     : #putNewReturnedDataQuery
09-25 10:25:46.436  8388  8413 I wfo     : #putNewReturnedDataQuery
09-25 10:25:46.436  8388  8413 I wgd     : #putNewReturnedDataQuery
09-25 10:25:46.572  8388  8429 I wqz     : (REDACTED) filterInvalidEvents pre-filter size=%s
09-25 10:25:46.572  8388  8429 I wqz     : (REDACTED) post-filter events size=%s
09-25 10:25:46.579  8388  8428 I bjur    : (REDACTED) Create TNG wrapped click intent for cardType: %s
09-25 10:25:46.579  8388  8428 I bkcp    : #createWrappedClickIntent: Put account
09-25 10:25:46.579  8388  8430 I bjur    : (REDACTED) Create TNG wrapped click intent for cardType: %s
09-25 10:25:46.579  8388  8430 I bkcp    : #createWrappedClickIntent: Put account
09-25 10:25:46.579  8388  8428 I bjur    : Create card explanation intent
09-25 10:25:46.579  8388  8428 I bkcp    : #createWrappedClickIntent: Account is missing
09-25 10:25:46.580  8388  8429 I bjur    : (REDACTED) Create TNG wrapped click intent for cardType: %s
09-25 10:25:46.580  8388  8429 I bkcp    : #createWrappedClickIntent: Put account
09-25 10:25:46.580  8388  8429 I bjur    : Create card explanation intent
09-25 10:25:46.580  8388  8429 I bkcp    : #createWrappedClickIntent: Account is missing
09-25 10:25:46.580  8388  8430 I bjur    : Create card explanation intent
