09-25 10:26:16.794  1410  1495 I WifiHAL : index: 10 per_rate_size 32, data_rem_len 576
09-25 10:26:16.794  1410  1495 I WifiHAL : index: 11 per_rate_size 32, data_rem_len 544
09-25 10:26:16.794  1410  1495 I WifiHAL : index: 12 per_rate_size 32, data_rem_len 512
09-25 10:26:16.794  1410  1495 I WifiHAL : index: 13 per_rate_size 32, data_rem_len 480
09-25 10:26:16.794  1410  1495 I WifiHAL : index: 14 per_rate_size 32, data_rem_len 448
09-25 10:26:16.794  1410  1495 I WifiHAL : index: 15 per_rate_size 32, data_rem_len 416
09-25 10:26:16.794  1410  1495 I WifiHAL : index: 16 per_rate_size 32, data_rem_len 384
09-25 10:26:16.794  1410  1495 I WifiHAL : index: 17 per_rate_size 32, data_rem_len 352
09-25 10:26:16.794  1410  1495 I WifiHAL : index: 18 per_rate_size 32, data_rem_len 320
09-25 10:26:16.794  1410  1495 I WifiHAL : index: 19 per_rate_size 32, data_rem_len 288
09-25 10:26:16.794  1410  1495 I WifiHAL : index: 20 per_rate_size 32, data_rem_len 256
09-25 10:26:16.794  1410  1495 I WifiHAL : index: 21 per_rate_size 32, data_rem_len 224
09-25 10:26:16.794  1410  1495 I WifiHAL : index: 22 per_rate_size 32, data_rem_len 192
09-25 10:26:16.794  1410  1495 I WifiHAL : index: 23 per_rate_size 32, data_rem_len 160
09-25 10:26:16.794  1410  1495 I WifiHAL : index: 24 per_rate_size 32, data_rem_len 128
09-25 10:26:16.794  1410  1495 I WifiHAL : index: 25 per_rate_size 32, data_rem_len 96
09-25 10:26:16.794  1410  1495 I WifiHAL : index: 26 per_rate_size 32, data_rem_len 64
09-25 10:26:16.794  1410  1495 I WifiHAL : index: 27 per_rate_size 32, data_rem_len 32
09-25 10:26:16.795  1410  1495 E libbinder.IPCThreadState: binder thread pool (1 threads) starved for 141 ms
09-25 10:26:16.797  1410  1495 I WifiHAL : Getting cached scan results, iface handle = 0xb4000078a680b3d0
09-25 10:26:16.797  1410  1495 E WifiHAL : Creating message to get cached scan results
09-25 10:26:16.810  1410  1495 I WifiHAL : In GetCachedScanResultsCommand::handleResponse
09-25 10:26:16.829 15185 15194 I NullBinder: NullBinder for com.google.android.gms.lockbox.service.START triggering remote TransactionTooLargeException due to Service without Chimera impl, calling uid: 10151, calling pid: 14831
09-25 10:26:16.829 15185 15194 W .gms.persistent: Large reply transaction of 1056768 bytes, interface descriptor , code 46
09-25 10:26:16.829 14831 14890 E libbinder.IPCThreadState: Binder transaction failure. id: 33688426, BR_*: 29201, error: -28 (No space left on device)
09-25 10:26:16.829 14831 14890 D ActivityThread: Too many transaction errors, throttling freezer binder callback.
09-25 10:26:16.829 14831 14890 E JavaBinder: !!! FAILED BINDER TRANSACTION !!!  (parcel size = 408)
09-25 10:26:16.832 14831 14890 W GmsClient: IGmsServiceBroker.getService failed
09-25 10:26:16.832 14831 14890 W GmsClient: android.os.DeadObjectException: Transaction failed on small parcel; remote process probably died, but this could also be caused by running out of binder buffer space
09-25 10:26:16.832 14831 14890 W GmsClient: 	at android.os.BinderProxy.transactNative(Native Method)
09-25 10:26:16.832 14831 14890 W GmsClient: 	at android.os.BinderProxy.transact(BinderProxy.java:592)
09-25 10:26:16.832 14831 14890 W GmsClient: 	at barl.a(:com.google.android.gms@253562035@25.35.62 (260400-804666989):33)
09-25 10:26:16.832 14831 14890 W GmsClient: 	at baps.z(:com.google.android.gms@253562035@25.35.62 (260400-804666989):160)
09-25 10:26:16.832 14831 14890 W GmsClient: 	at azwp.run(:com.google.android.gms@253562035@25.35.62 (260400-804666989):42)
09-25 10:26:16.832 14831 14890 W GmsClient: 	at android.os.Handler.handleCallback(Handler.java:1041)
09-25 10:26:16.832 14831 14890 W GmsClient: 	at android.os.Handler.dispatchMessage(Handler.java:103)
09-25 10:26:16.832 14831 14890 W GmsClient: 	at cljj.mF(:com.google.android.gms@253562035@25.35.62 (260400-804666989):1)
09-25 10:26:16.832 14831 14890 W GmsClient: 	at cljj.dispatchMessage(:com.google.android.gms@253562035@25.35.62 (260400-804666989):144)
09-25 10:26:16.832 14831 14890 W GmsClient: 	at android.os.Looper.dispatchMessage(Looper.java:315)
09-25 10:26:16.832 14831 14890 W GmsClient: 	at android.os.Looper.loopOnce(Looper.java:251)
09-25 10:26:16.832 14831 14890 W GmsClient: 	at android.os.Looper.loop(Looper.java:349)
09-25 10:26:16.832 14831 14890 W GmsClient: 	at android.os.HandlerThread.run(HandlerThread.java:100)
09-25 10:26:16.841  1857  2755 D InetDiagMessage: Destroyed 0 sockets, proto=IPPROTO_TCP, family=AF_INET, states=14
09-25 10:26:16.844  1857  2755 D InetDiagMessage: Destroyed 0 sockets, proto=IPPROTO_TCP, family=AF_INET6, states=14
09-25 10:26:16.844  1857  2755 D InetDiagMessage: Destroyed live tcp sockets for uids={10184} in 5ms
09-25 10:26:16.872  1857  2755 D ConnectivityService: NetReassign [no changes] [c 1] [a 1] [i 4]
09-25 10:26:17.533 30580 30580 W TimedProcessReaper: Current importance is: 100
09-25 10:26:19.524 15185 15194 I NullBinder: NullBinder for com.google.android.gms.lockbox.service.START triggering remote TransactionTooLargeException due to Service without Chimera impl, calling uid: 10151, calling pid: 14831
09-25 10:26:19.525 15185 15194 W .gms.persistent: Large reply transaction of 1056768 bytes, interface descriptor , code 46
09-25 10:26:19.526 14831 14890 E libbinder.IPCThreadState: Binder transaction failure. id: 33688546, BR_*: 29201, error: -28 (No space left on device)
09-25 10:26:19.526 14831 14890 D ActivityThread: Too many transaction errors, throttling freezer binder callback.
09-25 10:26:19.526 14831 14890 E JavaBinder: !!! FAILED BINDER TRANSACTION !!!  (parcel size = 408)
09-25 10:26:19.527 14831 14890 W GmsClient: IGmsServiceBroker.getService failed
09-25 10:26:19.527 14831 14890 W GmsClient: android.os.DeadObjectException: Transaction failed on small parcel; remote process probably died, but this could also be caused by running out of binder buffer space
09-25 10:26:19.527 14831 14890 W GmsClient: 	at android.os.BinderProxy.transactNative(Native Method)
09-25 10:26:19.527 14831 14890 W GmsClient: 	at android.os.BinderProxy.transact(BinderProxy.java:592)
09-25 10:26:19.527 14831 14890 W GmsClient: 	at barl.a(:com.google.android.gms@253562035@25.35.62 (260400-804666989):33)
09-25 10:26:19.527 14831 14890 W GmsClient: 	at baps.z(:com.google.android.gms@253562035@25.35.62 (260400-804666989):160)
09-25 10:26:19.527 14831 14890 W GmsClient: 	at azwp.run(:com.google.android.gms@253562035@25.35.62 (260400-804666989):42)
09-25 10:26:19.527 14831 14890 W GmsClient: 	at android.os.Handler.handleCallback(Handler.java:1041)
09-25 10:26:19.527 14831 14890 W GmsClient: 	at android.os.Handler.dispatchMessage(Handler.java:103)
09-25 10:26:19.527 14831 14890 W GmsClient: 	at cljj.mF(:com.google.android.gms@253562035@25.35.62 (260400-804666989):1)
09-25 10:26:19.527 14831 14890 W GmsClient: 	at cljj.dispatchMessage(:com.google.android.gms@253562035@25.35.62 (260400-804666989):144)
09-25 10:26:19.527 14831 14890 W GmsClient: 	at android.os.Looper.dispatchMessage(Looper.java:315)
09-25 10:26:19.527 14831 14890 W GmsClient: 	at android.os.Looper.loopOnce(Looper.java:251)
09-25 10:26:19.527 14831 14890 W GmsClient: 	at android.os.Looper.loop(Looper.java:349)
09-25 10:26:19.527 14831 14890 W GmsClient: 	at android.os.HandlerThread.run(HandlerThread.java:100)
09-25 10:26:19.869  1410  1495 I WifiHAL : Creating message to get link statistics; iface = 47
09-25 10:26:19.962  1410  1495 I WifiHAL : index: 0 per_rate_size 32, data_rem_len 896
09-25 10:26:19.962  1410  1495 I WifiHAL : index: 1 per_rate_size 32, data_rem_len 864
09-25 10:26:19.962  1410  1495 I WifiHAL : index: 2 per_rate_size 32, data_rem_len 832
09-25 10:26:19.962  1410  1495 I WifiHAL : index: 3 per_rate_size 32, data_rem_len 800
09-25 10:26:19.962  1410  1495 I WifiHAL : index: 4 per_rate_size 32, data_rem_len 768
09-25 10:26:19.962  1410  1495 I WifiHAL : index: 5 per_rate_size 32, data_rem_len 736
09-25 10:26:19.962  1410  1495 I WifiHAL : index: 6 per_rate_size 32, data_rem_len 704
09-25 10:26:19.962  1410  1495 I WifiHAL : index: 7 per_rate_size 32, data_rem_len 672
09-25 10:26:19.962  1410  1495 I WifiHAL : index: 8 per_rate_size 32, data_rem_len 640
09-25 10:26:19.962  1410  1495 I WifiHAL : index: 9 per_rate_size 32, data_rem_len 608
09-25 10:26:19.962  1410  1495 I WifiHAL : index: 10 per_rate_size 32, data_rem_len 576
09-25 10:26:19.962  1410  1495 I WifiHAL : index: 11 per_rate_size 32, data_rem_len 544
09-25 10:26:19.962  1410  1495 I WifiHAL : index: 12 per_rate_size 32, data_rem_len 512
09-25 10:26:19.962  1410  1495 I WifiHAL : index: 13 per_rate_size 32, data_rem_len 480
09-25 10:26:19.962  1410  1495 I WifiHAL : index: 14 per_rate_size 32, data_rem_len 448
09-25 10:26:19.962  1410  1495 I WifiHAL : index: 15 per_rate_size 32, data_rem_len 416
09-25 10:26:19.962  1410  1495 I WifiHAL : index: 16 per_rate_size 32, data_rem_len 384
09-25 10:26:19.962  1410  1495 I WifiHAL : index: 17 per_rate_size 32, data_rem_len 352
09-25 10:26:19.962  1410  1495 I WifiHAL : index: 18 per_rate_size 32, data_rem_len 320
09-25 10:26:19.962  1410  1495 I WifiHAL : index: 19 per_rate_size 32, data_rem_len 288
09-25 10:26:19.962  1410  1495 I WifiHAL : index: 20 per_rate_size 32, data_rem_len 256
09-25 10:26:19.962  1410  1495 I WifiHAL : index: 21 per_rate_size 32, data_rem_len 224
09-25 10:26:19.962  1410  1495 I WifiHAL : index: 22 per_rate_size 32, data_rem_len 192
09-25 10:26:19.962  1410  1495 I WifiHAL : index: 23 per_rate_size 32, data_rem_len 160
09-25 10:26:19.962  1410  1495 I WifiHAL : index: 24 per_rate_size 32, data_rem_len 128
09-25 10:26:19.962  1410  1495 I WifiHAL : index: 25 per_rate_size 32, data_rem_len 96
09-25 10:26:19.962  1410  1495 I WifiHAL : index: 26 per_rate_size 32, data_rem_len 64
09-25 10:26:19.962  1410  1495 I WifiHAL : index: 27 per_rate_size 32, data_rem_len 32
09-25 10:26:19.965  1410  1495 I WifiHAL : Getting cached scan results, iface handle = 0xb4000078a680b3d0
09-25 10:26:19.965  1410  1495 E WifiHAL : Creating message to get cached scan results
09-25 10:26:19.977  1410  1495 I WifiHAL : In GetCachedScanResultsCommand::handleResponse
09-25 10:26:20.040  1857  2755 D ConnectivityService: NetReassign [no changes] [c 1] [a 0] [i 5]
09-25 10:26:20.128 15185 15194 I NullBinder: NullBinder for com.google.android.gms.lockbox.service.START triggering remote TransactionTooLargeException due to Service without Chimera impl, calling uid: 10151, calling pid: 14831
09-25 10:26:20.128 15185 15194 W .gms.persistent: Large reply transaction of 1056768 bytes, interface descriptor , code 46
09-25 10:26:20.129 14831 14890 E libbinder.IPCThreadState: Binder transaction failure. id: 33688585, BR_*: 29201, error: -28 (No space left on device)
09-25 10:26:20.130 14831 14890 D ActivityThread: Too many transaction errors, throttling freezer binder callback.
09-25 10:26:20.130 14831 14890 E JavaBinder: !!! FAILED BINDER TRANSACTION !!!  (parcel size = 408)
09-25 10:26:20.132 14831 14890 W GmsClient: IGmsServiceBroker.getService failed
09-25 10:26:20.132 14831 14890 W GmsClient: android.os.DeadObjectException: Transaction failed on small parcel; remote process probably died, but this could also be caused by running out of binder buffer space
09-25 10:26:20.132 14831 14890 W GmsClient: 	at android.os.BinderProxy.transactNative(Native Method)
09-25 10:26:20.132 14831 14890 W GmsClient: 	at android.os.BinderProxy.transact(BinderProxy.java:592)
09-25 10:26:20.132 14831 14890 W GmsClient: 	at barl.a(:com.google.android.gms@253562035@25.35.62 (260400-804666989):33)
09-25 10:26:20.132 14831 14890 W GmsClient: 	at baps.z(:com.google.android.gms@253562035@25.35.62 (260400-804666989):160)
09-25 10:26:20.132 14831 14890 W GmsClient: 	at azwp.run(:com.google.android.gms@253562035@25.35.62 (260400-804666989):42)
09-25 10:26:20.132 14831 14890 W GmsClient: 	at android.os.Handler.handleCallback(Handler.java:1041)
09-25 10:26:20.132 14831 14890 W GmsClient: 	at android.os.Handler.dispatchMessage(Handler.java:103)
09-25 10:26:20.132 14831 14890 W GmsClient: 	at cljj.mF(:com.google.android.gms@253562035@25.35.62 (260400-804666989):1)
09-25 10:26:20.132 14831 14890 W GmsClient: 	at cljj.dispatchMessage(:com.google.android.gms@253562035@25.35.62 (260400-804666989):144)
09-25 10:26:20.132 14831 14890 W GmsClient: 	at android.os.Looper.dispatchMessage(Looper.java:315)
09-25 10:26:20.132 14831 14890 W GmsClient: 	at android.os.Looper.loopOnce(Looper.java:251)
09-25 10:26:20.132 14831 14890 W GmsClient: 	at android.os.Looper.loop(Looper.java:349)
09-25 10:26:20.132 14831 14890 W GmsClient: 	at android.os.HandlerThread.run(HandlerThread.java:100)
09-25 10:26:21.235  8388 17479 I libbinder.IPCThreadState: oneway function results for code 2 on binder at 0xb400007558ab2f20 will be dropped but finished with status UNKNOWN_TRANSACTION
09-25 10:26:21.849 15185 15194 I NullBinder: NullBinder for com.google.android.gms.lockbox.service.START triggering remote TransactionTooLargeException due to Service without Chimera impl, calling uid: 10151, calling pid: 14831
09-25 10:26:21.849 15185 15194 W .gms.persistent: Large reply transaction of 1056768 bytes, interface descriptor , code 46
09-25 10:26:21.850 14831 14890 E libbinder.IPCThreadState: Binder transaction failure. id: 33688689, BR_*: 29201, error: -28 (No space left on device)
09-25 10:26:21.851 14831 14890 E JavaBinder: !!! FAILED BINDER TRANSACTION !!!  (parcel size = 408)
09-25 10:26:21.851  1857  5972 W ActivityManager: pid 14831 com.google.android.gms sent binder code 46 with flags 0 and got error -2147483646
09-25 10:26:21.852 14831 14890 W GmsClient: IGmsServiceBroker.getService failed
09-25 10:26:21.852 14831 14890 W GmsClient: android.os.DeadObjectException: Transaction failed on small parcel; remote process probably died, but this could also be caused by running out of binder buffer space
09-25 10:26:21.852 14831 14890 W GmsClient: 	at android.os.BinderProxy.transactNative(Native Method)
09-25 10:26:21.852 14831 14890 W GmsClient: 	at android.os.BinderProxy.transact(BinderProxy.java:592)
09-25 10:26:21.852 14831 14890 W GmsClient: 	at barl.a(:com.google.android.gms@253562035@25.35.62 (260400-804666989):33)
09-25 10:26:21.852 14831 14890 W GmsClient: 	at baps.z(:com.google.android.gms@253562035@25.35.62 (260400-804666989):160)
09-25 10:26:21.852 14831 14890 W GmsClient: 	at azwp.run(:com.google.android.gms@253562035@25.35.62 (260400-804666989):42)
09-25 10:26:21.852 14831 14890 W GmsClient: 	at android.os.Handler.handleCallback(Handler.java:1041)
09-25 10:26:21.852 14831 14890 W GmsClient: 	at android.os.Handler.dispatchMessage(Handler.java:103)
09-25 10:26:21.852 14831 14890 W GmsClient: 	at cljj.mF(:com.google.android.gms@253562035@25.35.62 (260400-804666989):1)
09-25 10:26:21.852 14831 14890 W GmsClient: 	at cljj.dispatchMessage(:com.google.android.gms@253562035@25.35.62 (260400-804666989):144)
09-25 10:26:21.852 14831 14890 W GmsClient: 	at android.os.Looper.dispatchMessage(Looper.java:315)
09-25 10:26:21.852 14831 14890 W GmsClient: 	at android.os.Looper.loopOnce(Looper.java:251)
09-25 10:26:21.852 14831 14890 W GmsClient: 	at android.os.Looper.loop(Looper.java:349)
09-25 10:26:21.852 14831 14890 W GmsClient: 	at android.os.HandlerThread.run(HandlerThread.java:100)
09-25 10:26:22.429  4516  4516 D NfcService: handleMessage: MSG_WATCHDOG_PING
09-25 10:26:22.434  1364  1404 D CHRE.HAL: Received a nanoapp message from 0x476f6f676c00100b endpoint 0x17: Type 0x401 size 63 
09-25 10:26:22.435  1364  1404 D CHRE    : @ 407471.854: Parsed nanoapp message from host: app ID 0x476f6f676c00100b endpoint 0x17 msgType 112 payload size 10
09-25 10:26:22.436  1364  1404 I CHRE    : @ 407471.855: [NanoMinion] received MSG Type 0x70, Version 1, 6 bytes
09-25 10:26:22.436  1364  1404 I CHRE    : @ 407471.855: [AR] request.flush
09-25 10:26:22.436  1364  1404 I CHRE    : @ 407471.855: [AR] send to host, reason=3, sampleSize=2, transitionSize=0, lastAccelTime = 407398956, lastAudioTime = 0 
09-25 10:26:22.436  1364  1404 I CHRE    : @ 407471.855: [NanoMinion] sent MSG Type 0x72, Version 0, 55 bytes, MessageId 145
09-25 10:26:22.445  1857  4675 W AppOps  : Noting op not finished: uid 10151 pkg com.google.android.gms code 113 startTime of in progress event=1758745486112
09-25 10:26:22.454  1857  5972 W AppOps  : Noting op not finished: uid 10151 pkg com.google.android.gms code 79 startTime of in progress event=1758745486112
09-25 10:26:22.466  1857  4548 W AppOps  : Noting op not finished: uid 10151 pkg com.google.android.gms code 113 startTime of in progress event=1758745486112
09-25 10:26:22.474  1857  4675 W AppOps  : Noting op not finished: uid 10151 pkg com.google.android.gms code 79 startTime of in progress event=1758745486112
09-25 10:26:22.481 15185 15242 I ActivityScheduler: nextTriggerTime: 407520551, in 60000ms, detectorType: 0,  alarmWindowMillis: 7500
09-25 10:26:23.033  1410  1495 I WifiHAL : Creating message to get link statistics; iface = 47
09-25 10:26:23.117  1410  1495 I WifiHAL : index: 0 per_rate_size 32, data_rem_len 896
09-25 10:26:23.117  1410  1495 I WifiHAL : index: 1 per_rate_size 32, data_rem_len 864
09-25 10:26:23.117  1410  1495 I WifiHAL : index: 2 per_rate_size 32, data_rem_len 832
09-25 10:26:23.117  1410  1495 I WifiHAL : index: 3 per_rate_size 32, data_rem_len 800
09-25 10:26:23.117  1410  1495 I WifiHAL : index: 4 per_rate_size 32, data_rem_len 768
09-25 10:26:23.117  1410  1495 I WifiHAL : index: 5 per_rate_size 32, data_rem_len 736
09-25 10:26:23.117  1410  1495 I WifiHAL : index: 6 per_rate_size 32, data_rem_len 704
09-25 10:26:23.117  1410  1495 I WifiHAL : index: 7 per_rate_size 32, data_rem_len 672
09-25 10:26:23.117  1410  1495 I WifiHAL : index: 8 per_rate_size 32, data_rem_len 640
09-25 10:26:23.117  1410  1495 I WifiHAL : index: 9 per_rate_size 32, data_rem_len 608
09-25 10:26:23.117  1410  1495 I WifiHAL : index: 10 per_rate_size 32, data_rem_len 576
09-25 10:26:23.117  1410  1495 I WifiHAL : index: 11 per_rate_size 32, data_rem_len 544
09-25 10:26:23.117  1410  1495 I WifiHAL : index: 12 per_rate_size 32, data_rem_len 512
09-25 10:26:23.117  1410  1495 I WifiHAL : index: 13 per_rate_size 32, data_rem_len 480
09-25 10:26:23.117  1410  1495 I WifiHAL : index: 14 per_rate_size 32, data_rem_len 448
09-25 10:26:23.117  1410  1495 I WifiHAL : index: 15 per_rate_size 32, data_rem_len 416
09-25 10:26:23.117  1410  1495 I WifiHAL : index: 16 per_rate_size 32, data_rem_len 384
09-25 10:26:23.117  1410  1495 I WifiHAL : index: 17 per_rate_size 32, data_rem_len 352
09-25 10:26:23.117  1410  1495 I WifiHAL : index: 18 per_rate_size 32, data_rem_len 320
09-25 10:26:23.117  1410  1495 I WifiHAL : index: 19 per_rate_size 32, data_rem_len 288
09-25 10:26:23.117  1410  1495 I WifiHAL : index: 20 per_rate_size 32, data_rem_len 256
09-25 10:26:23.117  1410  1495 I WifiHAL : index: 21 per_rate_size 32, data_rem_len 224
09-25 10:26:23.117  1410  1495 I WifiHAL : index: 22 per_rate_size 32, data_rem_len 192
09-25 10:26:23.117  1410  1495 I WifiHAL : index: 23 per_rate_size 32, data_rem_len 160
09-25 10:26:23.117  1410  1495 I WifiHAL : index: 24 per_rate_size 32, data_rem_len 128
09-25 10:26:23.117  1410  1495 I WifiHAL : index: 25 per_rate_size 32, data_rem_len 96
09-25 10:26:23.117  1410  1495 I WifiHAL : index: 26 per_rate_size 32, data_rem_len 64
09-25 10:26:23.117  1410  1495 I WifiHAL : index: 27 per_rate_size 32, data_rem_len 32
09-25 10:26:23.121  1410  1495 I WifiHAL : Getting cached scan results, iface handle = 0xb4000078a680b3d0
09-25 10:26:23.121  1410  1495 E WifiHAL : Creating message to get cached scan results
09-25 10:26:23.132  1410  1495 I WifiHAL : In GetCachedScanResultsCommand::handleResponse
09-25 10:26:23.186  1857  2755 D ConnectivityService: NetReassign [no changes] [c 1] [a 1] [i 4]
09-25 10:26:23.447  1857  4548 W AppOps  : Noting op not finished: uid 10151 pkg com.google.android.gms code 113 startTime of in progress event=1758745486112
09-25 10:26:23.485 15185 15185 D BoundBrokerSvc: onRebind: Intent { act=com.google.android.gms.libs.gmscorelogger.service.START dat=chimera-action:/... xflg=0x4 cmp=com.google.android.gms/.chimera.PersistentDirectBootAwareApiService }
09-25 10:26:24.447  3035  3325 D ImpulseConnection: timeout didn't happen: com.google.android.apps.turbo
09-25 10:26:24.461  3035  4220 D TemperatureStateSource: sequence=10669 actualDelay=10001
09-25 10:26:24.461  3035  4220 D TemperatureStateSource: Reading temperature: sequence=10670
09-25 10:26:24.467 15443 15443 I pixel-thermal: VIRTUAL-SKIN-MODEL: model_input: [29168.00 32729.00 29235.00 30704.00 30392.00 31282.00 31839.00 30014.00 ]
09-25 10:26:24.468 15443 15443 I native  : I0000 00:00:1758788784.467899   15443 thermal_tflite_wrapper.cc:261] ThermalTfliteInvoke
09-25 10:26:24.468 15443 15443 I pixel-thermal: VIRTUAL-SKIN-MODEL: model_output: [30778.8 ]
09-25 10:26:24.468 15443 15443 I pixel-thermal: VIRTUAL-SKIN-MODEL: predicted_value: [30778.8 ]
09-25 10:26:24.468 15443 15443 I pixel-thermal: Power data LPM_ACTIVE_RAILS_TRANS is under collecting
09-25 10:26:24.468 15443 15443 I pixel-thermal: ShutdownModePowerTrans data is under collecting
09-25 10:26:24.468 15443 15443 I pixel-thermal: Thermal sensor ShutdownModePowerTrans is under collecting
09-25 10:26:24.468 15443 15443 I pixel-thermal: Power data LPM_ACTIVE_RAILS_STEADY is under collecting
09-25 10:26:24.468 15443 15443 I pixel-thermal: ShutdownModePowerSteady data is under collecting
09-25 10:26:24.468 15443 15443 I pixel-thermal: Thermal sensor ShutdownModePowerSteady is under collecting
09-25 10:26:24.468 15443 15443 I pixel-thermal: VIRTUAL-SKIN:30.6227 raw data: VIRTUAL-SKIN:30622.7 VIRTUAL-SKIN-LEGACY:29939.6 VIRTUAL-SKIN-LEGACY-MODEL-DIFF:-839.199 VIRTUAL-SKIN-LEGACY-SHUTDOWN:0 VIRTUAL-SKIN-MODEL:30778.8 VIRTUAL-SKIN-MODEL-CLAMPED:30778.8 VIRTUAL-SKIN-MODEL-LEGACY-DIFF:839.199 VIRTUAL-SKIN-MODEL-UPDATED:30622.7 VIRTUAL-SKIN-MODEL-UPPER-CLAMPED:30778.8 VIRTUAL-SKIN-SUB-0:29828.9 VIRTUAL-SKIN-SUB-1:29430 VIRTUAL-SKIN-SUB-2:28060.5 VIRTUAL-SKIN-SUB-3:29856.5 VIRTUAL-SKIN-SUB-4:29939.6 VIRTUAL-SKIN-SUB-5:29006.7 VIRTUAL-SKIN-SUB-6:29841.4 VT_LEGACY_WEIGHT:0 VT_MODEL_WEIGHT:1 btmspkr_therm:29168 charging_therm:32729 disp_therm:29235 north_therm:30704 quiet_therm:30392 rfpa_therm:31282 soc_therm:31839 usb_pwr_therm:30014 
09-25 10:26:24.469  3035  4220 D TemperatureStateSource: getDeviceTemperatures: sequence=10670 deviceTemperatureType=3 temperatureSource=0 temperatures=[30.622677]
09-25 10:26:24.469  3035  4220 D BusinessScope: Enqueuing the block
09-25 10:26:24.470  3035  4220 D TemperatureStateSource: sequence=10670 waitTime=10000
09-25 10:26:24.470  3035  3136 D BusinessScope: Start running the #22474 block
09-25 10:26:24.471 15443 15443 I pixel-thermal: Power data LPM_ACTIVE_RAILS_TRANS is under collecting
09-25 10:26:24.471 15443 15443 I pixel-thermal: ShutdownModePowerTrans data is under collecting
09-25 10:26:24.472 15443 15443 I pixel-thermal: Thermal sensor ShutdownModePowerTrans is under collecting
09-25 10:26:24.472 15443 15443 I pixel-thermal: Power data LPM_ACTIVE_RAILS_STEADY is under collecting
09-25 10:26:24.472 15443 15443 I pixel-thermal: ShutdownModePowerSteady data is under collecting
09-25 10:26:24.472 15443 15443 I pixel-thermal: Thermal sensor ShutdownModePowerSteady is under collecting
09-25 10:26:24.472 15443 15443 I pixel-thermal: VIRTUAL-SKIN:30.6227 raw data: VIRTUAL-SKIN:30622.7 
09-25 10:26:24.472  3035  3136 I TemperatureStateSource: temperature was set
09-25 10:26:24.473  3035  3136 D BusinessScope: Enqueuing the block
09-25 10:26:24.473  3035  3136 D ImpulseStateSource: Notify clients: 11232
09-25 10:26:24.473  3035  3136 D BusinessScope: Finish running the #22474 block
09-25 10:26:24.473  3035  3136 D BusinessScope: Start running the #22475 block
09-25 10:26:24.474  3035  3136 D BusinessScope: Finish running the #22475 block
09-25 10:26:24.482  1420  1485 D shamp   : [TEA] [Domain: LTE_RRM] [Token: 48fb20ca] [Timestamp: 1758788770444]: Srxlev(21.74dB) S_NonIntraSearchP_Ind(1) S_NonIntraSearchP(14dB) LTERRM_S_NONINTRASEARCH_OFFSET(0dB)
09-25 10:26:24.482  1420  1485 D shamp   : [TEA] [Domain: LTE DM] [Token: 9c07e879] [Timestamp: 1758788771038]: | 1_S |CC0 Mx0 Sc0| PCell SFN [ 21,161 ], DL EARFCN [ 7, 3050], PCell ID [394], DL Bandwidth [ 5]
09-25 10:26:24.482  1420  1485 D shamp   : [TEA] [Domain: LTE_DM] [Token: b4155ea3] [Timestamp: 1758788771038]: |CC0 Mx0 Sc0| PCell SINR Avg: -4.29 RX Count: 2]
09-25 10:26:24.483  1420  1485 D shamp   : [TEA] [Domain: LTE_RRM] [Token: 48fb20ca] [Timestamp: 1758788771079]: Srxlev(21.74dB) S_NonIntraSearchP_Ind(1) S_NonIntraSearchP(14dB) LTERRM_S_NONINTRASEARCH_OFFSET(0dB)
09-25 10:26:24.483  1420  1485 D shamp   : [TEA] [Domain: LTE DM] [Token: 9c07e879] [Timestamp: 1758788771677]: | 1_S |CC0 Mx0 Sc0| PCell SFN [ 21,800 ], DL EARFCN [ 7, 3050], PCell ID [394], DL Bandwidth [ 5]
09-25 10:26:24.483  1420  1485 D shamp   : [TEA] [Domain: LTE_DM] [Token: b4155ea3] [Timestamp: 1758788771678]: |CC0 Mx0 Sc0| PCell SINR Avg: -2.41 RX Count: 2]
09-25 10:26:24.483  1420  1485 D shamp   : [TEA] [Domain: LTE_RRM] [Token: 48fb20ca] [Timestamp: 1758788771723]: Srxlev(21.61dB) S_NonIntraSearchP_Ind(1) S_NonIntraSearchP(14dB) LTERRM_S_NONINTRASEARCH_OFFSET(0dB)
09-25 10:26:24.483  1420  1485 D shamp   : [TEA] [Domain: LTE DM] [Token: 9c07e879] [Timestamp: 1758788772318]: | 1_S |CC0 Mx0 Sc0| PCell SFN [ 21,1441 ], DL EARFCN [ 7, 3050], PCell ID [394], DL Bandwidth [ 5]
09-25 10:26:24.483  1420  1485 D shamp   : [TEA] [Domain: LTE_DM] [Token: b4155ea3] [Timestamp: 1758788772318]: |CC0 Mx0 Sc0| PCell SINR Avg: -4.09 RX Count: 2]
09-25 10:26:24.483  1420  1485 D shamp   : [TEA] [Domain: LTE_RRM] [Token: 48fb20ca] [Timestamp: 1758788772358]: Srxlev(21.61dB) S_NonIntraSearchP_Ind(1) S_NonIntraSearchP(14dB) LTERRM_S_NONINTRASEARCH_OFFSET(0dB)
09-25 10:26:24.483  1420  1485 D shamp   : [TEA] [Domain: LTE DM] [Token: 9c07e879] [Timestamp: 1758788772957]: | 1_S |CC0 Mx0 Sc0| PCell SFN [ 21,2080 ], DL EARFCN [ 7, 3050], PCell ID [394], DL Bandwidth [ 5]
09-25 10:26:24.483  1420  1485 D shamp   : [TEA] [Domain: LTE_DM] [Token: b4155ea3] [Timestamp: 1758788772958]: |CC0 Mx0 Sc0| PCell SINR Avg: -2.44 RX Count: 2]
09-25 10:26:24.483  1420  1485 D shamp   : [TEA] [Domain: LTE_RRM] [Token: 48fb20ca] [Timestamp: 1758788773004]: Srxlev(21.83dB) S_NonIntraSearchP_Ind(1) S_NonIntraSearchP(14dB) LTERRM_S_NONINTRASEARCH_OFFSET(0dB)
09-25 10:26:24.483  1420  1485 D shamp   : [TEA] [Domain: LTE DM] [Token: 9c07e879] [Timestamp: 1758788773598]: | 1_S |CC0 Mx0 Sc0| PCell SFN [ 21,2721 ], DL EARFCN [ 7, 3050], PCell ID [394], DL Bandwidth [ 5]
09-25 10:26:24.483  1420  1485 D shamp   : [TEA] [Domain: LTE_DM] [Token: b4155ea3] [Timestamp: 1758788773598]: |CC0 Mx0 Sc0| PCell SINR Avg: -4.24 RX Count: 2]
09-25 10:26:24.483  1420  1485 D shamp   : [TEA] [Domain: LTE_RRM] [Token: 48fb20ca] [Timestamp: 1758788773639]: Srxlev(21.83dB) S_NonIntraSearchP_Ind(1) S_NonIntraSearchP(14dB) LTERRM_S_NONINTRASEARCH_OFFSET(0dB)
09-25 10:26:24.483  1420  1485 D shamp   : [TEA] [Domain: LTE DM] [Token: 9c07e879] [Timestamp: 1758788774238]: | 1_S |CC0 Mx0 Sc0| PCell SFN [ 21,3361 ], DL EARFCN [ 7, 3050], PCell ID [394], DL Bandwidth [ 5]
09-25 10:26:24.483  1420  1485 D shamp   : [TEA] [Domain: LTE_DM] [Token: b4155ea3] [Timestamp: 1758788774238]: |CC0 Mx0 Sc0| PCell SINR Avg: -4.07 RX Count: 2]
09-25 10:26:24.483  1420  1485 D shamp   : [TEA] [Domain: LTE_RRM] [Token: 48fb20ca] [Timestamp: 1758788774283]: Srxlev(22.07dB) S_NonIntraSearchP_Ind(1) S_NonIntraSearchP(14dB) LTERRM_S_NONINTRASEARCH_OFFSET(0dB)
09-25 10:26:24.483  1420  1485 D shamp   : [TEA] [Domain: LTE DM] [Token: 9c07e879] [Timestamp: 1758788774878]: | 1_S |CC0 Mx0 Sc0| PCell SFN [ 21,4000 ], DL EARFCN [ 7, 3050], PCell ID [394], DL Bandwidth [ 5]
09-25 10:26:24.483  1420  1485 D shamp   : [TEA] [Domain: LTE_DM] [Token: b4155ea3] [Timestamp: 1758788774878]: |CC0 Mx0 Sc0| PCell SINR Avg: -2.34 RX Count: 2]
09-25 10:26:24.483  1420  1485 D shamp   : [TEA] [Domain: LTE_RRM] [Token: 48fb20ca] [Timestamp: 1758788774920]: Srxlev(22.07dB) S_NonIntraSearchP_Ind(1) S_NonIntraSearchP(14dB) LTERRM_S_NONINTRASEARCH_OFFSET(0dB)
09-25 10:26:24.483  1420  1485 D shamp   : [TEA] [Domain: LTE DM] [Token: 9c07e879] [Timestamp: 1758788775517]: | 1_S |CC0 Mx0 Sc0| PCell SFN [ 21,4640 ], DL EARFCN [ 7, 3050], PCell ID [394], DL Bandwidth [ 5]
09-25 10:26:24.483  1420  1485 D shamp   : [TEA] [Domain: LTE_DM] [Token: b4155ea3] [Timestamp: 1758788775518]: |CC0 Mx0 Sc0| PCell SINR Avg: -2.69 RX Count: 2]
09-25 10:26:24.484  1420  1485 D shamp   : [TEA] [Domain: LTE_RRM] [Token: 48fb20ca] [Timestamp: 1758788775564]: Srxlev(21.98dB) S_NonIntraSearchP_Ind(1) S_NonIntraSearchP(14dB) LTERRM_S_NONINTRASEARCH_OFFSET(0dB)
09-25 10:26:24.484  1420  1485 D shamp   : [TEA] [Domain: LTE DM] [Token: 9c07e879] [Timestamp: 1758788776158]: | 1_S |CC0 Mx0 Sc0| PCell SFN [ 21,5280 ], DL EARFCN [ 7, 3050], PCell ID [394], DL Bandwidth [ 5]
09-25 10:26:24.484  1420  1485 D shamp   : [TEA] [Domain: LTE_DM] [Token: b4155ea3] [Timestamp: 1758788776158]: |CC0 Mx0 Sc0| PCell SINR Avg: -2.43 RX Count: 2]
09-25 10:26:24.484  1420  1485 D shamp   : [TEA] [Domain: LTE_RRM] [Token: 48fb20ca] [Timestamp: 1758788776199]: Srxlev(21.98dB) S_NonIntraSearchP_Ind(1) S_NonIntraSearchP(14dB) LTERRM_S_NONINTRASEARCH_OFFSET(0dB)
09-25 10:26:24.484  1420  1485 D shamp   : [TEA] [Domain: LTE DM] [Token: 9c07e879] [Timestamp: 1758788776798]: | 1_S |CC0 Mx0 Sc0| PCell SFN [ 21,5921 ], DL EARFCN [ 7, 3050], PCell ID [394], DL Bandwidth [ 5]
09-25 10:26:24.484  1420  1485 D shamp   : [TEA] [Domain: LTE_DM] [Token: b4155ea3] [Timestamp: 1758788776798]: |CC0 Mx0 Sc0| PCell SINR Avg: -4.96 RX Count: 2]
09-25 10:26:24.484  1420  1485 D shamp   : [TEA] [Domain: LTE_RRM] [Token: 48fb20ca] [Timestamp: 1758788776844]: Srxlev(21.69dB) S_NonIntraSearchP_Ind(1) S_NonIntraSearchP(14dB) LTERRM_S_NONINTRASEARCH_OFFSET(0dB)
09-25 10:26:24.484  1420  1485 D shamp   : [TEA] [Domain: LTE DM] [Token: 9c07e879] [Timestamp: 1758788777438]: | 1_S |CC0 Mx0 Sc0| PCell SFN [ 21,6561 ], DL EARFCN [ 7, 3050], PCell ID [394], DL Bandwidth [ 5]
09-25 10:26:24.484  1420  1485 D shamp   : [TEA] [Domain: LTE_DM] [Token: b4155ea3] [Timestamp: 1758788777438]: |CC0 Mx0 Sc0| PCell SINR Avg: -4.43 RX Count: 2]
09-25 10:26:24.484  1420  1485 D shamp   : [TEA] [Domain: LTE_RRM] [Token: 48fb20ca] [Timestamp: 1758788777480]: Srxlev(21.69dB) S_NonIntraSearchP_Ind(1) S_NonIntraSearchP(14dB) LTERRM_S_NONINTRASEARCH_OFFSET(0dB)
09-25 10:26:24.484  1420  1485 D shamp   : [TEA] [Domain: LTE DM] [Token: 9c07e879] [Timestamp: 1758788778078]: | 1_S |CC0 Mx0 Sc0| PCell SFN [ 21,7201 ], DL EARFCN [ 7, 3050], PCell ID [394], DL Bandwidth [ 5]
09-25 10:26:24.484  1420  1485 D shamp   : [TEA] [Domain: LTE_DM] [Token: b4155ea3] [Timestamp: 1758788778079]: |CC0 Mx0 Sc0| PCell SINR Avg: -1.86 RX Count: 2]
09-25 10:26:24.484  1420  1485 D shamp   : [TEA] [Domain: LTE DM] [Token: 9c07e879] [Timestamp: 1758788778718]: | 1_S |CC0 Mx0 Sc0| PCell SFN [ 21,7841 ], DL EARFCN [ 7, 3050], PCell ID [394], DL Bandwidth [ 5]
09-25 10:26:24.484  1420  1485 D shamp   : [TEA] [Domain: LTE_DM] [Token: b4155ea3] [Timestamp: 1758788778718]: |CC0 Mx0 Sc0| PCell SINR Avg: -1.96 RX Count: 2]
09-25 10:26:24.484  1420  1485 D shamp   : [TEA] [Domain: LTE_RRM] [Token: 48fb20ca] [Timestamp: 1758788778759]: Srxlev(22.32dB) S_NonIntraSearchP_Ind(1) S_NonIntraSearchP(14dB) LTERRM_S_NONINTRASEARCH_OFFSET(0dB)
09-25 10:26:24.484  1420  1485 D shamp   : [TEA] [Domain: LTE DM] [Token: 9c07e879] [Timestamp: 1758788779358]: | 1_S |CC0 Mx0 Sc0| PCell SFN [ 21,8480 ], DL EARFCN [ 7, 3050], PCell ID [394], DL Bandwidth [ 5]
09-25 10:26:24.484  1420  1485 D shamp   : [TEA] [Domain: LTE_DM] [Token: b4155ea3] [Timestamp: 1758788779358]: |CC0 Mx0 Sc0| PCell SINR Avg: -0.73 RX Count: 2]
09-25 10:26:24.484  1420  1485 D shamp   : [TEA] [Domain: LTE_RRM] [Token: 48fb20ca] [Timestamp: 1758788779360]: Srxlev(22.99dB) S_NonIntraSearchP_Ind(1) S_NonIntraSearchP(14dB) LTERRM_S_NONINTRASEARCH_OFFSET(0dB)
09-25 10:26:24.485  1420  1485 D shamp   : [TEA] [Domain: LTE DM] [Token: 9c07e879] [Timestamp: 1758788779998]: | 1_S |CC0 Mx0 Sc0| PCell SFN [ 21,9121 ], DL EARFCN [ 7, 3050], PCell ID [394], DL Bandwidth [ 5]
09-25 10:26:24.485  1420  1485 D shamp   : [TEA] [Domain: LTE_DM] [Token: b4155ea3] [Timestamp: 1758788779998]: |CC0 Mx0 Sc0| PCell SINR Avg: -1.42 RX Count: 2]
09-25 10:26:24.485  1420  1485 D shamp   : [TEA] [Domain: LTE_RRM] [Token: 48fb20ca] [Timestamp: 1758788780039]: Srxlev(22.99dB) S_NonIntraSearchP_Ind(1) S_NonIntraSearchP(14dB) LTERRM_S_NONINTRASEARCH_OFFSET(0dB)
09-25 10:26:24.485  1420  1485 D shamp   : [TEA] [Domain: LTE DM] [Token: 9c07e879] [Timestamp: 1758788780638]: | 1_S |CC0 Mx0 Sc0| PCell SFN [ 21,9761 ], DL EARFCN [ 7, 3050], PCell ID [394], DL Bandwidth [ 5]
09-25 10:26:24.485  1420  1485 D shamp   : [TEA] [Domain: LTE_DM] [Token: b4155ea3] [Timestamp: 1758788780638]: |CC0 Mx0 Sc0| PCell SINR Avg: -1.08 RX Count: 2]
09-25 10:26:24.485  1420  1485 D shamp   : [TEA] [Domain: LTE_RRM] [Token: 48fb20ca] [Timestamp: 1758788780640]: Srxlev(23.04dB) S_NonIntraSearchP_Ind(1) S_NonIntraSearchP(14dB) LTERRM_S_NONINTRASEARCH_OFFSET(0dB)
09-25 10:26:24.485  1420  1485 D shamp   : [TEA] [Domain: LTE DM] [Token: 9c07e879] [Timestamp: 1758788781278]: | 1_S |CC0 Mx0 Sc0| PCell SFN [ 21,160 ], DL EARFCN [ 7, 3050], PCell ID [394], DL Bandwidth [ 5]
09-25 10:26:24.485  1420  1485 D shamp   : [TEA] [Domain: LTE_DM] [Token: b4155ea3] [Timestamp: 1758788781278]: |CC0 Mx0 Sc0| PCell SINR Avg: -0.63 RX Count: 2]
09-25 10:26:24.485  1420  1485 D shamp   : [TEA] [Domain: LTE_RRM] [Token: 48fb20ca] [Timestamp: 1758788781320]: Srxlev(23.04dB) S_NonIntraSearchP_Ind(1) S_NonIntraSearchP(14dB) LTERRM_S_NONINTRASEARCH_OFFSET(0dB)
09-25 10:26:24.485  1420  1485 D shamp   : [TEA] [Domain: LTE DM] [Token: 9c07e879] [Timestamp: 1758788781918]: | 1_S |CC0 Mx0 Sc0| PCell SFN [ 21,801 ], DL EARFCN [ 7, 3050], PCell ID [394], DL Bandwidth [ 5]
09-25 10:26:24.486  1420  1485 D shamp   : [TEA] [Domain: LTE_DM] [Token: b4155ea3] [Timestamp: 1758788781918]: |CC0 Mx0 Sc0| PCell SINR Avg: -2.00 RX Count: 2]
09-25 10:26:24.486  1420  1485 D shamp   : [TEA] [Domain: LTE_RRM] [Token: 48fb20ca] [Timestamp: 1758788781920]: Srxlev(23.01dB) S_NonIntraSearchP_Ind(1) S_NonIntraSearchP(14dB) LTERRM_S_NONINTRASEARCH_OFFSET(0dB)
09-25 10:26:24.486  1420  1485 D shamp   : [TEA] [Domain: LTE DM] [Token: 9c07e879] [Timestamp: 1758788782558]: | 1_S |CC0 Mx0 Sc0| PCell SFN [ 21,1441 ], DL EARFCN [ 7, 3050], PCell ID [394], DL Bandwidth [ 5]
09-25 10:26:24.486  1420  1485 D shamp   : [TEA] [Domain: LTE_DM] [Token: b4155ea3] [Timestamp: 1758788782558]: |CC0 Mx0 Sc0| PCell SINR Avg: -1.73 RX Count: 2]
09-25 10:26:24.486  1420  1485 D shamp   : [TEA] [Domain: LTE_RRM] [Token: 48fb20ca] [Timestamp: 1758788782579]: Srxlev(23.01dB) S_NonIntraSearchP_Ind(1) S_NonIntraSearchP(14dB) LTERRM_S_NONINTRASEARCH_OFFSET(0dB)
09-25 10:26:24.486  1420  1485 D shamp   : [TEA] [Domain: LTE DM] [Token: 9c07e879] [Timestamp: 1758788783198]: | 1_S |CC0 Mx0 Sc0| PCell SFN [ 21,2081 ], DL EARFCN [ 7, 3050], PCell ID [394], DL Bandwidth [ 5]
09-25 10:26:24.486  1420  1485 D shamp   : [TEA] [Domain: LTE_DM] [Token: b4155ea3] [Timestamp: 1758788783198]: |CC0 Mx0 Sc0| PCell SINR Avg: -3.03 RX Count: 2]
09-25 10:26:24.486  1420  1485 D shamp   : [TEA] [Domain: LTE_RRM] [Token: 48fb20ca] [Timestamp: 1758788783244]: Srxlev(22.56dB) S_NonIntraSearchP_Ind(1) S_NonIntraSearchP(14dB) LTERRM_S_NONINTRASEARCH_OFFSET(0dB)
09-25 10:26:24.486  1420  1485 D shamp   : [TEA] [Domain: LTE DM] [Token: 9c07e879] [Timestamp: 1758788783838]: | 1_S |CC0 Mx0 Sc0| PCell SFN [ 21,2720 ], DL EARFCN [ 7, 3050], PCell ID [394], DL Bandwidth [ 5]
09-25 10:26:24.487  1420  1485 D shamp   : [TEA] [Domain: LTE_DM] [Token: b4155ea3] [Timestamp: 1758788783838]: |CC0 Mx0 Sc0| PCell SINR Avg: -2.45 RX Count: 2]
09-25 10:26:24.487  1420  1485 D shamp   : [TEA] [Domain: LTE_RRM] [Token: 48fb20ca] [Timestamp: 1758788783880]: Srxlev(22.56dB) S_NonIntraSearchP_Ind(1) S_NonIntraSearchP(14dB) LTERRM_S_NONINTRASEARCH_OFFSET(0dB)
09-25 10:26:24.487  1420  1485 D shamp   : [TEA] [Domain: LTE DM] [Token: 9c07e879] [Timestamp: 1758788784478]: | 1_S |CC0 Mx0 Sc0| PCell SFN [ 21,3361 ], DL EARFCN [ 7, 3050], PCell ID [394], DL Bandwidth [ 5]
09-25 10:26:24.487  1420  1485 D shamp   : [TEA] [Domain: LTE_DM] [Token: b4155ea3] [Timestamp: 1758788784478]: |CC0 Mx0 Sc0| PCell SINR Avg: -2.63 RX Count: 2]
09-25 10:26:24.551 15185 15194 I NullBinder: NullBinder for com.google.android.gms.lockbox.service.START triggering remote TransactionTooLargeException due to Service without Chimera impl, calling uid: 10151, calling pid: 14831
09-25 10:26:24.551 15185 15194 W .gms.persistent: Large reply transaction of 1056768 bytes, interface descriptor , code 46
09-25 10:26:24.551 14831 14890 E libbinder.IPCThreadState: Binder transaction failure. id: 33689019, BR_*: 29201, error: -28 (No space left on device)
09-25 10:26:24.551 14831 14890 D ActivityThread: Too many transaction errors, throttling freezer binder callback.
09-25 10:26:24.551 14831 14890 E JavaBinder: !!! FAILED BINDER TRANSACTION !!!  (parcel size = 408)
09-25 10:26:24.555 14831 14890 W GmsClient: IGmsServiceBroker.getService failed
09-25 10:26:24.555 14831 14890 W GmsClient: android.os.DeadObjectException: Transaction failed on small parcel; remote process probably died, but this could also be caused by running out of binder buffer space
09-25 10:26:24.555 14831 14890 W GmsClient: 	at android.os.BinderProxy.transactNative(Native Method)
09-25 10:26:24.555 14831 14890 W GmsClient: 	at android.os.BinderProxy.transact(BinderProxy.java:592)
09-25 10:26:24.555 14831 14890 W GmsClient: 	at barl.a(:com.google.android.gms@253562035@25.35.62 (260400-804666989):33)
09-25 10:26:24.555 14831 14890 W GmsClient: 	at baps.z(:com.google.android.gms@253562035@25.35.62 (260400-804666989):160)
09-25 10:26:24.555 14831 14890 W GmsClient: 	at azwp.run(:com.google.android.gms@253562035@25.35.62 (260400-804666989):42)
09-25 10:26:24.555 14831 14890 W GmsClient: 	at android.os.Handler.handleCallback(Handler.java:1041)
09-25 10:26:24.555 14831 14890 W GmsClient: 	at android.os.Handler.dispatchMessage(Handler.java:103)
09-25 10:26:24.555 14831 14890 W GmsClient: 	at cljj.mF(:com.google.android.gms@253562035@25.35.62 (260400-804666989):1)
09-25 10:26:24.555 14831 14890 W GmsClient: 	at cljj.dispatchMessage(:com.google.android.gms@253562035@25.35.62 (260400-804666989):144)
09-25 10:26:24.555 14831 14890 W GmsClient: 	at android.os.Looper.dispatchMessage(Looper.java:315)
09-25 10:26:24.555 14831 14890 W GmsClient: 	at android.os.Looper.loopOnce(Looper.java:251)
09-25 10:26:24.555 14831 14890 W GmsClient: 	at android.os.Looper.loop(Looper.java:349)
09-25 10:26:24.555 14831 14890 W GmsClient: 	at android.os.HandlerThread.run(HandlerThread.java:100)
09-25 10:26:25.143 15185 15194 I NullBinder: NullBinder for com.google.android.gms.lockbox.service.START triggering remote TransactionTooLargeException due to Service without Chimera impl, calling uid: 10151, calling pid: 14831
09-25 10:26:25.144 15185 15194 W .gms.persistent: Large reply transaction of 1056768 bytes, interface descriptor , code 46
09-25 10:26:25.144 14831 14890 E libbinder.IPCThreadState: Binder transaction failure. id: 33689045, BR_*: 29201, error: -28 (No space left on device)
09-25 10:26:25.144 14831 14890 D ActivityThread: Too many transaction errors, throttling freezer binder callback.
09-25 10:26:25.144 14831 14890 E JavaBinder: !!! FAILED BINDER TRANSACTION !!!  (parcel size = 408)
09-25 10:26:25.145 14831 14890 W GmsClient: IGmsServiceBroker.getService failed
09-25 10:26:25.145 14831 14890 W GmsClient: android.os.DeadObjectException: Transaction failed on small parcel; remote process probably died, but this could also be caused by running out of binder buffer space
09-25 10:26:25.145 14831 14890 W GmsClient: 	at android.os.BinderProxy.transactNative(Native Method)
09-25 10:26:25.145 14831 14890 W GmsClient: 	at android.os.BinderProxy.transact(BinderProxy.java:592)
09-25 10:26:25.145 14831 14890 W GmsClient: 	at barl.a(:com.google.android.gms@253562035@25.35.62 (260400-804666989):33)
09-25 10:26:25.145 14831 14890 W GmsClient: 	at baps.z(:com.google.android.gms@253562035@25.35.62 (260400-804666989):160)
09-25 10:26:25.145 14831 14890 W GmsClient: 	at azwp.run(:com.google.android.gms@253562035@25.35.62 (260400-804666989):42)
09-25 10:26:25.145 14831 14890 W GmsClient: 	at android.os.Handler.handleCallback(Handler.java:1041)
09-25 10:26:25.145 14831 14890 W GmsClient: 	at android.os.Handler.dispatchMessage(Handler.java:103)
09-25 10:26:25.145 14831 14890 W GmsClient: 	at cljj.mF(:com.google.android.gms@253562035@25.35.62 (260400-804666989):1)
09-25 10:26:25.145 14831 14890 W GmsClient: 	at cljj.dispatchMessage(:com.google.android.gms@253562035@25.35.62 (260400-804666989):144)
09-25 10:26:25.145 14831 14890 W GmsClient: 	at android.os.Looper.dispatchMessage(Looper.java:315)
09-25 10:26:25.145 14831 14890 W GmsClient: 	at android.os.Looper.loopOnce(Looper.java:251)
09-25 10:26:25.145 14831 14890 W GmsClient: 	at android.os.Looper.loop(Looper.java:349)
09-25 10:26:25.145 14831 14890 W GmsClient: 	at android.os.HandlerThread.run(HandlerThread.java:100)
09-25 10:26:26.183  1410  1495 I WifiHAL : Creating message to get link statistics; iface = 47
09-25 10:26:26.264  1857  2755 D InetDiagMessage: Destroyed 0 sockets, proto=IPPROTO_TCP, family=AF_INET, states=14
09-25 10:26:26.267  1857  2755 D InetDiagMessage: Destroyed 0 sockets, proto=IPPROTO_TCP, family=AF_INET6, states=14
09-25 10:26:26.267  1857  2755 D InetDiagMessage: Destroyed live tcp sockets for uids={10121} in 9ms
09-25 10:26:26.271  1857  2755 D InetDiagMessage: Destroyed 0 sockets, proto=IPPROTO_TCP, family=AF_INET, states=14
09-25 10:26:26.273  1857  2755 D InetDiagMessage: Destroyed 0 sockets, proto=IPPROTO_TCP, family=AF_INET6, states=14
09-25 10:26:26.274  1857  2755 D InetDiagMessage: Destroyed live tcp sockets for uids={20121} in 6ms
09-25 10:26:26.283  1410  1495 I WifiHAL : index: 0 per_rate_size 32, data_rem_len 896
09-25 10:26:26.283  1410  1495 I WifiHAL : index: 1 per_rate_size 32, data_rem_len 864
09-25 10:26:26.283  1410  1495 I WifiHAL : index: 2 per_rate_size 32, data_rem_len 832
09-25 10:26:26.283  1410  1495 I WifiHAL : index: 3 per_rate_size 32, data_rem_len 800
09-25 10:26:26.283  1410  1495 I WifiHAL : index: 4 per_rate_size 32, data_rem_len 768
09-25 10:26:26.283  1410  1495 I WifiHAL : index: 5 per_rate_size 32, data_rem_len 736
09-25 10:26:26.283  1410  1495 I WifiHAL : index: 6 per_rate_size 32, data_rem_len 704
09-25 10:26:26.283  1410  1495 I WifiHAL : index: 7 per_rate_size 32, data_rem_len 672
09-25 10:26:26.283  1410  1495 I WifiHAL : index: 8 per_rate_size 32, data_rem_len 640
09-25 10:26:26.283  1410  1495 I WifiHAL : index: 9 per_rate_size 32, data_rem_len 608
09-25 10:26:26.283  1410  1495 I WifiHAL : index: 10 per_rate_size 32, data_rem_len 576
09-25 10:26:26.283  1410  1495 I WifiHAL : index: 11 per_rate_size 32, data_rem_len 544
09-25 10:26:26.283  1410  1495 I WifiHAL : index: 12 per_rate_size 32, data_rem_len 512
09-25 10:26:26.283  1410  1495 I WifiHAL : index: 13 per_rate_size 32, data_rem_len 480
09-25 10:26:26.283  1410  1495 I WifiHAL : index: 14 per_rate_size 32, data_rem_len 448
09-25 10:26:26.283  1410  1495 I WifiHAL : index: 15 per_rate_size 32, data_rem_len 416
09-25 10:26:26.283  1410  1495 I WifiHAL : index: 16 per_rate_size 32, data_rem_len 384
09-25 10:26:26.283  1410  1495 I WifiHAL : index: 17 per_rate_size 32, data_rem_len 352
09-25 10:26:26.283  1410  1495 I WifiHAL : index: 18 per_rate_size 32, data_rem_len 320
09-25 10:26:26.283  1410  1495 I WifiHAL : index: 19 per_rate_size 32, data_rem_len 288
09-25 10:26:26.283  1410  1495 I WifiHAL : index: 20 per_rate_size 32, data_rem_len 256
09-25 10:26:26.283  1410  1495 I WifiHAL : index: 21 per_rate_size 32, data_rem_len 224
09-25 10:26:26.283  1410  1495 I WifiHAL : index: 22 per_rate_size 32, data_rem_len 192
09-25 10:26:26.283  1410  1495 I WifiHAL : index: 23 per_rate_size 32, data_rem_len 160
09-25 10:26:26.283  1410  1495 I WifiHAL : index: 24 per_rate_size 32, data_rem_len 128
09-25 10:26:26.283  1410  1495 I WifiHAL : index: 25 per_rate_size 32, data_rem_len 96
09-25 10:26:26.283  1410  1495 I WifiHAL : index: 26 per_rate_size 32, data_rem_len 64
09-25 10:26:26.283  1410  1495 I WifiHAL : index: 27 per_rate_size 32, data_rem_len 32
09-25 10:26:26.284  1410  1495 E libbinder.IPCThreadState: binder thread pool (1 threads) starved for 101 ms
09-25 10:26:26.285  1410  1495 I WifiHAL : Getting cached scan results, iface handle = 0xb4000078a680b3d0
09-25 10:26:26.285  1410  1495 E WifiHAL : Creating message to get cached scan results
09-25 10:26:26.298  1410  1495 I WifiHAL : In GetCachedScanResultsCommand::handleResponse
09-25 10:26:26.362  1857  2755 D ConnectivityService: NetReassign [no changes] [c 1] [a 1] [i 5]
09-25 10:26:26.870 15185 15194 I NullBinder: NullBinder for com.google.android.gms.lockbox.service.START triggering remote TransactionTooLargeException due to Service without Chimera impl, calling uid: 10151, calling pid: 14831
09-25 10:26:26.870 15185 15194 W .gms.persistent: Large reply transaction of 1056768 bytes, interface descriptor , code 46
09-25 10:26:26.871 14831 14890 E libbinder.IPCThreadState: Binder transaction failure. id: 33689134, BR_*: 29201, error: -28 (No space left on device)
09-25 10:26:26.871 14831 14890 D ActivityThread: Too many transaction errors, throttling freezer binder callback.
09-25 10:26:26.871 14831 14890 E JavaBinder: !!! FAILED BINDER TRANSACTION !!!  (parcel size = 408)
09-25 10:26:26.873 14831 14890 W GmsClient: IGmsServiceBroker.getService failed
09-25 10:26:26.873 14831 14890 W GmsClient: android.os.DeadObjectException: Transaction failed on small parcel; remote process probably died, but this could also be caused by running out of binder buffer space
09-25 10:26:26.873 14831 14890 W GmsClient: 	at android.os.BinderProxy.transactNative(Native Method)
09-25 10:26:26.873 14831 14890 W GmsClient: 	at android.os.BinderProxy.transact(BinderProxy.java:592)
09-25 10:26:26.873 14831 14890 W GmsClient: 	at barl.a(:com.google.android.gms@253562035@25.35.62 (260400-804666989):33)
09-25 10:26:26.873 14831 14890 W GmsClient: 	at baps.z(:com.google.android.gms@253562035@25.35.62 (260400-804666989):160)
09-25 10:26:26.873 14831 14890 W GmsClient: 	at azwp.run(:com.google.android.gms@253562035@25.35.62 (260400-804666989):42)
09-25 10:26:26.873 14831 14890 W GmsClient: 	at android.os.Handler.handleCallback(Handler.java:1041)
09-25 10:26:26.873 14831 14890 W GmsClient: 	at android.os.Handler.dispatchMessage(Handler.java:103)
09-25 10:26:26.873 14831 14890 W GmsClient: 	at cljj.mF(:com.google.android.gms@253562035@25.35.62 (260400-804666989):1)
09-25 10:26:26.873 14831 14890 W GmsClient: 	at cljj.dispatchMessage(:com.google.android.gms@253562035@25.35.62 (260400-804666989):144)
09-25 10:26:26.873 14831 14890 W GmsClient: 	at android.os.Looper.dispatchMessage(Looper.java:315)
09-25 10:26:26.873 14831 14890 W GmsClient: 	at android.os.Looper.loopOnce(Looper.java:251)
09-25 10:26:26.873 14831 14890 W GmsClient: 	at android.os.Looper.loop(Looper.java:349)
09-25 10:26:26.873 14831 14890 W GmsClient: 	at android.os.HandlerThread.run(HandlerThread.java:100)
09-25 10:26:29.358  1410  1495 I WifiHAL : Creating message to get link statistics; iface = 47
09-25 10:26:29.455  1410  1495 I WifiHAL : index: 0 per_rate_size 32, data_rem_len 896
09-25 10:26:29.455  1410  1495 I WifiHAL : index: 1 per_rate_size 32, data_rem_len 864
09-25 10:26:29.455  1410  1495 I WifiHAL : index: 2 per_rate_size 32, data_rem_len 832
09-25 10:26:29.455  1410  1495 I WifiHAL : index: 3 per_rate_size 32, data_rem_len 800
09-25 10:26:29.455  1410  1495 I WifiHAL : index: 4 per_rate_size 32, data_rem_len 768
09-25 10:26:29.455  1410  1495 I WifiHAL : index: 5 per_rate_size 32, data_rem_len 736
09-25 10:26:29.455  1410  1495 I WifiHAL : index: 6 per_rate_size 32, data_rem_len 704
09-25 10:26:29.455  1410  1495 I WifiHAL : index: 7 per_rate_size 32, data_rem_len 672
09-25 10:26:29.455  1410  1495 I WifiHAL : index: 8 per_rate_size 32, data_rem_len 640
09-25 10:26:29.455  1410  1495 I WifiHAL : index: 9 per_rate_size 32, data_rem_len 608
09-25 10:26:29.455  1410  1495 I WifiHAL : index: 10 per_rate_size 32, data_rem_len 576
09-25 10:26:29.455  1410  1495 I WifiHAL : index: 11 per_rate_size 32, data_rem_len 544
09-25 10:26:29.455  1410  1495 I WifiHAL : index: 12 per_rate_size 32, data_rem_len 512
09-25 10:26:29.455  1410  1495 I WifiHAL : index: 13 per_rate_size 32, data_rem_len 480
09-25 10:26:29.455  1410  1495 I WifiHAL : index: 14 per_rate_size 32, data_rem_len 448
09-25 10:26:29.455  1410  1495 I WifiHAL : index: 15 per_rate_size 32, data_rem_len 416
09-25 10:26:29.455  1410  1495 I WifiHAL : index: 16 per_rate_size 32, data_rem_len 384
09-25 10:26:29.455  1410  1495 I WifiHAL : index: 17 per_rate_size 32, data_rem_len 352
09-25 10:26:29.455  1410  1495 I WifiHAL : index: 18 per_rate_size 32, data_rem_len 320
09-25 10:26:29.455  1410  1495 I WifiHAL : index: 19 per_rate_size 32, data_rem_len 288
09-25 10:26:29.455  1410  1495 I WifiHAL : index: 20 per_rate_size 32, data_rem_len 256
09-25 10:26:29.455  1410  1495 I WifiHAL : index: 21 per_rate_size 32, data_rem_len 224
09-25 10:26:29.455  1410  1495 I WifiHAL : index: 22 per_rate_size 32, data_rem_len 192
09-25 10:26:29.455  1410  1495 I WifiHAL : index: 23 per_rate_size 32, data_rem_len 160
09-25 10:26:29.455  1410  1495 I WifiHAL : index: 24 per_rate_size 32, data_rem_len 128
09-25 10:26:29.455  1410  1495 I WifiHAL : index: 25 per_rate_size 32, data_rem_len 96
09-25 10:26:29.455  1410  1495 I WifiHAL : index: 26 per_rate_size 32, data_rem_len 64
